Component: Arm Compiler for Embedded 6.21 Tool: armlink [5ec1fa00]

==============================================================================

Section Cross References

    gpio.o(.text) refers to stm32h7xx_hal_gpio.o(.text) for HAL_GPIO_WritePin
    gpio.o(.ARM.exidx) refers to gpio.o(.text) for [Anonymous Symbol]
    main.o(.text) refers to stm32h7xx_hal.o(.text) for HAL_Init
    main.o(.text) refers to gpio.o(.text) for MX_GPIO_Init
    main.o(.text) refers to spi.o(.text) for MX_SPI1_Init
    main.o(.text) refers to tim.o(.text) for MX_TIM2_Init
    main.o(.text) refers to memseta.o(.text) for __aeabi_memclr
    main.o(.text) refers to oled.o(.text) for OLED_Init
    main.o(.text) refers to main.o(.rodata.str1.1) for .L.str
    main.o(.text) refers to tim.o(.bss.htim2) for htim2
    main.o(.text) refers to stm32h7xx_hal_tim.o(.text) for HAL_TIM_Encoder_Start
    main.o(.text) refers to stm32h7xx_hal_cortex.o(.text) for HAL_MPU_Disable
    main.o(.text) refers to stm32h7xx_hal_pwr_ex.o(.text) for HAL_PWREx_ConfigSupply
    main.o(.text) refers to stm32h7xx_hal_rcc.o(.text) for HAL_RCC_OscConfig
    main.o(.ARM.exidx) refers to main.o(.text) for [Anonymous Symbol]
    spi.o(.text) refers to spi.o(.bss.hspi1) for hspi1
    spi.o(.text) refers to stm32h7xx_hal_spi.o(.text) for HAL_SPI_Init
    spi.o(.text) refers to main.o(.text) for Error_Handler
    spi.o(.text) refers to memseta.o(.text) for __aeabi_memclr8
    spi.o(.text) refers to stm32h7xx_hal_rcc_ex.o(.text) for HAL_RCCEx_PeriphCLKConfig
    spi.o(.text) refers to stm32h7xx_hal_gpio.o(.text) for HAL_GPIO_Init
    spi.o(.ARM.exidx) refers to spi.o(.text) for [Anonymous Symbol]
    stm32h7xx_hal_msp.o(.ARM.exidx) refers to stm32h7xx_hal_msp.o(.text) for [Anonymous Symbol]
    stm32h7xx_it.o(.text) refers to stm32h7xx_hal.o(.text) for HAL_IncTick
    stm32h7xx_it.o(.ARM.exidx) refers to stm32h7xx_it.o(.text) for [Anonymous Symbol]
    system_stm32h7xx.o(.text) refers to system_stm32h7xx.o(.rodata.D1CorePrescTable) for D1CorePrescTable
    system_stm32h7xx.o(.text) refers to system_stm32h7xx.o(.data.SystemD2Clock) for SystemD2Clock
    system_stm32h7xx.o(.text) refers to system_stm32h7xx.o(.data.SystemCoreClock) for SystemCoreClock
    system_stm32h7xx.o(.ARM.exidx) refers to system_stm32h7xx.o(.text) for [Anonymous Symbol]
    tim.o(.text) refers to memseta.o(.text) for __aeabi_memclr4
    tim.o(.text) refers to tim.o(.bss.htim2) for htim2
    tim.o(.text) refers to stm32h7xx_hal_tim.o(.text) for HAL_TIM_Encoder_Init
    tim.o(.text) refers to main.o(.text) for Error_Handler
    tim.o(.text) refers to stm32h7xx_hal_tim_ex.o(.text) for HAL_TIMEx_MasterConfigSynchronization
    tim.o(.text) refers to stm32h7xx_hal_gpio.o(.text) for HAL_GPIO_Init
    tim.o(.ARM.exidx) refers to tim.o(.text) for [Anonymous Symbol]
    oled.o(.text) refers to stm32h7xx_hal_gpio.o(.text) for HAL_GPIO_WritePin
    oled.o(.text) refers to spi.o(.bss.hspi1) for hspi1
    oled.o(.text) refers to stm32h7xx_hal_spi.o(.text) for HAL_SPI_Transmit
    oled.o(.text) refers to oled.o(.bss.fontaddr) for fontaddr
    oled.o(.ARM.exidx) refers to oled.o(.text) for [Anonymous Symbol]
    stm32h7xx_hal.o(.text) refers to stm32h7xx_hal_cortex.o(.text) for HAL_NVIC_SetPriorityGrouping
    stm32h7xx_hal.o(.text) refers to stm32h7xx_hal_rcc.o(.text) for HAL_RCC_GetSysClockFreq
    stm32h7xx_hal.o(.text) refers to system_stm32h7xx.o(.rodata.D1CorePrescTable) for D1CorePrescTable
    stm32h7xx_hal.o(.text) refers to system_stm32h7xx.o(.data.SystemD2Clock) for SystemD2Clock
    stm32h7xx_hal.o(.text) refers to system_stm32h7xx.o(.data.SystemCoreClock) for SystemCoreClock
    stm32h7xx_hal.o(.text) refers to stm32h7xx_hal_msp.o(.text) for HAL_MspInit
    stm32h7xx_hal.o(.text) refers to stm32h7xx_hal.o(.data.uwTickFreq) for uwTickFreq
    stm32h7xx_hal.o(.text) refers to stm32h7xx_hal.o(.data.uwTickPrio) for uwTickPrio
    stm32h7xx_hal.o(.text) refers to stm32h7xx_hal.o(.bss.uwTick) for uwTick
    stm32h7xx_hal.o(.ARM.exidx) refers to stm32h7xx_hal.o(.text) for [Anonymous Symbol]
    stm32h7xx_hal_cortex.o(.ARM.exidx) refers to stm32h7xx_hal_cortex.o(.text) for [Anonymous Symbol]
    stm32h7xx_hal_dma.o(.text) refers to stm32h7xx_hal.o(.text) for HAL_GetTick
    stm32h7xx_hal_dma.o(.text) refers to stm32h7xx_hal_dma.o(.rodata.DMA_CalcBaseAndBitshift.flagBitshiftOffset) for DMA_CalcBaseAndBitshift.flagBitshiftOffset
    stm32h7xx_hal_dma.o(.text) refers to system_stm32h7xx.o(.data.SystemCoreClock) for SystemCoreClock
    stm32h7xx_hal_dma.o(.ARM.exidx) refers to stm32h7xx_hal_dma.o(.text) for [Anonymous Symbol]
    stm32h7xx_hal_dma_ex.o(.ARM.exidx) refers to stm32h7xx_hal_dma_ex.o(.text) for [Anonymous Symbol]
    stm32h7xx_hal_exti.o(.ARM.exidx) refers to stm32h7xx_hal_exti.o(.text) for [Anonymous Symbol]
    stm32h7xx_hal_flash.o(.text) refers to stm32h7xx_hal_flash.o(.bss.pFlash) for pFlash
    stm32h7xx_hal_flash.o(.text) refers to stm32h7xx_hal.o(.text) for HAL_GetTick
    stm32h7xx_hal_flash.o(.text) refers to stm32h7xx_hal_flash_ex.o(.text) for FLASH_Erase_Sector
    stm32h7xx_hal_flash.o(.ARM.exidx) refers to stm32h7xx_hal_flash.o(.text) for [Anonymous Symbol]
    stm32h7xx_hal_flash_ex.o(.text) refers to stm32h7xx_hal_flash.o(.bss.pFlash) for pFlash
    stm32h7xx_hal_flash_ex.o(.text) refers to stm32h7xx_hal_flash.o(.text) for FLASH_WaitForLastOperation
    stm32h7xx_hal_flash_ex.o(.ARM.exidx) refers to stm32h7xx_hal_flash_ex.o(.text) for [Anonymous Symbol]
    stm32h7xx_hal_gpio.o(.ARM.exidx) refers to stm32h7xx_hal_gpio.o(.text) for [Anonymous Symbol]
    stm32h7xx_hal_hsem.o(.ARM.exidx) refers to stm32h7xx_hal_hsem.o(.text) for [Anonymous Symbol]
    stm32h7xx_hal_i2c.o(.text) refers to stm32h7xx_hal.o(.text) for HAL_GetTick
    stm32h7xx_hal_i2c.o(.text) refers to stm32h7xx_hal_dma.o(.text) for HAL_DMA_Start_IT
    stm32h7xx_hal_i2c.o(.ARM.exidx) refers to stm32h7xx_hal_i2c.o(.text) for [Anonymous Symbol]
    stm32h7xx_hal_i2c_ex.o(.ARM.exidx) refers to stm32h7xx_hal_i2c_ex.o(.text) for [Anonymous Symbol]
    stm32h7xx_hal_mdma.o(.text) refers to stm32h7xx_hal.o(.text) for HAL_GetTick
    stm32h7xx_hal_mdma.o(.text) refers to system_stm32h7xx.o(.data.SystemCoreClock) for SystemCoreClock
    stm32h7xx_hal_mdma.o(.ARM.exidx) refers to stm32h7xx_hal_mdma.o(.text) for [Anonymous Symbol]
    stm32h7xx_hal_pwr.o(.ARM.exidx) refers to stm32h7xx_hal_pwr.o(.text) for [Anonymous Symbol]
    stm32h7xx_hal_pwr_ex.o(.text) refers to stm32h7xx_hal.o(.text) for HAL_GetTick
    stm32h7xx_hal_pwr_ex.o(.text) refers to stm32h7xx_hal_pwr.o(.text) for HAL_PWR_PVDCallback
    stm32h7xx_hal_pwr_ex.o(.ARM.exidx) refers to stm32h7xx_hal_pwr_ex.o(.text) for [Anonymous Symbol]
    stm32h7xx_hal_rcc.o(.text) refers to stm32h7xx_hal.o(.text) for HAL_GetTick
    stm32h7xx_hal_rcc.o(.text) refers to system_stm32h7xx.o(.data.SystemCoreClock) for SystemCoreClock
    stm32h7xx_hal_rcc.o(.text) refers to system_stm32h7xx.o(.data.SystemD2Clock) for SystemD2Clock
    stm32h7xx_hal_rcc.o(.text) refers to stm32h7xx_hal.o(.data.uwTickPrio) for uwTickPrio
    stm32h7xx_hal_rcc.o(.text) refers to system_stm32h7xx.o(.rodata.D1CorePrescTable) for D1CorePrescTable
    stm32h7xx_hal_rcc.o(.text) refers to stm32h7xx_hal_gpio.o(.text) for HAL_GPIO_Init
    stm32h7xx_hal_rcc.o(.ARM.exidx) refers to stm32h7xx_hal_rcc.o(.text) for [Anonymous Symbol]
    stm32h7xx_hal_rcc_ex.o(.text) refers to stm32h7xx_hal.o(.text) for HAL_GetTick
    stm32h7xx_hal_rcc_ex.o(.text) refers to stm32h7xx_hal_rcc.o(.text) for HAL_RCC_GetPCLK1Freq
    stm32h7xx_hal_rcc_ex.o(.text) refers to system_stm32h7xx.o(.rodata.D1CorePrescTable) for D1CorePrescTable
    stm32h7xx_hal_rcc_ex.o(.text) refers to system_stm32h7xx.o(.data.SystemD2Clock) for SystemD2Clock
    stm32h7xx_hal_rcc_ex.o(.text) refers to system_stm32h7xx.o(.data.SystemCoreClock) for SystemCoreClock
    stm32h7xx_hal_rcc_ex.o(.ARM.exidx) refers to stm32h7xx_hal_rcc_ex.o(.text) for [Anonymous Symbol]
    stm32h7xx_hal_spi.o(.text) refers to spi.o(.text) for HAL_SPI_MspInit
    stm32h7xx_hal_spi.o(.text) refers to stm32h7xx_hal.o(.text) for HAL_GetTick
    stm32h7xx_hal_spi.o(.text) refers to stm32h7xx_hal_dma.o(.text) for HAL_DMA_Start_IT
    stm32h7xx_hal_spi.o(.text) refers to system_stm32h7xx.o(.data.SystemCoreClock) for SystemCoreClock
    stm32h7xx_hal_spi.o(.ARM.exidx) refers to stm32h7xx_hal_spi.o(.text) for [Anonymous Symbol]
    stm32h7xx_hal_spi_ex.o(.ARM.exidx) refers to stm32h7xx_hal_spi_ex.o(.text) for [Anonymous Symbol]
    stm32h7xx_hal_tim.o(.text) refers to stm32h7xx_hal_dma.o(.text) for HAL_DMA_Start_IT
    stm32h7xx_hal_tim.o(.text) refers to tim.o(.text) for HAL_TIM_Encoder_MspInit
    stm32h7xx_hal_tim.o(.text) refers to stm32h7xx_hal_tim_ex.o(.text) for HAL_TIMEx_BreakCallback
    stm32h7xx_hal_tim.o(.ARM.exidx) refers to stm32h7xx_hal_tim.o(.text) for [Anonymous Symbol]
    stm32h7xx_hal_tim_ex.o(.text) refers to stm32h7xx_hal_tim.o(.text) for TIM_Base_SetConfig
    stm32h7xx_hal_tim_ex.o(.text) refers to stm32h7xx_hal_dma.o(.text) for HAL_DMA_Start_IT
    stm32h7xx_hal_tim_ex.o(.ARM.exidx) refers to stm32h7xx_hal_tim_ex.o(.text) for [Anonymous Symbol]
    startup_stm32h750xx.o(RESET) refers to startup_stm32h750xx.o(STACK) for __initial_sp
    startup_stm32h750xx.o(RESET) refers to startup_stm32h750xx.o(.text) for Reset_Handler
    startup_stm32h750xx.o(RESET) refers to stm32h7xx_it.o(.text) for NMI_Handler
    startup_stm32h750xx.o(.text) refers to system_stm32h7xx.o(.text) for SystemInit
    startup_stm32h750xx.o(.text) refers to entry.o(.ARM.Collect$$$$00000000) for __main
    entry.o(.ARM.Collect$$$$00000000) refers (Special) to entry10a.o(.ARM.Collect$$$$0000000D) for __rt_final_cpp
    entry.o(.ARM.Collect$$$$00000000) refers (Special) to entry11a.o(.ARM.Collect$$$$0000000F) for __rt_final_exit
    entry.o(.ARM.Collect$$$$00000000) refers (Special) to entry7b.o(.ARM.Collect$$$$00000008) for _main_clock
    entry.o(.ARM.Collect$$$$00000000) refers (Special) to entry8b.o(.ARM.Collect$$$$0000000A) for _main_cpp_init
    entry.o(.ARM.Collect$$$$00000000) refers (Special) to entry9a.o(.ARM.Collect$$$$0000000B) for _main_init
    entry.o(.ARM.Collect$$$$00000000) refers (Special) to entry5.o(.ARM.Collect$$$$00000004) for _main_scatterload
    entry.o(.ARM.Collect$$$$00000000) refers (Special) to entry2.o(.ARM.Collect$$$$00000001) for _main_stk
    entry2.o(.ARM.Collect$$$$00000001) refers to entry2.o(.ARM.Collect$$$$00002712) for __lit__00000000
    entry2.o(.ARM.Collect$$$$00002712) refers to startup_stm32h750xx.o(STACK) for __initial_sp
    entry2.o(__vectab_stack_and_reset_area) refers to startup_stm32h750xx.o(STACK) for __initial_sp
    entry2.o(__vectab_stack_and_reset_area) refers to entry.o(.ARM.Collect$$$$00000000) for __main
    entry5.o(.ARM.Collect$$$$00000004) refers to init.o(.text) for __scatterload
    entry9a.o(.ARM.Collect$$$$0000000B) refers to main.o(.text) for main
    entry9b.o(.ARM.Collect$$$$0000000C) refers to main.o(.text) for main
    init.o(.text) refers to entry5.o(.ARM.Collect$$$$00000004) for __main_after_scatterload


==============================================================================

Removing Unused input sections from the image.

    Removing gpio.o(.ARM.exidx), (8 bytes).
    Removing main.o(.ARM.exidx), (32 bytes).
    Removing main.o(.bss.R_buff), (512 bytes).
    Removing main.o(.ARM.use_no_argv), (4 bytes).
    Removing memorymap.o(.text), (0 bytes).
    Removing spi.o(.ARM.exidx), (24 bytes).
    Removing stm32h7xx_hal_msp.o(.ARM.exidx), (8 bytes).
    Removing stm32h7xx_it.o(.ARM.exidx), (72 bytes).
    Removing system_stm32h7xx.o(.ARM.exidx), (16 bytes).
    Removing tim.o(.ARM.exidx), (24 bytes).
    Removing oled.o(.ARM.exidx), (120 bytes).
    Removing stm32h7xx_hal.o(.ARM.exidx), (384 bytes).
    Removing stm32h7xx_hal_cortex.o(.ARM.exidx), (280 bytes).
    Removing stm32h7xx_hal_dma.o(.ARM.exidx), (136 bytes).
    Removing stm32h7xx_hal_dma_ex.o(.text), (6212 bytes).
    Removing stm32h7xx_hal_dma_ex.o(.ARM.exidx), (72 bytes).
    Removing stm32h7xx_hal_exti.o(.text), (1772 bytes).
    Removing stm32h7xx_hal_exti.o(.ARM.exidx), (72 bytes).
    Removing stm32h7xx_hal_flash.o(.text), (1916 bytes).
    Removing stm32h7xx_hal_flash.o(.ARM.exidx), (112 bytes).
    Removing stm32h7xx_hal_flash.o(.bss.pFlash), (28 bytes).
    Removing stm32h7xx_hal_flash_ex.o(.text), (2774 bytes).
    Removing stm32h7xx_hal_flash_ex.o(.ARM.exidx), (208 bytes).
    Removing stm32h7xx_hal_gpio.o(.ARM.exidx), (64 bytes).
    Removing stm32h7xx_hal_hsem.o(.text), (376 bytes).
    Removing stm32h7xx_hal_hsem.o(.ARM.exidx), (88 bytes).
    Removing stm32h7xx_hal_i2c.o(.text), (24916 bytes).
    Removing stm32h7xx_hal_i2c.o(.ARM.exidx), (648 bytes).
    Removing stm32h7xx_hal_i2c_ex.o(.text), (630 bytes).
    Removing stm32h7xx_hal_i2c_ex.o(.ARM.exidx), (48 bytes).
    Removing stm32h7xx_hal_mdma.o(.text), (4868 bytes).
    Removing stm32h7xx_hal_mdma.o(.ARM.exidx), (168 bytes).
    Removing stm32h7xx_hal_pwr.o(.ARM.exidx), (136 bytes).
    Removing stm32h7xx_hal_pwr_ex.o(.ARM.exidx), (320 bytes).
    Removing stm32h7xx_hal_rcc.o(.ARM.exidx), (112 bytes).
    Removing stm32h7xx_hal_rcc_ex.o(.ARM.exidx), (224 bytes).
    Removing stm32h7xx_hal_spi.o(.ARM.exidx), (400 bytes).
    Removing stm32h7xx_hal_spi_ex.o(.text), (614 bytes).
    Removing stm32h7xx_hal_spi_ex.o(.ARM.exidx), (24 bytes).
    Removing stm32h7xx_hal_tim.o(.ARM.exidx), (968 bytes).
    Removing stm32h7xx_hal_tim_ex.o(.ARM.exidx), (368 bytes).
    Removing startup_stm32h750xx.o(HEAP), (512 bytes).

42 unused section(s) (total 50270 bytes) removed from the image.

==============================================================================

Image Symbol Table

    Local Symbols

    Symbol Name                              Value     Ov Type        Size  Object(Section)

    ../clib/microlib/init/entry.s            0x00000000   Number         0  entry.o ABSOLUTE
    ../clib/microlib/init/entry.s            0x00000000   Number         0  entry2.o ABSOLUTE
    ../clib/microlib/init/entry.s            0x00000000   Number         0  entry5.o ABSOLUTE
    ../clib/microlib/init/entry.s            0x00000000   Number         0  entry7a.o ABSOLUTE
    ../clib/microlib/init/entry.s            0x00000000   Number         0  entry7b.o ABSOLUTE
    ../clib/microlib/init/entry.s            0x00000000   Number         0  entry8a.o ABSOLUTE
    ../clib/microlib/init/entry.s            0x00000000   Number         0  entry8b.o ABSOLUTE
    ../clib/microlib/init/entry.s            0x00000000   Number         0  entry9a.o ABSOLUTE
    ../clib/microlib/init/entry.s            0x00000000   Number         0  entry9b.o ABSOLUTE
    ../clib/microlib/init/entry.s            0x00000000   Number         0  entry10a.o ABSOLUTE
    ../clib/microlib/init/entry.s            0x00000000   Number         0  entry10b.o ABSOLUTE
    ../clib/microlib/init/entry.s            0x00000000   Number         0  entry11a.o ABSOLUTE
    ../clib/microlib/init/entry.s            0x00000000   Number         0  entry11b.o ABSOLUTE
    ../clib/microlib/string/memset.c         0x00000000   Number         0  memseta.o ABSOLUTE
    ./MDK-ARM/startup_stm32h750xx.s          0x00000000   Number         0  startup_stm32h750xx.o ABSOLUTE
    dc.s                                     0x00000000   Number         0  dc.o ABSOLUTE
    gpio.c                                   0x00000000   Number         0  gpio.o ABSOLUTE
    handlers.s                               0x00000000   Number         0  handlers.o ABSOLUTE
    init.s                                   0x00000000   Number         0  init.o ABSOLUTE
    main.c                                   0x00000000   Number         0  main.o ABSOLUTE
    memorymap.c                              0x00000000   Number         0  memorymap.o ABSOLUTE
    oled.c                                   0x00000000   Number         0  oled.o ABSOLUTE
    spi.c                                    0x00000000   Number         0  spi.o ABSOLUTE
    stm32h7xx_hal.c                          0x00000000   Number         0  stm32h7xx_hal.o ABSOLUTE
    stm32h7xx_hal_cortex.c                   0x00000000   Number         0  stm32h7xx_hal_cortex.o ABSOLUTE
    stm32h7xx_hal_dma.c                      0x00000000   Number         0  stm32h7xx_hal_dma.o ABSOLUTE
    stm32h7xx_hal_dma_ex.c                   0x00000000   Number         0  stm32h7xx_hal_dma_ex.o ABSOLUTE
    stm32h7xx_hal_exti.c                     0x00000000   Number         0  stm32h7xx_hal_exti.o ABSOLUTE
    stm32h7xx_hal_flash.c                    0x00000000   Number         0  stm32h7xx_hal_flash.o ABSOLUTE
    stm32h7xx_hal_flash_ex.c                 0x00000000   Number         0  stm32h7xx_hal_flash_ex.o ABSOLUTE
    stm32h7xx_hal_gpio.c                     0x00000000   Number         0  stm32h7xx_hal_gpio.o ABSOLUTE
    stm32h7xx_hal_hsem.c                     0x00000000   Number         0  stm32h7xx_hal_hsem.o ABSOLUTE
    stm32h7xx_hal_i2c.c                      0x00000000   Number         0  stm32h7xx_hal_i2c.o ABSOLUTE
    stm32h7xx_hal_i2c_ex.c                   0x00000000   Number         0  stm32h7xx_hal_i2c_ex.o ABSOLUTE
    stm32h7xx_hal_mdma.c                     0x00000000   Number         0  stm32h7xx_hal_mdma.o ABSOLUTE
    stm32h7xx_hal_msp.c                      0x00000000   Number         0  stm32h7xx_hal_msp.o ABSOLUTE
    stm32h7xx_hal_pwr.c                      0x00000000   Number         0  stm32h7xx_hal_pwr.o ABSOLUTE
    stm32h7xx_hal_pwr_ex.c                   0x00000000   Number         0  stm32h7xx_hal_pwr_ex.o ABSOLUTE
    stm32h7xx_hal_rcc.c                      0x00000000   Number         0  stm32h7xx_hal_rcc.o ABSOLUTE
    stm32h7xx_hal_rcc_ex.c                   0x00000000   Number         0  stm32h7xx_hal_rcc_ex.o ABSOLUTE
    stm32h7xx_hal_spi.c                      0x00000000   Number         0  stm32h7xx_hal_spi.o ABSOLUTE
    stm32h7xx_hal_spi_ex.c                   0x00000000   Number         0  stm32h7xx_hal_spi_ex.o ABSOLUTE
    stm32h7xx_hal_tim.c                      0x00000000   Number         0  stm32h7xx_hal_tim.o ABSOLUTE
    stm32h7xx_hal_tim_ex.c                   0x00000000   Number         0  stm32h7xx_hal_tim_ex.o ABSOLUTE
    stm32h7xx_it.c                           0x00000000   Number         0  stm32h7xx_it.o ABSOLUTE
    system_stm32h7xx.c                       0x00000000   Number         0  system_stm32h7xx.o ABSOLUTE
    tim.c                                    0x00000000   Number         0  tim.o ABSOLUTE
    RESET                                    0x08000000   Section      664  startup_stm32h750xx.o(RESET)
    .ARM.Collect$$$$00000000                 0x08000298   Section        0  entry.o(.ARM.Collect$$$$00000000)
    .ARM.Collect$$$$00000001                 0x08000298   Section        4  entry2.o(.ARM.Collect$$$$00000001)
    .ARM.Collect$$$$00000004                 0x0800029c   Section        4  entry5.o(.ARM.Collect$$$$00000004)
    .ARM.Collect$$$$00000008                 0x080002a0   Section        0  entry7b.o(.ARM.Collect$$$$00000008)
    .ARM.Collect$$$$0000000A                 0x080002a0   Section        0  entry8b.o(.ARM.Collect$$$$0000000A)
    .ARM.Collect$$$$0000000B                 0x080002a0   Section        8  entry9a.o(.ARM.Collect$$$$0000000B)
    __lit__00000000                          0x080002a8   Data           4  entry2.o(.ARM.Collect$$$$00002712)
    .ARM.Collect$$$$0000000D                 0x080002a8   Section        0  entry10a.o(.ARM.Collect$$$$0000000D)
    .ARM.Collect$$$$0000000F                 0x080002a8   Section        0  entry11a.o(.ARM.Collect$$$$0000000F)
    .ARM.Collect$$$$00002712                 0x080002a8   Section        4  entry2.o(.ARM.Collect$$$$00002712)
    [Anonymous Symbol]                       0x080002b0   Section        0  gpio.o(.text)
    [Anonymous Symbol]                       0x080003c8   Section        0  main.o(.text)
    MPU_Config                               0x08000521   Thumb Code    86  main.o(.text)
    [Anonymous Symbol]                       0x08000670   Section        0  spi.o(.text)
    [Anonymous Symbol]                       0x080007e8   Section        0  stm32h7xx_hal_msp.o(.text)
    [Anonymous Symbol]                       0x08000810   Section        0  stm32h7xx_it.o(.text)
    [Anonymous Symbol]                       0x08000858   Section        0  system_stm32h7xx.o(.text)
    [Anonymous Symbol]                       0x08000cb0   Section        0  tim.o(.text)
    [Anonymous Symbol]                       0x08000de8   Section        0  oled.o(.text)
    [Anonymous Symbol]                       0x08001630   Section        0  stm32h7xx_hal.o(.text)
    [Anonymous Symbol]                       0x08001e90   Section        0  stm32h7xx_hal_cortex.o(.text)
    __NVIC_SetPriorityGrouping               0x08001ea1   Thumb Code    60  stm32h7xx_hal_cortex.o(.text)
    __NVIC_GetPriorityGrouping               0x08001f11   Thumb Code    16  stm32h7xx_hal_cortex.o(.text)
    __NVIC_SetPriority                       0x08001f21   Thumb Code    58  stm32h7xx_hal_cortex.o(.text)
    NVIC_EncodePriority                      0x08001f61   Thumb Code   108  stm32h7xx_hal_cortex.o(.text)
    __NVIC_EnableIRQ                         0x08001fe1   Thumb Code    42  stm32h7xx_hal_cortex.o(.text)
    __NVIC_DisableIRQ                        0x08002021   Thumb Code    50  stm32h7xx_hal_cortex.o(.text)
    __NVIC_SystemReset                       0x08002061   Thumb Code    38  stm32h7xx_hal_cortex.o(.text)
    SysTick_Config                           0x08002099   Thumb Code    82  stm32h7xx_hal_cortex.o(.text)
    NVIC_DecodePriority                      0x08002241   Thumb Code   118  stm32h7xx_hal_cortex.o(.text)
    __NVIC_GetPriority                       0x080022b9   Thumb Code    58  stm32h7xx_hal_cortex.o(.text)
    __NVIC_SetPendingIRQ                     0x08002309   Thumb Code    42  stm32h7xx_hal_cortex.o(.text)
    __NVIC_GetPendingIRQ                     0x08002349   Thumb Code    56  stm32h7xx_hal_cortex.o(.text)
    __NVIC_ClearPendingIRQ                   0x08002391   Thumb Code    42  stm32h7xx_hal_cortex.o(.text)
    __NVIC_GetActive                         0x080023d1   Thumb Code    56  stm32h7xx_hal_cortex.o(.text)
    [Anonymous Symbol]                       0x08002458   Section        0  stm32h7xx_hal_dma.o(.text)
    DMA_CheckFifoParam                       0x08002da1   Thumb Code   222  stm32h7xx_hal_dma.o(.text)
    DMA_CalcBaseAndBitshift                  0x08002e81   Thumb Code   458  stm32h7xx_hal_dma.o(.text)
    DMA_CalcDMAMUXChannelBaseAndMask         0x08003051   Thumb Code   376  stm32h7xx_hal_dma.o(.text)
    DMA_CalcDMAMUXRequestGenBaseAndMask      0x080031c9   Thumb Code   298  stm32h7xx_hal_dma.o(.text)
    DMA_SetConfig                            0x08003a49   Thumb Code  1300  stm32h7xx_hal_dma.o(.text)
    [Anonymous Symbol]                       0x08007420   Section        0  stm32h7xx_hal_gpio.o(.text)
    [Anonymous Symbol]                       0x08007b48   Section        0  stm32h7xx_hal_pwr.o(.text)
    [Anonymous Symbol]                       0x08007e38   Section        0  stm32h7xx_hal_pwr_ex.o(.text)
    [Anonymous Symbol]                       0x080088d8   Section        0  stm32h7xx_hal_rcc.o(.text)
    [Anonymous Symbol]                       0x0800a328   Section        0  stm32h7xx_hal_rcc_ex.o(.text)
    RCCEx_PLL2_Config                        0x0800b289   Thumb Code   444  stm32h7xx_hal_rcc_ex.o(.text)
    RCCEx_PLL3_Config                        0x0800b449   Thumb Code   444  stm32h7xx_hal_rcc_ex.o(.text)
    [Anonymous Symbol]                       0x0800d2b0   Section        0  stm32h7xx_hal_spi.o(.text)
    SPI_GetPacketSize                        0x0800d539   Thumb Code    42  stm32h7xx_hal_spi.o(.text)
    SPI_CloseTransfer                        0x0800d9a9   Thumb Code   278  stm32h7xx_hal_spi.o(.text)
    SPI_WaitOnFlagUntilTimeout               0x0800dac1   Thumb Code    94  stm32h7xx_hal_spi.o(.text)
    SPI_TxISR_32BIT                          0x0800e839   Thumb Code    62  stm32h7xx_hal_spi.o(.text)
    SPI_TxISR_16BIT                          0x0800e879   Thumb Code    70  stm32h7xx_hal_spi.o(.text)
    SPI_TxISR_8BIT                           0x0800e8c1   Thumb Code    64  stm32h7xx_hal_spi.o(.text)
    SPI_RxISR_32BIT                          0x0800ea61   Thumb Code    64  stm32h7xx_hal_spi.o(.text)
    SPI_RxISR_16BIT                          0x0800eaa1   Thumb Code    70  stm32h7xx_hal_spi.o(.text)
    SPI_RxISR_8BIT                           0x0800eae9   Thumb Code    66  stm32h7xx_hal_spi.o(.text)
    SPI_DMAHalfTransmitCplt                  0x0800f011   Thumb Code    22  stm32h7xx_hal_spi.o(.text)
    SPI_DMATransmitCplt                      0x0800f029   Thumb Code    66  stm32h7xx_hal_spi.o(.text)
    SPI_DMAError                             0x0800f071   Thumb Code    64  stm32h7xx_hal_spi.o(.text)
    SPI_DMAHalfReceiveCplt                   0x0800f361   Thumb Code    22  stm32h7xx_hal_spi.o(.text)
    SPI_DMAReceiveCplt                       0x0800f379   Thumb Code    66  stm32h7xx_hal_spi.o(.text)
    SPI_DMAHalfTransmitReceiveCplt           0x0800f751   Thumb Code    22  stm32h7xx_hal_spi.o(.text)
    SPI_DMATransmitReceiveCplt               0x0800f769   Thumb Code    66  stm32h7xx_hal_spi.o(.text)
    SPI_AbortTransfer                        0x0800f9b1   Thumb Code   144  stm32h7xx_hal_spi.o(.text)
    SPI_DMATxAbortCallback                   0x0800fc59   Thumb Code    68  stm32h7xx_hal_spi.o(.text)
    SPI_DMARxAbortCallback                   0x0800fca1   Thumb Code    68  stm32h7xx_hal_spi.o(.text)
    SPI_DMAAbortOnError                      0x080100e9   Thumb Code    44  stm32h7xx_hal_spi.o(.text)
    [Anonymous Symbol]                       0x08010150   Section        0  stm32h7xx_hal_tim.o(.text)
    TIM_DMAPeriodElapsedCplt                 0x08010829   Thumb Code    40  stm32h7xx_hal_tim.o(.text)
    TIM_DMAPeriodElapsedHalfCplt             0x08010851   Thumb Code    22  stm32h7xx_hal_tim.o(.text)
    TIM_DMADelayPulseCplt                    0x080117c1   Thumb Code   180  stm32h7xx_hal_tim.o(.text)
    TIM_OC1_SetConfig                        0x08014fc1   Thumb Code   336  stm32h7xx_hal_tim.o(.text)
    TIM_OC3_SetConfig                        0x08015281   Thumb Code   362  stm32h7xx_hal_tim.o(.text)
    TIM_OC4_SetConfig                        0x080153f1   Thumb Code   218  stm32h7xx_hal_tim.o(.text)
    TIM_OC5_SetConfig                        0x080154d1   Thumb Code   208  stm32h7xx_hal_tim.o(.text)
    TIM_OC6_SetConfig                        0x080155a1   Thumb Code   210  stm32h7xx_hal_tim.o(.text)
    TIM_TI2_SetConfig                        0x080158b1   Thumb Code   108  stm32h7xx_hal_tim.o(.text)
    TIM_TI3_SetConfig                        0x08015921   Thumb Code   106  stm32h7xx_hal_tim.o(.text)
    TIM_TI4_SetConfig                        0x08015991   Thumb Code   108  stm32h7xx_hal_tim.o(.text)
    TIM_DMATriggerCplt                       0x08016029   Thumb Code    40  stm32h7xx_hal_tim.o(.text)
    TIM_DMATriggerHalfCplt                   0x08016051   Thumb Code    22  stm32h7xx_hal_tim.o(.text)
    TIM_TI1_ConfigInputStage                 0x080168f1   Thumb Code    80  stm32h7xx_hal_tim.o(.text)
    TIM_ITRx_SetConfig                       0x08016941   Thumb Code    48  stm32h7xx_hal_tim.o(.text)
    TIM_TI2_ConfigInputStage                 0x08016971   Thumb Code    82  stm32h7xx_hal_tim.o(.text)
    TIM_SlaveTimer_SetConfig                 0x08016a79   Thumb Code   432  stm32h7xx_hal_tim.o(.text)
    [Anonymous Symbol]                       0x08016e28   Section        0  stm32h7xx_hal_tim_ex.o(.text)
    TIM_CCxNChannelCmd                       0x080176a9   Thumb Code    54  stm32h7xx_hal_tim_ex.o(.text)
    TIM_DMADelayPulseNCplt                   0x08017e09   Thumb Code   142  stm32h7xx_hal_tim_ex.o(.text)
    TIM_DMAErrorCCxN                         0x08017e99   Thumb Code   110  stm32h7xx_hal_tim_ex.o(.text)
    $v0                                      0x08019584   Number         0  startup_stm32h750xx.o(.text)
    .text                                    0x08019584   Section       36  startup_stm32h750xx.o(.text)
    .text                                    0x080195a8   Section        0  memseta.o(.text)
    .text                                    0x080195cc   Section       48  init.o(.text)
    i.__scatterload_copy                     0x080195fc   Section       14  handlers.o(i.__scatterload_copy)
    i.__scatterload_null                     0x0801960a   Section        2  handlers.o(i.__scatterload_null)
    i.__scatterload_zeroinit                 0x0801960c   Section       14  handlers.o(i.__scatterload_zeroinit)
    DMA_CalcBaseAndBitshift.flagBitshiftOffset 0x0801962a   Data           8  stm32h7xx_hal_dma.o(.rodata.DMA_CalcBaseAndBitshift.flagBitshiftOffset)
    [Anonymous Symbol]                       0x0801962a   Section        0  stm32h7xx_hal_dma.o(.rodata.DMA_CalcBaseAndBitshift.flagBitshiftOffset)
    .L.str                                   0x08019632   Data          39  main.o(.rodata.str1.1)
    [Anonymous Symbol]                       0x08019632   Section        0  main.o(.rodata.str1.1)
    STACK                                    0x24000118   Section     2048  startup_stm32h750xx.o(STACK)

    Global Symbols

    Symbol Name                              Value     Ov Type        Size  Object(Section)

    BuildAttributes$$THM_ISAv4$E$P$D$K$B$S$7EM$VFPv5_D16$PE$PLD8$A:L22UL41UL21$X:L11$S22US41US21$IEEE1$IW$~IW$USESV6$~STKCKD$USESV7$WCHAR32$ENUMINT$~SHL$OSPACE$EBA8$MICROLIB$REQ8$PRES8$EABIv2 0x00000000   Number         0  anon$$obj.o ABSOLUTE
    __cpp_initialize__aeabi_                  - Undefined Weak Reference
    __cxa_finalize                            - Undefined Weak Reference
    __decompress                              - Undefined Weak Reference
    _clock_init                               - Undefined Weak Reference
    _microlib_exit                            - Undefined Weak Reference
    __Vectors_Size                           0x00000298   Number         0  startup_stm32h750xx.o ABSOLUTE
    __Vectors                                0x08000000   Data           4  startup_stm32h750xx.o(RESET)
    __Vectors_End                            0x08000298   Data           0  startup_stm32h750xx.o(RESET)
    __main                                   0x08000299   Thumb Code     0  entry.o(.ARM.Collect$$$$00000000)
    _main_stk                                0x08000299   Thumb Code     0  entry2.o(.ARM.Collect$$$$00000001)
    _main_scatterload                        0x0800029d   Thumb Code     0  entry5.o(.ARM.Collect$$$$00000004)
    __main_after_scatterload                 0x080002a1   Thumb Code     0  entry5.o(.ARM.Collect$$$$00000004)
    _main_clock                              0x080002a1   Thumb Code     0  entry7b.o(.ARM.Collect$$$$00000008)
    _main_cpp_init                           0x080002a1   Thumb Code     0  entry8b.o(.ARM.Collect$$$$0000000A)
    _main_init                               0x080002a1   Thumb Code     0  entry9a.o(.ARM.Collect$$$$0000000B)
    __rt_final_cpp                           0x080002a9   Thumb Code     0  entry10a.o(.ARM.Collect$$$$0000000D)
    __rt_final_exit                          0x080002a9   Thumb Code     0  entry11a.o(.ARM.Collect$$$$0000000F)
    MX_GPIO_Init                             0x080002b1   Thumb Code   278  gpio.o(.text)
    main                                     0x080003c9   Thumb Code   338  main.o(.text)
    SystemClock_Config                       0x08000579   Thumb Code   230  main.o(.text)
    Error_Handler                            0x08000661   Thumb Code    14  main.o(.text)
    MX_SPI1_Init                             0x08000671   Thumb Code   106  spi.o(.text)
    HAL_SPI_MspInit                          0x080006e1   Thumb Code   194  spi.o(.text)
    HAL_SPI_MspDeInit                        0x080007a9   Thumb Code    58  spi.o(.text)
    HAL_MspInit                              0x080007e9   Thumb Code    36  stm32h7xx_hal_msp.o(.text)
    NMI_Handler                              0x08000811   Thumb Code     4  stm32h7xx_it.o(.text)
    HardFault_Handler                        0x08000819   Thumb Code     4  stm32h7xx_it.o(.text)
    MemManage_Handler                        0x08000821   Thumb Code     4  stm32h7xx_it.o(.text)
    BusFault_Handler                         0x08000829   Thumb Code     4  stm32h7xx_it.o(.text)
    UsageFault_Handler                       0x08000831   Thumb Code     4  stm32h7xx_it.o(.text)
    SVC_Handler                              0x08000839   Thumb Code     2  stm32h7xx_it.o(.text)
    DebugMon_Handler                         0x08000841   Thumb Code     2  stm32h7xx_it.o(.text)
    PendSV_Handler                           0x08000849   Thumb Code     2  stm32h7xx_it.o(.text)
    SysTick_Handler                          0x08000851   Thumb Code     8  stm32h7xx_it.o(.text)
    SystemInit                               0x08000859   Thumb Code   352  system_stm32h7xx.o(.text)
    SystemCoreClockUpdate                    0x080009b9   Thumb Code   744  system_stm32h7xx.o(.text)
    MX_TIM2_Init                             0x08000cb1   Thumb Code   124  tim.o(.text)
    HAL_TIM_Encoder_MspInit                  0x08000d31   Thumb Code   126  tim.o(.text)
    HAL_TIM_Encoder_MspDeInit                0x08000db1   Thumb Code    52  tim.o(.text)
    OLED_ColorTurn                           0x08000de9   Thumb Code    50  oled.o(.text)
    OLED_WR_Byte                             0x08000e21   Thumb Code   124  oled.o(.text)
    OLED_DisplayTurn                         0x08000ea1   Thumb Code    70  oled.o(.text)
    OLED_DisPlay_On                          0x08000ee9   Thumb Code    34  oled.o(.text)
    OLED_DisPlay_Off                         0x08000f11   Thumb Code    34  oled.o(.text)
    OLED_Clear                               0x08000f39   Thumb Code   112  oled.o(.text)
    OLED_address                             0x08000fa9   Thumb Code    60  oled.o(.text)
    OLED_Display_128x64                      0x08000fe9   Thumb Code   102  oled.o(.text)
    OLED_Display_16x16                       0x08001051   Thumb Code   120  oled.o(.text)
    OLED_Display_8x16                        0x080010c9   Thumb Code   120  oled.o(.text)
    OLED_Display_5x7                         0x08001141   Thumb Code    78  oled.o(.text)
    OLED_get_data_from_ROM                   0x08001191   Thumb Code   130  oled.o(.text)
    OLED_Display_GB2312_string               0x08001219   Thumb Code   560  oled.o(.text)
    OLED_Display_string_5x7                  0x08001449   Thumb Code   210  oled.o(.text)
    OLED_Init                                0x08001521   Thumb Code   266  oled.o(.text)
    HAL_Init                                 0x08001631   Thumb Code   116  stm32h7xx_hal.o(.text)
    HAL_InitTick                             0x080016a9   Thumb Code   124  stm32h7xx_hal.o(.text)
    HAL_DeInit                               0x08001731   Thumb Code   184  stm32h7xx_hal.o(.text)
    HAL_MspDeInit                            0x080017e9   Thumb Code     2  stm32h7xx_hal.o(.text)
    HAL_IncTick                              0x080017f1   Thumb Code    26  stm32h7xx_hal.o(.text)
    HAL_GetTick                              0x08001811   Thumb Code    12  stm32h7xx_hal.o(.text)
    HAL_GetTickPrio                          0x08001821   Thumb Code    12  stm32h7xx_hal.o(.text)
    HAL_SetTickFreq                          0x08001831   Thumb Code    88  stm32h7xx_hal.o(.text)
    HAL_GetTickFreq                          0x08001889   Thumb Code    12  stm32h7xx_hal.o(.text)
    HAL_Delay                                0x08001899   Thumb Code    66  stm32h7xx_hal.o(.text)
    HAL_SuspendTick                          0x080018e1   Thumb Code    18  stm32h7xx_hal.o(.text)
    HAL_ResumeTick                           0x080018f9   Thumb Code    18  stm32h7xx_hal.o(.text)
    HAL_GetHalVersion                        0x08001911   Thumb Code    10  stm32h7xx_hal.o(.text)
    HAL_GetREVID                             0x08001921   Thumb Code    14  stm32h7xx_hal.o(.text)
    HAL_GetDEVID                             0x08001931   Thumb Code    16  stm32h7xx_hal.o(.text)
    HAL_GetUIDw0                             0x08001941   Thumb Code    12  stm32h7xx_hal.o(.text)
    HAL_GetUIDw1                             0x08001951   Thumb Code    12  stm32h7xx_hal.o(.text)
    HAL_GetUIDw2                             0x08001961   Thumb Code    12  stm32h7xx_hal.o(.text)
    HAL_SYSCFG_VREFBUF_VoltageScalingConfig  0x08001971   Thumb Code    28  stm32h7xx_hal.o(.text)
    HAL_SYSCFG_VREFBUF_HighImpedanceConfig   0x08001991   Thumb Code    28  stm32h7xx_hal.o(.text)
    HAL_SYSCFG_VREFBUF_TrimmingConfig        0x080019b1   Thumb Code    28  stm32h7xx_hal.o(.text)
    HAL_SYSCFG_EnableVREFBUF                 0x080019d1   Thumb Code    80  stm32h7xx_hal.o(.text)
    HAL_SYSCFG_DisableVREFBUF                0x08001a21   Thumb Code    18  stm32h7xx_hal.o(.text)
    HAL_SYSCFG_ETHInterfaceSelect            0x08001a39   Thumb Code    28  stm32h7xx_hal.o(.text)
    HAL_SYSCFG_AnalogSwitchConfig            0x08001a59   Thumb Code    30  stm32h7xx_hal.o(.text)
    HAL_SYSCFG_EnableBOOST                   0x08001a79   Thumb Code    18  stm32h7xx_hal.o(.text)
    HAL_SYSCFG_DisableBOOST                  0x08001a91   Thumb Code    18  stm32h7xx_hal.o(.text)
    HAL_SYSCFG_CM7BootAddConfig              0x08001aa9   Thumb Code    64  stm32h7xx_hal.o(.text)
    HAL_EnableCompensationCell               0x08001ae9   Thumb Code    18  stm32h7xx_hal.o(.text)
    HAL_DisableCompensationCell              0x08001b01   Thumb Code    18  stm32h7xx_hal.o(.text)
    HAL_SYSCFG_EnableIOSpeedOptimize         0x08001b19   Thumb Code    18  stm32h7xx_hal.o(.text)
    HAL_SYSCFG_DisableIOSpeedOptimize        0x08001b31   Thumb Code    18  stm32h7xx_hal.o(.text)
    HAL_SYSCFG_CompensationCodeSelect        0x08001b49   Thumb Code    28  stm32h7xx_hal.o(.text)
    HAL_SYSCFG_CompensationCodeConfig        0x08001b69   Thumb Code    36  stm32h7xx_hal.o(.text)
    HAL_DBGMCU_EnableDBGSleepMode            0x08001b91   Thumb Code    18  stm32h7xx_hal.o(.text)
    HAL_DBGMCU_DisableDBGSleepMode           0x08001ba9   Thumb Code    18  stm32h7xx_hal.o(.text)
    HAL_DBGMCU_EnableDBGStopMode             0x08001bc1   Thumb Code    18  stm32h7xx_hal.o(.text)
    HAL_DBGMCU_DisableDBGStopMode            0x08001bd9   Thumb Code    18  stm32h7xx_hal.o(.text)
    HAL_DBGMCU_EnableDBGStandbyMode          0x08001bf1   Thumb Code    18  stm32h7xx_hal.o(.text)
    HAL_DBGMCU_DisableDBGStandbyMode         0x08001c09   Thumb Code    18  stm32h7xx_hal.o(.text)
    HAL_SetFMCMemorySwappingConfig           0x08001c21   Thumb Code    28  stm32h7xx_hal.o(.text)
    HAL_GetFMCMemorySwappingConfig           0x08001c41   Thumb Code    16  stm32h7xx_hal.o(.text)
    HAL_EXTI_EdgeConfig                      0x08001c51   Thumb Code   146  stm32h7xx_hal.o(.text)
    HAL_EXTI_GenerateSWInterrupt             0x08001ce9   Thumb Code    36  stm32h7xx_hal.o(.text)
    HAL_EXTI_D1_ClearFlag                    0x08001d11   Thumb Code    34  stm32h7xx_hal.o(.text)
    HAL_EXTI_D1_EventInputConfig             0x08001d39   Thumb Code   186  stm32h7xx_hal.o(.text)
    HAL_EXTI_D3_EventInputConfig             0x08001df9   Thumb Code   152  stm32h7xx_hal.o(.text)
    HAL_NVIC_SetPriorityGrouping             0x08001e91   Thumb Code    16  stm32h7xx_hal_cortex.o(.text)
    HAL_NVIC_SetPriority                     0x08001ee1   Thumb Code    42  stm32h7xx_hal_cortex.o(.text)
    HAL_NVIC_EnableIRQ                       0x08001fd1   Thumb Code    16  stm32h7xx_hal_cortex.o(.text)
    HAL_NVIC_DisableIRQ                      0x08002011   Thumb Code    16  stm32h7xx_hal_cortex.o(.text)
    HAL_NVIC_SystemReset                     0x08002059   Thumb Code     4  stm32h7xx_hal_cortex.o(.text)
    HAL_SYSTICK_Config                       0x08002089   Thumb Code    16  stm32h7xx_hal_cortex.o(.text)
    HAL_MPU_Disable                          0x080020f1   Thumb Code    34  stm32h7xx_hal_cortex.o(.text)
    HAL_MPU_Enable                           0x08002119   Thumb Code    48  stm32h7xx_hal_cortex.o(.text)
    HAL_MPU_EnableRegion                     0x08002149   Thumb Code    36  stm32h7xx_hal_cortex.o(.text)
    HAL_MPU_DisableRegion                    0x08002171   Thumb Code    36  stm32h7xx_hal_cortex.o(.text)
    HAL_MPU_ConfigRegion                     0x08002199   Thumb Code   128  stm32h7xx_hal_cortex.o(.text)
    HAL_NVIC_GetPriorityGrouping             0x08002219   Thumb Code     8  stm32h7xx_hal_cortex.o(.text)
    HAL_NVIC_GetPriority                     0x08002221   Thumb Code    32  stm32h7xx_hal_cortex.o(.text)
    HAL_NVIC_SetPendingIRQ                   0x080022f9   Thumb Code    16  stm32h7xx_hal_cortex.o(.text)
    HAL_NVIC_GetPendingIRQ                   0x08002339   Thumb Code    16  stm32h7xx_hal_cortex.o(.text)
    HAL_NVIC_ClearPendingIRQ                 0x08002381   Thumb Code    16  stm32h7xx_hal_cortex.o(.text)
    HAL_NVIC_GetActive                       0x080023c1   Thumb Code    16  stm32h7xx_hal_cortex.o(.text)
    HAL_SYSTICK_CLKSourceConfig              0x08002409   Thumb Code    52  stm32h7xx_hal_cortex.o(.text)
    HAL_SYSTICK_IRQHandler                   0x08002441   Thumb Code     8  stm32h7xx_hal_cortex.o(.text)
    HAL_SYSTICK_Callback                     0x08002449   Thumb Code     2  stm32h7xx_hal_cortex.o(.text)
    HAL_GetCurrentCPUID                      0x08002451   Thumb Code     4  stm32h7xx_hal_cortex.o(.text)
    HAL_DMA_Init                             0x08002459   Thumb Code  2374  stm32h7xx_hal_dma.o(.text)
    HAL_DMA_DeInit                           0x080032f9   Thumb Code  1136  stm32h7xx_hal_dma.o(.text)
    HAL_DMA_Start                            0x08003769   Thumb Code   734  stm32h7xx_hal_dma.o(.text)
    HAL_DMA_Start_IT                         0x08003f61   Thumb Code  1770  stm32h7xx_hal_dma.o(.text)
    HAL_DMA_Abort                            0x08004651   Thumb Code  2402  stm32h7xx_hal_dma.o(.text)
    HAL_DMA_Abort_IT                         0x08004fb9   Thumb Code  1690  stm32h7xx_hal_dma.o(.text)
    HAL_DMA_PollForTransfer                  0x08005659   Thumb Code  2702  stm32h7xx_hal_dma.o(.text)
    HAL_DMA_IRQHandler                       0x080060e9   Thumb Code  4518  stm32h7xx_hal_dma.o(.text)
    HAL_DMA_RegisterCallback                 0x08007291   Thumb Code   166  stm32h7xx_hal_dma.o(.text)
    HAL_DMA_UnRegisterCallback               0x08007339   Thumb Code   194  stm32h7xx_hal_dma.o(.text)
    HAL_DMA_GetState                         0x08007401   Thumb Code    12  stm32h7xx_hal_dma.o(.text)
    HAL_DMA_GetError                         0x08007411   Thumb Code    12  stm32h7xx_hal_dma.o(.text)
    HAL_GPIO_Init                            0x08007421   Thumb Code   964  stm32h7xx_hal_gpio.o(.text)
    HAL_GPIO_DeInit                          0x080077e9   Thumb Code   582  stm32h7xx_hal_gpio.o(.text)
    HAL_GPIO_ReadPin                         0x08007a31   Thumb Code    40  stm32h7xx_hal_gpio.o(.text)
    HAL_GPIO_WritePin                        0x08007a59   Thumb Code    42  stm32h7xx_hal_gpio.o(.text)
    HAL_GPIO_TogglePin                       0x08007a89   Thumb Code    38  stm32h7xx_hal_gpio.o(.text)
    HAL_GPIO_LockPin                         0x08007ab1   Thumb Code    80  stm32h7xx_hal_gpio.o(.text)
    HAL_GPIO_EXTI_IRQHandler                 0x08007b01   Thumb Code    52  stm32h7xx_hal_gpio.o(.text)
    HAL_GPIO_EXTI_Callback                   0x08007b39   Thumb Code    10  stm32h7xx_hal_gpio.o(.text)
    HAL_PWR_DeInit                           0x08007b49   Thumb Code     2  stm32h7xx_hal_pwr.o(.text)
    HAL_PWR_EnableBkUpAccess                 0x08007b51   Thumb Code    18  stm32h7xx_hal_pwr.o(.text)
    HAL_PWR_DisableBkUpAccess                0x08007b69   Thumb Code    18  stm32h7xx_hal_pwr.o(.text)
    HAL_PWR_ConfigPVD                        0x08007b81   Thumb Code   198  stm32h7xx_hal_pwr.o(.text)
    HAL_PWR_EnablePVD                        0x08007c49   Thumb Code    18  stm32h7xx_hal_pwr.o(.text)
    HAL_PWR_DisablePVD                       0x08007c61   Thumb Code    18  stm32h7xx_hal_pwr.o(.text)
    HAL_PWR_EnableWakeUpPin                  0x08007c79   Thumb Code    34  stm32h7xx_hal_pwr.o(.text)
    HAL_PWR_DisableWakeUpPin                 0x08007ca1   Thumb Code    32  stm32h7xx_hal_pwr.o(.text)
    HAL_PWR_EnterSLEEPMode                   0x08007cc1   Thumb Code    46  stm32h7xx_hal_pwr.o(.text)
    HAL_PWR_EnterSTOPMode                    0x08007cf1   Thumb Code   114  stm32h7xx_hal_pwr.o(.text)
    HAL_PWR_EnterSTANDBYMode                 0x08007d69   Thumb Code    52  stm32h7xx_hal_pwr.o(.text)
    HAL_PWR_EnableSleepOnExit                0x08007da1   Thumb Code    18  stm32h7xx_hal_pwr.o(.text)
    HAL_PWR_DisableSleepOnExit               0x08007db9   Thumb Code    18  stm32h7xx_hal_pwr.o(.text)
    HAL_PWR_EnableSEVOnPend                  0x08007dd1   Thumb Code    18  stm32h7xx_hal_pwr.o(.text)
    HAL_PWR_DisableSEVOnPend                 0x08007de9   Thumb Code    18  stm32h7xx_hal_pwr.o(.text)
    HAL_PWR_PVD_IRQHandler                   0x08007e01   Thumb Code    46  stm32h7xx_hal_pwr.o(.text)
    HAL_PWR_PVDCallback                      0x08007e31   Thumb Code     2  stm32h7xx_hal_pwr.o(.text)
    HAL_PWREx_ConfigSupply                   0x08007e39   Thumb Code   152  stm32h7xx_hal_pwr_ex.o(.text)
    HAL_PWREx_GetSupplyConfig                0x08007ed1   Thumb Code    16  stm32h7xx_hal_pwr_ex.o(.text)
    HAL_PWREx_ControlVoltageScaling          0x08007ee1   Thumb Code   360  stm32h7xx_hal_pwr_ex.o(.text)
    HAL_PWREx_GetVoltageRange                0x08008049   Thumb Code    16  stm32h7xx_hal_pwr_ex.o(.text)
    HAL_PWREx_ControlStopModeVoltageScaling  0x08008059   Thumb Code    30  stm32h7xx_hal_pwr_ex.o(.text)
    HAL_PWREx_GetStopModeVoltageRange        0x08008079   Thumb Code    16  stm32h7xx_hal_pwr_ex.o(.text)
    HAL_PWREx_EnterSTOPMode                  0x08008089   Thumb Code   162  stm32h7xx_hal_pwr_ex.o(.text)
    HAL_PWREx_ClearPendingEvent              0x08008131   Thumb Code     4  stm32h7xx_hal_pwr_ex.o(.text)
    HAL_PWREx_EnterSTANDBYMode               0x08008139   Thumb Code    96  stm32h7xx_hal_pwr_ex.o(.text)
    HAL_PWREx_ConfigD3Domain                 0x08008199   Thumb Code    28  stm32h7xx_hal_pwr_ex.o(.text)
    HAL_PWREx_EnableFlashPowerDown           0x080081b9   Thumb Code    18  stm32h7xx_hal_pwr_ex.o(.text)
    HAL_PWREx_DisableFlashPowerDown          0x080081d1   Thumb Code    18  stm32h7xx_hal_pwr_ex.o(.text)
    HAL_PWREx_EnableWakeUpPin                0x080081e9   Thumb Code   298  stm32h7xx_hal_pwr_ex.o(.text)
    HAL_PWREx_DisableWakeUpPin               0x08008319   Thumb Code    24  stm32h7xx_hal_pwr_ex.o(.text)
    HAL_PWREx_GetWakeupFlag                  0x08008331   Thumb Code    22  stm32h7xx_hal_pwr_ex.o(.text)
    HAL_PWREx_ClearWakeupFlag                0x08008349   Thumb Code    56  stm32h7xx_hal_pwr_ex.o(.text)
    HAL_PWREx_WAKEUP_PIN_IRQHandler          0x08008381   Thumb Code   232  stm32h7xx_hal_pwr_ex.o(.text)
    HAL_PWREx_WKUP1_Callback                 0x08008469   Thumb Code     2  stm32h7xx_hal_pwr_ex.o(.text)
    HAL_PWREx_WKUP2_Callback                 0x08008471   Thumb Code     2  stm32h7xx_hal_pwr_ex.o(.text)
    HAL_PWREx_WKUP3_Callback                 0x08008479   Thumb Code     2  stm32h7xx_hal_pwr_ex.o(.text)
    HAL_PWREx_WKUP4_Callback                 0x08008481   Thumb Code     2  stm32h7xx_hal_pwr_ex.o(.text)
    HAL_PWREx_WKUP5_Callback                 0x08008489   Thumb Code     2  stm32h7xx_hal_pwr_ex.o(.text)
    HAL_PWREx_WKUP6_Callback                 0x08008491   Thumb Code     2  stm32h7xx_hal_pwr_ex.o(.text)
    HAL_PWREx_EnableBkUpReg                  0x08008499   Thumb Code    88  stm32h7xx_hal_pwr_ex.o(.text)
    HAL_PWREx_DisableBkUpReg                 0x080084f1   Thumb Code    88  stm32h7xx_hal_pwr_ex.o(.text)
    HAL_PWREx_EnableUSBReg                   0x08008549   Thumb Code    88  stm32h7xx_hal_pwr_ex.o(.text)
    HAL_PWREx_DisableUSBReg                  0x080085a1   Thumb Code    88  stm32h7xx_hal_pwr_ex.o(.text)
    HAL_PWREx_EnableUSBVoltageDetector       0x080085f9   Thumb Code    18  stm32h7xx_hal_pwr_ex.o(.text)
    HAL_PWREx_DisableUSBVoltageDetector      0x08008611   Thumb Code    18  stm32h7xx_hal_pwr_ex.o(.text)
    HAL_PWREx_EnableBatteryCharging          0x08008629   Thumb Code    36  stm32h7xx_hal_pwr_ex.o(.text)
    HAL_PWREx_DisableBatteryCharging         0x08008651   Thumb Code    18  stm32h7xx_hal_pwr_ex.o(.text)
    HAL_PWREx_EnableMonitoring               0x08008669   Thumb Code    18  stm32h7xx_hal_pwr_ex.o(.text)
    HAL_PWREx_DisableMonitoring              0x08008681   Thumb Code    18  stm32h7xx_hal_pwr_ex.o(.text)
    HAL_PWREx_GetTemperatureLevel            0x08008699   Thumb Code    68  stm32h7xx_hal_pwr_ex.o(.text)
    HAL_PWREx_GetVBATLevel                   0x080086e1   Thumb Code    68  stm32h7xx_hal_pwr_ex.o(.text)
    HAL_PWREx_ConfigAVD                      0x08008729   Thumb Code   190  stm32h7xx_hal_pwr_ex.o(.text)
    HAL_PWREx_EnableAVD                      0x080087e9   Thumb Code    18  stm32h7xx_hal_pwr_ex.o(.text)
    HAL_PWREx_DisableAVD                     0x08008801   Thumb Code    18  stm32h7xx_hal_pwr_ex.o(.text)
    HAL_PWREx_PVD_AVD_IRQHandler             0x08008819   Thumb Code   180  stm32h7xx_hal_pwr_ex.o(.text)
    HAL_PWREx_AVDCallback                    0x080088d1   Thumb Code     2  stm32h7xx_hal_pwr_ex.o(.text)
    HAL_RCC_DeInit                           0x080088d9   Thumb Code   780  stm32h7xx_hal_rcc.o(.text)
    HAL_RCC_OscConfig                        0x08008be9   Thumb Code  2856  stm32h7xx_hal_rcc.o(.text)
    HAL_RCC_ClockConfig                      0x08009711   Thumb Code  1152  stm32h7xx_hal_rcc.o(.text)
    HAL_RCC_GetSysClockFreq                  0x08009b91   Thumb Code   768  stm32h7xx_hal_rcc.o(.text)
    HAL_RCC_MCOConfig                        0x08009ea1   Thumb Code   200  stm32h7xx_hal_rcc.o(.text)
    HAL_RCC_EnableCSS                        0x08009f69   Thumb Code    18  stm32h7xx_hal_rcc.o(.text)
    HAL_RCC_DisableCSS                       0x08009f81   Thumb Code    18  stm32h7xx_hal_rcc.o(.text)
    HAL_RCC_GetHCLKFreq                      0x08009f99   Thumb Code    86  stm32h7xx_hal_rcc.o(.text)
    HAL_RCC_GetPCLK1Freq                     0x08009ff1   Thumb Code    38  stm32h7xx_hal_rcc.o(.text)
    HAL_RCC_GetPCLK2Freq                     0x0800a019   Thumb Code    38  stm32h7xx_hal_rcc.o(.text)
    HAL_RCC_GetOscConfig                     0x0800a041   Thumb Code   552  stm32h7xx_hal_rcc.o(.text)
    HAL_RCC_GetClockConfig                   0x0800a269   Thumb Code   136  stm32h7xx_hal_rcc.o(.text)
    HAL_RCC_NMI_IRQHandler                   0x0800a2f1   Thumb Code    42  stm32h7xx_hal_rcc.o(.text)
    HAL_RCC_CSSCallback                      0x0800a321   Thumb Code     2  stm32h7xx_hal_rcc.o(.text)
    HAL_RCCEx_PeriphCLKConfig                0x0800a329   Thumb Code  3934  stm32h7xx_hal_rcc_ex.o(.text)
    HAL_RCCEx_GetPeriphCLKConfig             0x0800b609   Thumb Code   788  stm32h7xx_hal_rcc_ex.o(.text)
    HAL_RCCEx_GetPeriphCLKFreq               0x0800b921   Thumb Code  3146  stm32h7xx_hal_rcc_ex.o(.text)
    HAL_RCCEx_GetPLL1ClockFreq               0x0800c571   Thumb Code   668  stm32h7xx_hal_rcc_ex.o(.text)
    HAL_RCCEx_GetPLL2ClockFreq               0x0800c821   Thumb Code   668  stm32h7xx_hal_rcc_ex.o(.text)
    HAL_RCCEx_GetPLL3ClockFreq               0x0800cad1   Thumb Code   668  stm32h7xx_hal_rcc_ex.o(.text)
    HAL_RCCEx_GetD3PCLK1Freq                 0x0800cd81   Thumb Code    38  stm32h7xx_hal_rcc_ex.o(.text)
    HAL_RCCEx_GetD1PCLK1Freq                 0x0800cda9   Thumb Code    38  stm32h7xx_hal_rcc_ex.o(.text)
    HAL_RCCEx_GetD1SysClockFreq              0x0800cdd1   Thumb Code    84  stm32h7xx_hal_rcc_ex.o(.text)
    HAL_RCCEx_EnableLSECSS                   0x0800ce29   Thumb Code    18  stm32h7xx_hal_rcc_ex.o(.text)
    HAL_RCCEx_DisableLSECSS                  0x0800ce41   Thumb Code    34  stm32h7xx_hal_rcc_ex.o(.text)
    HAL_RCCEx_EnableLSECSS_IT                0x0800ce69   Thumb Code    60  stm32h7xx_hal_rcc_ex.o(.text)
    HAL_RCCEx_WakeUpStopCLKConfig            0x0800cea9   Thumb Code    28  stm32h7xx_hal_rcc_ex.o(.text)
    HAL_RCCEx_KerWakeUpStopCLKConfig         0x0800cec9   Thumb Code    28  stm32h7xx_hal_rcc_ex.o(.text)
    HAL_RCCEx_WWDGxSysResetConfig            0x0800cee9   Thumb Code    24  stm32h7xx_hal_rcc_ex.o(.text)
    HAL_RCCEx_CRSConfig                      0x0800cf01   Thumb Code   154  stm32h7xx_hal_rcc_ex.o(.text)
    HAL_RCCEx_CRSSoftwareSynchronizationGenerate 0x0800cfa1   Thumb Code    18  stm32h7xx_hal_rcc_ex.o(.text)
    HAL_RCCEx_CRSGetSynchronizationInfo      0x0800cfb9   Thumb Code    68  stm32h7xx_hal_rcc_ex.o(.text)
    HAL_RCCEx_CRSWaitSynchronization         0x0800d001   Thumb Code   328  stm32h7xx_hal_rcc_ex.o(.text)
    HAL_RCCEx_CRS_IRQHandler                 0x0800d149   Thumb Code   272  stm32h7xx_hal_rcc_ex.o(.text)
    HAL_RCCEx_CRS_SyncOkCallback             0x0800d259   Thumb Code     2  stm32h7xx_hal_rcc_ex.o(.text)
    HAL_RCCEx_CRS_SyncWarnCallback           0x0800d261   Thumb Code     2  stm32h7xx_hal_rcc_ex.o(.text)
    HAL_RCCEx_CRS_ExpectedSyncCallback       0x0800d269   Thumb Code     2  stm32h7xx_hal_rcc_ex.o(.text)
    HAL_RCCEx_CRS_ErrorCallback              0x0800d271   Thumb Code     8  stm32h7xx_hal_rcc_ex.o(.text)
    HAL_RCCEx_LSECSS_IRQHandler              0x0800d279   Thumb Code    42  stm32h7xx_hal_rcc_ex.o(.text)
    HAL_RCCEx_LSECSS_Callback                0x0800d2a9   Thumb Code     2  stm32h7xx_hal_rcc_ex.o(.text)
    HAL_SPI_Init                             0x0800d2b1   Thumb Code   648  stm32h7xx_hal_spi.o(.text)
    HAL_SPI_DeInit                           0x0800d571   Thumb Code    82  stm32h7xx_hal_spi.o(.text)
    HAL_SPI_Transmit                         0x0800d5d1   Thumb Code   978  stm32h7xx_hal_spi.o(.text)
    HAL_SPI_Receive                          0x0800db21   Thumb Code  1214  stm32h7xx_hal_spi.o(.text)
    HAL_SPI_TransmitReceive                  0x0800dfe1   Thumb Code  1778  stm32h7xx_hal_spi.o(.text)
    HAL_SPI_Transmit_IT                      0x0800e6d9   Thumb Code   352  stm32h7xx_hal_spi.o(.text)
    HAL_SPI_Receive_IT                       0x0800e901   Thumb Code   352  stm32h7xx_hal_spi.o(.text)
    HAL_SPI_TransmitReceive_IT               0x0800eb31   Thumb Code   576  stm32h7xx_hal_spi.o(.text)
    HAL_SPI_Transmit_DMA                     0x0800ed71   Thumb Code   668  stm32h7xx_hal_spi.o(.text)
    HAL_SPI_Receive_DMA                      0x0800f0b1   Thumb Code   688  stm32h7xx_hal_spi.o(.text)
    HAL_SPI_TransmitReceive_DMA              0x0800f3c1   Thumb Code   910  stm32h7xx_hal_spi.o(.text)
    HAL_SPI_Abort                            0x0800f7b1   Thumb Code   506  stm32h7xx_hal_spi.o(.text)
    HAL_SPI_Abort_IT                         0x0800fa41   Thumb Code   534  stm32h7xx_hal_spi.o(.text)
    HAL_SPI_AbortCpltCallback                0x0800fce9   Thumb Code     8  stm32h7xx_hal_spi.o(.text)
    HAL_SPI_DMAPause                         0x0800fcf1   Thumb Code    24  stm32h7xx_hal_spi.o(.text)
    HAL_SPI_DMAResume                        0x0800fd09   Thumb Code    24  stm32h7xx_hal_spi.o(.text)
    HAL_SPI_DMAStop                          0x0800fd21   Thumb Code    24  stm32h7xx_hal_spi.o(.text)
    HAL_SPI_IRQHandler                       0x0800fd39   Thumb Code   904  stm32h7xx_hal_spi.o(.text)
    HAL_SPI_SuspendCallback                  0x080100c1   Thumb Code     8  stm32h7xx_hal_spi.o(.text)
    HAL_SPI_ErrorCallback                    0x080100c9   Thumb Code     8  stm32h7xx_hal_spi.o(.text)
    HAL_SPI_TxRxCpltCallback                 0x080100d1   Thumb Code     8  stm32h7xx_hal_spi.o(.text)
    HAL_SPI_RxCpltCallback                   0x080100d9   Thumb Code     8  stm32h7xx_hal_spi.o(.text)
    HAL_SPI_TxCpltCallback                   0x080100e1   Thumb Code     8  stm32h7xx_hal_spi.o(.text)
    HAL_SPI_TxHalfCpltCallback               0x08010119   Thumb Code     8  stm32h7xx_hal_spi.o(.text)
    HAL_SPI_RxHalfCpltCallback               0x08010121   Thumb Code     8  stm32h7xx_hal_spi.o(.text)
    HAL_SPI_TxRxHalfCpltCallback             0x08010129   Thumb Code     8  stm32h7xx_hal_spi.o(.text)
    HAL_SPI_GetState                         0x08010131   Thumb Code    14  stm32h7xx_hal_spi.o(.text)
    HAL_SPI_GetError                         0x08010141   Thumb Code    14  stm32h7xx_hal_spi.o(.text)
    HAL_TIM_Base_Init                        0x08010151   Thumb Code   132  stm32h7xx_hal_tim.o(.text)
    HAL_TIM_Base_MspInit                     0x080101d9   Thumb Code     8  stm32h7xx_hal_tim.o(.text)
    TIM_Base_SetConfig                       0x080101e1   Thumb Code   420  stm32h7xx_hal_tim.o(.text)
    HAL_TIM_Base_DeInit                      0x08010389   Thumb Code   150  stm32h7xx_hal_tim.o(.text)
    HAL_TIM_Base_MspDeInit                   0x08010421   Thumb Code     8  stm32h7xx_hal_tim.o(.text)
    HAL_TIM_Base_Start                       0x08010429   Thumb Code   238  stm32h7xx_hal_tim.o(.text)
    HAL_TIM_Base_Stop                        0x08010519   Thumb Code    68  stm32h7xx_hal_tim.o(.text)
    HAL_TIM_Base_Start_IT                    0x08010561   Thumb Code   250  stm32h7xx_hal_tim.o(.text)
    HAL_TIM_Base_Stop_IT                     0x08010661   Thumb Code    80  stm32h7xx_hal_tim.o(.text)
    HAL_TIM_Base_Start_DMA                   0x080106b1   Thumb Code   370  stm32h7xx_hal_tim.o(.text)
    TIM_DMAError                             0x08010869   Thumb Code   144  stm32h7xx_hal_tim.o(.text)
    HAL_TIM_Base_Stop_DMA                    0x080108f9   Thumb Code    90  stm32h7xx_hal_tim.o(.text)
    HAL_TIM_OC_Init                          0x08010959   Thumb Code   132  stm32h7xx_hal_tim.o(.text)
    HAL_TIM_OC_MspInit                       0x080109e1   Thumb Code     8  stm32h7xx_hal_tim.o(.text)
    HAL_TIM_OC_DeInit                        0x080109e9   Thumb Code   150  stm32h7xx_hal_tim.o(.text)
    HAL_TIM_OC_MspDeInit                     0x08010a81   Thumb Code     8  stm32h7xx_hal_tim.o(.text)
    HAL_TIM_OC_Start                         0x08010a89   Thumb Code   608  stm32h7xx_hal_tim.o(.text)
    TIM_CCxChannelCmd                        0x08010ce9   Thumb Code    54  stm32h7xx_hal_tim.o(.text)
    HAL_TIM_OC_Stop                          0x08010d21   Thumb Code   368  stm32h7xx_hal_tim.o(.text)
    HAL_TIM_OC_Start_IT                      0x08010e91   Thumb Code   714  stm32h7xx_hal_tim.o(.text)
    HAL_TIM_OC_Stop_IT                       0x08011161   Thumb Code   474  stm32h7xx_hal_tim.o(.text)
    HAL_TIM_OC_Start_DMA                     0x08011341   Thumb Code  1152  stm32h7xx_hal_tim.o(.text)
    TIM_DMADelayPulseHalfCplt                0x08011879   Thumb Code   116  stm32h7xx_hal_tim.o(.text)
    HAL_TIM_OC_Stop_DMA                      0x080118f1   Thumb Code   506  stm32h7xx_hal_tim.o(.text)
    HAL_TIM_PWM_Init                         0x08011af1   Thumb Code   132  stm32h7xx_hal_tim.o(.text)
    HAL_TIM_PWM_MspInit                      0x08011b79   Thumb Code     8  stm32h7xx_hal_tim.o(.text)
    HAL_TIM_PWM_DeInit                       0x08011b81   Thumb Code   150  stm32h7xx_hal_tim.o(.text)
    HAL_TIM_PWM_MspDeInit                    0x08011c19   Thumb Code     8  stm32h7xx_hal_tim.o(.text)
    HAL_TIM_PWM_Start                        0x08011c21   Thumb Code   608  stm32h7xx_hal_tim.o(.text)
    HAL_TIM_PWM_Stop                         0x08011e81   Thumb Code   368  stm32h7xx_hal_tim.o(.text)
    HAL_TIM_PWM_Start_IT                     0x08011ff1   Thumb Code   714  stm32h7xx_hal_tim.o(.text)
    HAL_TIM_PWM_Stop_IT                      0x080122c1   Thumb Code   474  stm32h7xx_hal_tim.o(.text)
    HAL_TIM_PWM_Start_DMA                    0x080124a1   Thumb Code  1152  stm32h7xx_hal_tim.o(.text)
    HAL_TIM_PWM_Stop_DMA                     0x08012921   Thumb Code   506  stm32h7xx_hal_tim.o(.text)
    HAL_TIM_IC_Init                          0x08012b21   Thumb Code   132  stm32h7xx_hal_tim.o(.text)
    HAL_TIM_IC_MspInit                       0x08012ba9   Thumb Code     8  stm32h7xx_hal_tim.o(.text)
    HAL_TIM_IC_DeInit                        0x08012bb1   Thumb Code   150  stm32h7xx_hal_tim.o(.text)
    HAL_TIM_IC_MspDeInit                     0x08012c49   Thumb Code     8  stm32h7xx_hal_tim.o(.text)
    HAL_TIM_IC_Start                         0x08012c51   Thumb Code   626  stm32h7xx_hal_tim.o(.text)
    HAL_TIM_IC_Stop                          0x08012ec9   Thumb Code   266  stm32h7xx_hal_tim.o(.text)
    HAL_TIM_IC_Start_IT                      0x08012fd9   Thumb Code   730  stm32h7xx_hal_tim.o(.text)
    HAL_TIM_IC_Stop_IT                       0x080132b9   Thumb Code   372  stm32h7xx_hal_tim.o(.text)
    HAL_TIM_IC_Start_DMA                     0x08013431   Thumb Code  1056  stm32h7xx_hal_tim.o(.text)
    TIM_DMACaptureCplt                       0x08013851   Thumb Code   196  stm32h7xx_hal_tim.o(.text)
    TIM_DMACaptureHalfCplt                   0x08013919   Thumb Code   116  stm32h7xx_hal_tim.o(.text)
    HAL_TIM_IC_Stop_DMA                      0x08013991   Thumb Code   400  stm32h7xx_hal_tim.o(.text)
    HAL_TIM_OnePulse_Init                    0x08013b21   Thumb Code   120  stm32h7xx_hal_tim.o(.text)
    HAL_TIM_OnePulse_MspInit                 0x08013b99   Thumb Code     8  stm32h7xx_hal_tim.o(.text)
    HAL_TIM_OnePulse_DeInit                  0x08013ba1   Thumb Code   112  stm32h7xx_hal_tim.o(.text)
    HAL_TIM_OnePulse_MspDeInit               0x08013c11   Thumb Code     8  stm32h7xx_hal_tim.o(.text)
    HAL_TIM_OnePulse_Start                   0x08013c19   Thumb Code   258  stm32h7xx_hal_tim.o(.text)
    HAL_TIM_OnePulse_Stop                    0x08013d21   Thumb Code   282  stm32h7xx_hal_tim.o(.text)
    HAL_TIM_OnePulse_Start_IT                0x08013e41   Thumb Code   282  stm32h7xx_hal_tim.o(.text)
    HAL_TIM_OnePulse_Stop_IT                 0x08013f61   Thumb Code   306  stm32h7xx_hal_tim.o(.text)
    HAL_TIM_Encoder_Init                     0x08014099   Thumb Code   284  stm32h7xx_hal_tim.o(.text)
    HAL_TIM_Encoder_DeInit                   0x080141c1   Thumb Code   112  stm32h7xx_hal_tim.o(.text)
    HAL_TIM_Encoder_Start                    0x08014239   Thumb Code   276  stm32h7xx_hal_tim.o(.text)
    HAL_TIM_Encoder_Stop                     0x08014351   Thumb Code   362  stm32h7xx_hal_tim.o(.text)
    HAL_TIM_Encoder_Start_IT                 0x080144c1   Thumb Code   324  stm32h7xx_hal_tim.o(.text)
    HAL_TIM_Encoder_Stop_IT                  0x08014609   Thumb Code   410  stm32h7xx_hal_tim.o(.text)
    HAL_TIM_Encoder_Start_DMA                0x080147a9   Thumb Code   802  stm32h7xx_hal_tim.o(.text)
    HAL_TIM_Encoder_Stop_DMA                 0x08014ad1   Thumb Code   442  stm32h7xx_hal_tim.o(.text)
    HAL_TIM_IRQHandler                       0x08014c91   Thumb Code   592  stm32h7xx_hal_tim.o(.text)
    HAL_TIM_IC_CaptureCallback               0x08014ee1   Thumb Code     8  stm32h7xx_hal_tim.o(.text)
    HAL_TIM_OC_DelayElapsedCallback          0x08014ee9   Thumb Code     8  stm32h7xx_hal_tim.o(.text)
    HAL_TIM_PWM_PulseFinishedCallback        0x08014ef1   Thumb Code     8  stm32h7xx_hal_tim.o(.text)
    HAL_TIM_PeriodElapsedCallback            0x08014ef9   Thumb Code     8  stm32h7xx_hal_tim.o(.text)
    HAL_TIM_TriggerCallback                  0x08014f01   Thumb Code     8  stm32h7xx_hal_tim.o(.text)
    HAL_TIM_OC_ConfigChannel                 0x08014f09   Thumb Code   178  stm32h7xx_hal_tim.o(.text)
    TIM_OC2_SetConfig                        0x08015111   Thumb Code   364  stm32h7xx_hal_tim.o(.text)
    HAL_TIM_IC_ConfigChannel                 0x08015679   Thumb Code   286  stm32h7xx_hal_tim.o(.text)
    TIM_TI1_SetConfig                        0x08015799   Thumb Code   278  stm32h7xx_hal_tim.o(.text)
    HAL_TIM_PWM_ConfigChannel                0x08015a01   Thumb Code   414  stm32h7xx_hal_tim.o(.text)
    HAL_TIM_OnePulse_ConfigChannel           0x08015ba1   Thumb Code   390  stm32h7xx_hal_tim.o(.text)
    HAL_TIM_DMABurst_WriteStart              0x08015d29   Thumb Code    58  stm32h7xx_hal_tim.o(.text)
    HAL_TIM_DMABurst_MultiWriteStart         0x08015d69   Thumb Code   700  stm32h7xx_hal_tim.o(.text)
    HAL_TIM_DMABurst_WriteStop               0x08016069   Thumb Code   192  stm32h7xx_hal_tim.o(.text)
    HAL_TIM_DMABurst_ReadStart               0x08016129   Thumb Code    58  stm32h7xx_hal_tim.o(.text)
    HAL_TIM_DMABurst_MultiReadStart          0x08016169   Thumb Code   700  stm32h7xx_hal_tim.o(.text)
    HAL_TIM_DMABurst_ReadStop                0x08016429   Thumb Code   192  stm32h7xx_hal_tim.o(.text)
    HAL_TIM_GenerateEvent                    0x080164e9   Thumb Code    76  stm32h7xx_hal_tim.o(.text)
    HAL_TIM_ConfigOCrefClear                 0x08016539   Thumb Code   442  stm32h7xx_hal_tim.o(.text)
    TIM_ETR_SetConfig                        0x080166f9   Thumb Code    52  stm32h7xx_hal_tim.o(.text)
    HAL_TIM_ConfigClockSource                0x08016731   Thumb Code   442  stm32h7xx_hal_tim.o(.text)
    HAL_TIM_ConfigTI1Input                   0x080169c9   Thumb Code    44  stm32h7xx_hal_tim.o(.text)
    HAL_TIM_SlaveConfigSynchro               0x080169f9   Thumb Code   128  stm32h7xx_hal_tim.o(.text)
    HAL_TIM_SlaveConfigSynchro_IT            0x08016c29   Thumb Code   128  stm32h7xx_hal_tim.o(.text)
    HAL_TIM_ReadCapturedValue                0x08016ca9   Thumb Code    86  stm32h7xx_hal_tim.o(.text)
    HAL_TIM_PeriodElapsedHalfCpltCallback    0x08016d01   Thumb Code     8  stm32h7xx_hal_tim.o(.text)
    HAL_TIM_IC_CaptureHalfCpltCallback       0x08016d09   Thumb Code     8  stm32h7xx_hal_tim.o(.text)
    HAL_TIM_PWM_PulseFinishedHalfCpltCallback 0x08016d11   Thumb Code     8  stm32h7xx_hal_tim.o(.text)
    HAL_TIM_TriggerHalfCpltCallback          0x08016d19   Thumb Code     8  stm32h7xx_hal_tim.o(.text)
    HAL_TIM_ErrorCallback                    0x08016d21   Thumb Code     8  stm32h7xx_hal_tim.o(.text)
    HAL_TIM_Base_GetState                    0x08016d29   Thumb Code    12  stm32h7xx_hal_tim.o(.text)
    HAL_TIM_OC_GetState                      0x08016d39   Thumb Code    12  stm32h7xx_hal_tim.o(.text)
    HAL_TIM_PWM_GetState                     0x08016d49   Thumb Code    12  stm32h7xx_hal_tim.o(.text)
    HAL_TIM_IC_GetState                      0x08016d59   Thumb Code    12  stm32h7xx_hal_tim.o(.text)
    HAL_TIM_OnePulse_GetState                0x08016d69   Thumb Code    12  stm32h7xx_hal_tim.o(.text)
    HAL_TIM_Encoder_GetState                 0x08016d79   Thumb Code    12  stm32h7xx_hal_tim.o(.text)
    HAL_TIM_GetActiveChannel                 0x08016d89   Thumb Code    12  stm32h7xx_hal_tim.o(.text)
    HAL_TIM_GetChannelState                  0x08016d99   Thumb Code   126  stm32h7xx_hal_tim.o(.text)
    HAL_TIM_DMABurstState                    0x08016e19   Thumb Code    12  stm32h7xx_hal_tim.o(.text)
    HAL_TIMEx_HallSensor_Init                0x08016e29   Thumb Code   268  stm32h7xx_hal_tim_ex.o(.text)
    HAL_TIMEx_HallSensor_MspInit             0x08016f39   Thumb Code     8  stm32h7xx_hal_tim_ex.o(.text)
    HAL_TIMEx_HallSensor_DeInit              0x08016f41   Thumb Code   112  stm32h7xx_hal_tim_ex.o(.text)
    HAL_TIMEx_HallSensor_MspDeInit           0x08016fb1   Thumb Code     8  stm32h7xx_hal_tim_ex.o(.text)
    HAL_TIMEx_HallSensor_Start               0x08016fb9   Thumb Code   310  stm32h7xx_hal_tim_ex.o(.text)
    HAL_TIMEx_HallSensor_Stop                0x080170f1   Thumb Code    94  stm32h7xx_hal_tim_ex.o(.text)
    HAL_TIMEx_HallSensor_Start_IT            0x08017151   Thumb Code   322  stm32h7xx_hal_tim_ex.o(.text)
    HAL_TIMEx_HallSensor_Stop_IT             0x08017299   Thumb Code   106  stm32h7xx_hal_tim_ex.o(.text)
    HAL_TIMEx_HallSensor_Start_DMA           0x08017309   Thumb Code   410  stm32h7xx_hal_tim_ex.o(.text)
    HAL_TIMEx_HallSensor_Stop_DMA            0x080174a9   Thumb Code   106  stm32h7xx_hal_tim_ex.o(.text)
    HAL_TIMEx_OCN_Start                      0x08017519   Thumb Code   394  stm32h7xx_hal_tim_ex.o(.text)
    HAL_TIMEx_OCN_Stop                       0x080176e1   Thumb Code   200  stm32h7xx_hal_tim_ex.o(.text)
    HAL_TIMEx_OCN_Start_IT                   0x080177a9   Thumb Code   492  stm32h7xx_hal_tim_ex.o(.text)
    HAL_TIMEx_OCN_Stop_IT                    0x08017999   Thumb Code   322  stm32h7xx_hal_tim_ex.o(.text)
    HAL_TIMEx_OCN_Start_DMA                  0x08017ae1   Thumb Code   802  stm32h7xx_hal_tim_ex.o(.text)
    HAL_TIMEx_OCN_Stop_DMA                   0x08017f09   Thumb Code   310  stm32h7xx_hal_tim_ex.o(.text)
    HAL_TIMEx_PWMN_Start                     0x08018041   Thumb Code   394  stm32h7xx_hal_tim_ex.o(.text)
    HAL_TIMEx_PWMN_Stop                      0x080181d1   Thumb Code   200  stm32h7xx_hal_tim_ex.o(.text)
    HAL_TIMEx_PWMN_Start_IT                  0x08018299   Thumb Code   492  stm32h7xx_hal_tim_ex.o(.text)
    HAL_TIMEx_PWMN_Stop_IT                   0x08018489   Thumb Code   322  stm32h7xx_hal_tim_ex.o(.text)
    HAL_TIMEx_PWMN_Start_DMA                 0x080185d1   Thumb Code   802  stm32h7xx_hal_tim_ex.o(.text)
    HAL_TIMEx_PWMN_Stop_DMA                  0x080188f9   Thumb Code   310  stm32h7xx_hal_tim_ex.o(.text)
    HAL_TIMEx_OnePulseN_Start                0x08018a31   Thumb Code   148  stm32h7xx_hal_tim_ex.o(.text)
    HAL_TIMEx_OnePulseN_Stop                 0x08018ac9   Thumb Code   174  stm32h7xx_hal_tim_ex.o(.text)
    HAL_TIMEx_OnePulseN_Start_IT             0x08018b79   Thumb Code   172  stm32h7xx_hal_tim_ex.o(.text)
    HAL_TIMEx_OnePulseN_Stop_IT              0x08018c29   Thumb Code   198  stm32h7xx_hal_tim_ex.o(.text)
    HAL_TIMEx_ConfigCommutEvent              0x08018cf1   Thumb Code   204  stm32h7xx_hal_tim_ex.o(.text)
    HAL_TIMEx_ConfigCommutEvent_IT           0x08018dc1   Thumb Code   204  stm32h7xx_hal_tim_ex.o(.text)
    HAL_TIMEx_ConfigCommutEvent_DMA          0x08018e91   Thumb Code   246  stm32h7xx_hal_tim_ex.o(.text)
    TIMEx_DMACommutationCplt                 0x08018f89   Thumb Code    28  stm32h7xx_hal_tim_ex.o(.text)
    TIMEx_DMACommutationHalfCplt             0x08018fa9   Thumb Code    28  stm32h7xx_hal_tim_ex.o(.text)
    HAL_TIMEx_MasterConfigSynchronization    0x08018fc9   Thumb Code   328  stm32h7xx_hal_tim_ex.o(.text)
    HAL_TIMEx_ConfigBreakDeadTime            0x08019111   Thumb Code   262  stm32h7xx_hal_tim_ex.o(.text)
    HAL_TIMEx_ConfigBreakInput               0x08019219   Thumb Code   380  stm32h7xx_hal_tim_ex.o(.text)
    HAL_TIMEx_RemapConfig                    0x08019399   Thumb Code    76  stm32h7xx_hal_tim_ex.o(.text)
    HAL_TIMEx_TISelection                    0x080193e9   Thumb Code   184  stm32h7xx_hal_tim_ex.o(.text)
    HAL_TIMEx_GroupChannel5                  0x080194a1   Thumb Code    92  stm32h7xx_hal_tim_ex.o(.text)
    HAL_TIMEx_CommutCallback                 0x08019501   Thumb Code     8  stm32h7xx_hal_tim_ex.o(.text)
    HAL_TIMEx_CommutHalfCpltCallback         0x08019509   Thumb Code     8  stm32h7xx_hal_tim_ex.o(.text)
    HAL_TIMEx_BreakCallback                  0x08019511   Thumb Code     8  stm32h7xx_hal_tim_ex.o(.text)
    HAL_TIMEx_Break2Callback                 0x08019519   Thumb Code     8  stm32h7xx_hal_tim_ex.o(.text)
    HAL_TIMEx_HallSensor_GetState            0x08019521   Thumb Code    12  stm32h7xx_hal_tim_ex.o(.text)
    HAL_TIMEx_GetChannelNState               0x08019531   Thumb Code    82  stm32h7xx_hal_tim_ex.o(.text)
    Reset_Handler                            0x08019585   Thumb Code     8  startup_stm32h750xx.o(.text)
    ADC3_IRQHandler                          0x0801959f   Thumb Code     0  startup_stm32h750xx.o(.text)
    ADC_IRQHandler                           0x0801959f   Thumb Code     0  startup_stm32h750xx.o(.text)
    BDMA_Channel0_IRQHandler                 0x0801959f   Thumb Code     0  startup_stm32h750xx.o(.text)
    BDMA_Channel1_IRQHandler                 0x0801959f   Thumb Code     0  startup_stm32h750xx.o(.text)
    BDMA_Channel2_IRQHandler                 0x0801959f   Thumb Code     0  startup_stm32h750xx.o(.text)
    BDMA_Channel3_IRQHandler                 0x0801959f   Thumb Code     0  startup_stm32h750xx.o(.text)
    BDMA_Channel4_IRQHandler                 0x0801959f   Thumb Code     0  startup_stm32h750xx.o(.text)
    BDMA_Channel5_IRQHandler                 0x0801959f   Thumb Code     0  startup_stm32h750xx.o(.text)
    BDMA_Channel6_IRQHandler                 0x0801959f   Thumb Code     0  startup_stm32h750xx.o(.text)
    BDMA_Channel7_IRQHandler                 0x0801959f   Thumb Code     0  startup_stm32h750xx.o(.text)
    CEC_IRQHandler                           0x0801959f   Thumb Code     0  startup_stm32h750xx.o(.text)
    COMP1_IRQHandler                         0x0801959f   Thumb Code     0  startup_stm32h750xx.o(.text)
    CRS_IRQHandler                           0x0801959f   Thumb Code     0  startup_stm32h750xx.o(.text)
    CRYP_IRQHandler                          0x0801959f   Thumb Code     0  startup_stm32h750xx.o(.text)
    DCMI_IRQHandler                          0x0801959f   Thumb Code     0  startup_stm32h750xx.o(.text)
    DFSDM1_FLT0_IRQHandler                   0x0801959f   Thumb Code     0  startup_stm32h750xx.o(.text)
    DFSDM1_FLT1_IRQHandler                   0x0801959f   Thumb Code     0  startup_stm32h750xx.o(.text)
    DFSDM1_FLT2_IRQHandler                   0x0801959f   Thumb Code     0  startup_stm32h750xx.o(.text)
    DFSDM1_FLT3_IRQHandler                   0x0801959f   Thumb Code     0  startup_stm32h750xx.o(.text)
    DMA1_Stream0_IRQHandler                  0x0801959f   Thumb Code     0  startup_stm32h750xx.o(.text)
    DMA1_Stream1_IRQHandler                  0x0801959f   Thumb Code     0  startup_stm32h750xx.o(.text)
    DMA1_Stream2_IRQHandler                  0x0801959f   Thumb Code     0  startup_stm32h750xx.o(.text)
    DMA1_Stream3_IRQHandler                  0x0801959f   Thumb Code     0  startup_stm32h750xx.o(.text)
    DMA1_Stream4_IRQHandler                  0x0801959f   Thumb Code     0  startup_stm32h750xx.o(.text)
    DMA1_Stream5_IRQHandler                  0x0801959f   Thumb Code     0  startup_stm32h750xx.o(.text)
    DMA1_Stream6_IRQHandler                  0x0801959f   Thumb Code     0  startup_stm32h750xx.o(.text)
    DMA1_Stream7_IRQHandler                  0x0801959f   Thumb Code     0  startup_stm32h750xx.o(.text)
    DMA2D_IRQHandler                         0x0801959f   Thumb Code     0  startup_stm32h750xx.o(.text)
    DMA2_Stream0_IRQHandler                  0x0801959f   Thumb Code     0  startup_stm32h750xx.o(.text)
    DMA2_Stream1_IRQHandler                  0x0801959f   Thumb Code     0  startup_stm32h750xx.o(.text)
    DMA2_Stream2_IRQHandler                  0x0801959f   Thumb Code     0  startup_stm32h750xx.o(.text)
    DMA2_Stream3_IRQHandler                  0x0801959f   Thumb Code     0  startup_stm32h750xx.o(.text)
    DMA2_Stream4_IRQHandler                  0x0801959f   Thumb Code     0  startup_stm32h750xx.o(.text)
    DMA2_Stream5_IRQHandler                  0x0801959f   Thumb Code     0  startup_stm32h750xx.o(.text)
    DMA2_Stream6_IRQHandler                  0x0801959f   Thumb Code     0  startup_stm32h750xx.o(.text)
    DMA2_Stream7_IRQHandler                  0x0801959f   Thumb Code     0  startup_stm32h750xx.o(.text)
    DMAMUX1_OVR_IRQHandler                   0x0801959f   Thumb Code     0  startup_stm32h750xx.o(.text)
    DMAMUX2_OVR_IRQHandler                   0x0801959f   Thumb Code     0  startup_stm32h750xx.o(.text)
    ECC_IRQHandler                           0x0801959f   Thumb Code     0  startup_stm32h750xx.o(.text)
    ETH_IRQHandler                           0x0801959f   Thumb Code     0  startup_stm32h750xx.o(.text)
    ETH_WKUP_IRQHandler                      0x0801959f   Thumb Code     0  startup_stm32h750xx.o(.text)
    EXTI0_IRQHandler                         0x0801959f   Thumb Code     0  startup_stm32h750xx.o(.text)
    EXTI15_10_IRQHandler                     0x0801959f   Thumb Code     0  startup_stm32h750xx.o(.text)
    EXTI1_IRQHandler                         0x0801959f   Thumb Code     0  startup_stm32h750xx.o(.text)
    EXTI2_IRQHandler                         0x0801959f   Thumb Code     0  startup_stm32h750xx.o(.text)
    EXTI3_IRQHandler                         0x0801959f   Thumb Code     0  startup_stm32h750xx.o(.text)
    EXTI4_IRQHandler                         0x0801959f   Thumb Code     0  startup_stm32h750xx.o(.text)
    EXTI9_5_IRQHandler                       0x0801959f   Thumb Code     0  startup_stm32h750xx.o(.text)
    FDCAN1_IT0_IRQHandler                    0x0801959f   Thumb Code     0  startup_stm32h750xx.o(.text)
    FDCAN1_IT1_IRQHandler                    0x0801959f   Thumb Code     0  startup_stm32h750xx.o(.text)
    FDCAN2_IT0_IRQHandler                    0x0801959f   Thumb Code     0  startup_stm32h750xx.o(.text)
    FDCAN2_IT1_IRQHandler                    0x0801959f   Thumb Code     0  startup_stm32h750xx.o(.text)
    FDCAN_CAL_IRQHandler                     0x0801959f   Thumb Code     0  startup_stm32h750xx.o(.text)
    FLASH_IRQHandler                         0x0801959f   Thumb Code     0  startup_stm32h750xx.o(.text)
    FMC_IRQHandler                           0x0801959f   Thumb Code     0  startup_stm32h750xx.o(.text)
    FPU_IRQHandler                           0x0801959f   Thumb Code     0  startup_stm32h750xx.o(.text)
    HASH_RNG_IRQHandler                      0x0801959f   Thumb Code     0  startup_stm32h750xx.o(.text)
    HRTIM1_FLT_IRQHandler                    0x0801959f   Thumb Code     0  startup_stm32h750xx.o(.text)
    HRTIM1_Master_IRQHandler                 0x0801959f   Thumb Code     0  startup_stm32h750xx.o(.text)
    HRTIM1_TIMA_IRQHandler                   0x0801959f   Thumb Code     0  startup_stm32h750xx.o(.text)
    HRTIM1_TIMB_IRQHandler                   0x0801959f   Thumb Code     0  startup_stm32h750xx.o(.text)
    HRTIM1_TIMC_IRQHandler                   0x0801959f   Thumb Code     0  startup_stm32h750xx.o(.text)
    HRTIM1_TIMD_IRQHandler                   0x0801959f   Thumb Code     0  startup_stm32h750xx.o(.text)
    HRTIM1_TIME_IRQHandler                   0x0801959f   Thumb Code     0  startup_stm32h750xx.o(.text)
    HSEM1_IRQHandler                         0x0801959f   Thumb Code     0  startup_stm32h750xx.o(.text)
    I2C1_ER_IRQHandler                       0x0801959f   Thumb Code     0  startup_stm32h750xx.o(.text)
    I2C1_EV_IRQHandler                       0x0801959f   Thumb Code     0  startup_stm32h750xx.o(.text)
    I2C2_ER_IRQHandler                       0x0801959f   Thumb Code     0  startup_stm32h750xx.o(.text)
    I2C2_EV_IRQHandler                       0x0801959f   Thumb Code     0  startup_stm32h750xx.o(.text)
    I2C3_ER_IRQHandler                       0x0801959f   Thumb Code     0  startup_stm32h750xx.o(.text)
    I2C3_EV_IRQHandler                       0x0801959f   Thumb Code     0  startup_stm32h750xx.o(.text)
    I2C4_ER_IRQHandler                       0x0801959f   Thumb Code     0  startup_stm32h750xx.o(.text)
    I2C4_EV_IRQHandler                       0x0801959f   Thumb Code     0  startup_stm32h750xx.o(.text)
    JPEG_IRQHandler                          0x0801959f   Thumb Code     0  startup_stm32h750xx.o(.text)
    LPTIM1_IRQHandler                        0x0801959f   Thumb Code     0  startup_stm32h750xx.o(.text)
    LPTIM2_IRQHandler                        0x0801959f   Thumb Code     0  startup_stm32h750xx.o(.text)
    LPTIM3_IRQHandler                        0x0801959f   Thumb Code     0  startup_stm32h750xx.o(.text)
    LPTIM4_IRQHandler                        0x0801959f   Thumb Code     0  startup_stm32h750xx.o(.text)
    LPTIM5_IRQHandler                        0x0801959f   Thumb Code     0  startup_stm32h750xx.o(.text)
    LPUART1_IRQHandler                       0x0801959f   Thumb Code     0  startup_stm32h750xx.o(.text)
    LTDC_ER_IRQHandler                       0x0801959f   Thumb Code     0  startup_stm32h750xx.o(.text)
    LTDC_IRQHandler                          0x0801959f   Thumb Code     0  startup_stm32h750xx.o(.text)
    MDIOS_IRQHandler                         0x0801959f   Thumb Code     0  startup_stm32h750xx.o(.text)
    MDIOS_WKUP_IRQHandler                    0x0801959f   Thumb Code     0  startup_stm32h750xx.o(.text)
    MDMA_IRQHandler                          0x0801959f   Thumb Code     0  startup_stm32h750xx.o(.text)
    OTG_FS_EP1_IN_IRQHandler                 0x0801959f   Thumb Code     0  startup_stm32h750xx.o(.text)
    OTG_FS_EP1_OUT_IRQHandler                0x0801959f   Thumb Code     0  startup_stm32h750xx.o(.text)
    OTG_FS_IRQHandler                        0x0801959f   Thumb Code     0  startup_stm32h750xx.o(.text)
    OTG_FS_WKUP_IRQHandler                   0x0801959f   Thumb Code     0  startup_stm32h750xx.o(.text)
    OTG_HS_EP1_IN_IRQHandler                 0x0801959f   Thumb Code     0  startup_stm32h750xx.o(.text)
    OTG_HS_EP1_OUT_IRQHandler                0x0801959f   Thumb Code     0  startup_stm32h750xx.o(.text)
    OTG_HS_IRQHandler                        0x0801959f   Thumb Code     0  startup_stm32h750xx.o(.text)
    OTG_HS_WKUP_IRQHandler                   0x0801959f   Thumb Code     0  startup_stm32h750xx.o(.text)
    PVD_AVD_IRQHandler                       0x0801959f   Thumb Code     0  startup_stm32h750xx.o(.text)
    QUADSPI_IRQHandler                       0x0801959f   Thumb Code     0  startup_stm32h750xx.o(.text)
    RCC_IRQHandler                           0x0801959f   Thumb Code     0  startup_stm32h750xx.o(.text)
    RTC_Alarm_IRQHandler                     0x0801959f   Thumb Code     0  startup_stm32h750xx.o(.text)
    RTC_WKUP_IRQHandler                      0x0801959f   Thumb Code     0  startup_stm32h750xx.o(.text)
    SAI1_IRQHandler                          0x0801959f   Thumb Code     0  startup_stm32h750xx.o(.text)
    SAI2_IRQHandler                          0x0801959f   Thumb Code     0  startup_stm32h750xx.o(.text)
    SAI3_IRQHandler                          0x0801959f   Thumb Code     0  startup_stm32h750xx.o(.text)
    SAI4_IRQHandler                          0x0801959f   Thumb Code     0  startup_stm32h750xx.o(.text)
    SDMMC1_IRQHandler                        0x0801959f   Thumb Code     0  startup_stm32h750xx.o(.text)
    SDMMC2_IRQHandler                        0x0801959f   Thumb Code     0  startup_stm32h750xx.o(.text)
    SPDIF_RX_IRQHandler                      0x0801959f   Thumb Code     0  startup_stm32h750xx.o(.text)
    SPI1_IRQHandler                          0x0801959f   Thumb Code     0  startup_stm32h750xx.o(.text)
    SPI2_IRQHandler                          0x0801959f   Thumb Code     0  startup_stm32h750xx.o(.text)
    SPI3_IRQHandler                          0x0801959f   Thumb Code     0  startup_stm32h750xx.o(.text)
    SPI4_IRQHandler                          0x0801959f   Thumb Code     0  startup_stm32h750xx.o(.text)
    SPI5_IRQHandler                          0x0801959f   Thumb Code     0  startup_stm32h750xx.o(.text)
    SPI6_IRQHandler                          0x0801959f   Thumb Code     0  startup_stm32h750xx.o(.text)
    SWPMI1_IRQHandler                        0x0801959f   Thumb Code     0  startup_stm32h750xx.o(.text)
    TAMP_STAMP_IRQHandler                    0x0801959f   Thumb Code     0  startup_stm32h750xx.o(.text)
    TIM15_IRQHandler                         0x0801959f   Thumb Code     0  startup_stm32h750xx.o(.text)
    TIM16_IRQHandler                         0x0801959f   Thumb Code     0  startup_stm32h750xx.o(.text)
    TIM17_IRQHandler                         0x0801959f   Thumb Code     0  startup_stm32h750xx.o(.text)
    TIM1_BRK_IRQHandler                      0x0801959f   Thumb Code     0  startup_stm32h750xx.o(.text)
    TIM1_CC_IRQHandler                       0x0801959f   Thumb Code     0  startup_stm32h750xx.o(.text)
    TIM1_TRG_COM_IRQHandler                  0x0801959f   Thumb Code     0  startup_stm32h750xx.o(.text)
    TIM1_UP_IRQHandler                       0x0801959f   Thumb Code     0  startup_stm32h750xx.o(.text)
    TIM2_IRQHandler                          0x0801959f   Thumb Code     0  startup_stm32h750xx.o(.text)
    TIM3_IRQHandler                          0x0801959f   Thumb Code     0  startup_stm32h750xx.o(.text)
    TIM4_IRQHandler                          0x0801959f   Thumb Code     0  startup_stm32h750xx.o(.text)
    TIM5_IRQHandler                          0x0801959f   Thumb Code     0  startup_stm32h750xx.o(.text)
    TIM6_DAC_IRQHandler                      0x0801959f   Thumb Code     0  startup_stm32h750xx.o(.text)
    TIM7_IRQHandler                          0x0801959f   Thumb Code     0  startup_stm32h750xx.o(.text)
    TIM8_BRK_TIM12_IRQHandler                0x0801959f   Thumb Code     0  startup_stm32h750xx.o(.text)
    TIM8_CC_IRQHandler                       0x0801959f   Thumb Code     0  startup_stm32h750xx.o(.text)
    TIM8_TRG_COM_TIM14_IRQHandler            0x0801959f   Thumb Code     0  startup_stm32h750xx.o(.text)
    TIM8_UP_TIM13_IRQHandler                 0x0801959f   Thumb Code     0  startup_stm32h750xx.o(.text)
    UART4_IRQHandler                         0x0801959f   Thumb Code     0  startup_stm32h750xx.o(.text)
    UART5_IRQHandler                         0x0801959f   Thumb Code     0  startup_stm32h750xx.o(.text)
    UART7_IRQHandler                         0x0801959f   Thumb Code     0  startup_stm32h750xx.o(.text)
    UART8_IRQHandler                         0x0801959f   Thumb Code     0  startup_stm32h750xx.o(.text)
    USART1_IRQHandler                        0x0801959f   Thumb Code     0  startup_stm32h750xx.o(.text)
    USART2_IRQHandler                        0x0801959f   Thumb Code     0  startup_stm32h750xx.o(.text)
    USART3_IRQHandler                        0x0801959f   Thumb Code     0  startup_stm32h750xx.o(.text)
    USART6_IRQHandler                        0x0801959f   Thumb Code     0  startup_stm32h750xx.o(.text)
    WAKEUP_PIN_IRQHandler                    0x0801959f   Thumb Code     0  startup_stm32h750xx.o(.text)
    WWDG_IRQHandler                          0x0801959f   Thumb Code     0  startup_stm32h750xx.o(.text)
    __aeabi_memset                           0x080195a9   Thumb Code    14  memseta.o(.text)
    __aeabi_memset4                          0x080195a9   Thumb Code     0  memseta.o(.text)
    __aeabi_memset8                          0x080195a9   Thumb Code     0  memseta.o(.text)
    __aeabi_memclr                           0x080195b7   Thumb Code     4  memseta.o(.text)
    __aeabi_memclr4                          0x080195b7   Thumb Code     0  memseta.o(.text)
    __aeabi_memclr8                          0x080195b7   Thumb Code     0  memseta.o(.text)
    _memset$wrapper                          0x080195bb   Thumb Code    18  memseta.o(.text)
    __scatterload                            0x080195cd   Thumb Code    38  init.o(.text)
    __scatterload_rt2                        0x080195cd   Thumb Code     0  init.o(.text)
    __scatterload_copy                       0x080195fd   Thumb Code    14  handlers.o(i.__scatterload_copy)
    __scatterload_null                       0x0801960b   Thumb Code     2  handlers.o(i.__scatterload_null)
    __scatterload_zeroinit                   0x0801960d   Thumb Code    14  handlers.o(i.__scatterload_zeroinit)
    D1CorePrescTable                         0x0801961a   Data          16  system_stm32h7xx.o(.rodata.D1CorePrescTable)
    Region$$Table$$Base                      0x0801965c   Number         0  anon$$obj.o(Region$$Table)
    Region$$Table$$Limit                     0x0801967c   Number         0  anon$$obj.o(Region$$Table)
    SystemCoreClock                          0x24000000   Data           4  system_stm32h7xx.o(.data.SystemCoreClock)
    SystemD2Clock                            0x24000004   Data           4  system_stm32h7xx.o(.data.SystemD2Clock)
    uwTickFreq                               0x24000008   Data           4  stm32h7xx_hal.o(.data.uwTickFreq)
    uwTickPrio                               0x2400000c   Data           4  stm32h7xx_hal.o(.data.uwTickPrio)
    fontaddr                                 0x24000010   Data           4  oled.o(.bss.fontaddr)
    hspi1                                    0x24000014   Data         140  spi.o(.bss.hspi1)
    htim2                                    0x240000a0   Data         112  tim.o(.bss.htim2)
    uwTick                                   0x24000110   Data           4  stm32h7xx_hal.o(.bss.uwTick)
    __initial_sp                             0x24000918   Data           0  startup_stm32h750xx.o(STACK)



==============================================================================

Memory Map of the image

  Image Entry point : 0x08000299

  Load Region LR_IROM1 (Base: 0x08000000, Size: 0x00019690, Max: 0x00020000, ABSOLUTE)

    Execution Region ER_IROM1 (Base: 0x08000000, Size: 0x0001967c, Max: 0x00020000, ABSOLUTE)

    Base Addr    Size         Type   Attr      Idx    E Section Name        Object

    0x08000000   0x00000298   Data   RO          214    RESET               startup_stm32h750xx.o
    0x08000298   0x00000000   Code   RO          221  * .ARM.Collect$$$$00000000  mc_w.l(entry.o)
    0x08000298   0x00000004   Code   RO          226    .ARM.Collect$$$$00000001  mc_w.l(entry2.o)
    0x0800029c   0x00000004   Code   RO          229    .ARM.Collect$$$$00000004  mc_w.l(entry5.o)
    0x080002a0   0x00000000   Code   RO          231    .ARM.Collect$$$$00000008  mc_w.l(entry7b.o)
    0x080002a0   0x00000000   Code   RO          233    .ARM.Collect$$$$0000000A  mc_w.l(entry8b.o)
    0x080002a0   0x00000008   Code   RO          234    .ARM.Collect$$$$0000000B  mc_w.l(entry9a.o)
    0x080002a8   0x00000000   Code   RO          236    .ARM.Collect$$$$0000000D  mc_w.l(entry10a.o)
    0x080002a8   0x00000000   Code   RO          238    .ARM.Collect$$$$0000000F  mc_w.l(entry11a.o)
    0x080002a8   0x00000004   Code   RO          227    .ARM.Collect$$$$00002712  mc_w.l(entry2.o)
    0x080002ac   0x00000004   PAD
    0x080002b0   0x00000116   Code   RO            1    .text               gpio.o
    0x080003c6   0x00000002   PAD
    0x080003c8   0x000002a6   Code   RO            8    .text               main.o
    0x0800066e   0x00000002   PAD
    0x08000670   0x00000172   Code   RO           19    .text               spi.o
    0x080007e2   0x00000006   PAD
    0x080007e8   0x00000024   Code   RO           27    .text               stm32h7xx_hal_msp.o
    0x0800080c   0x00000004   PAD
    0x08000810   0x00000048   Code   RO           34    .text               stm32h7xx_it.o
    0x08000858   0x00000454   Code   RO           41    .text               system_stm32h7xx.o
    0x08000cac   0x00000004   PAD
    0x08000cb0   0x00000134   Code   RO           51    .text               tim.o
    0x08000de4   0x00000004   PAD
    0x08000de8   0x00000842   Code   RO           59    .text               oled.o
    0x0800162a   0x00000006   PAD
    0x08001630   0x00000860   Code   RO           67    .text               stm32h7xx_hal.o
    0x08001e90   0x000005c4   Code   RO           77    .text               stm32h7xx_hal_cortex.o
    0x08002454   0x00000004   PAD
    0x08002458   0x00004fc4   Code   RO           84    .text               stm32h7xx_hal_dma.o
    0x0800741c   0x00000004   PAD
    0x08007420   0x00000722   Code   RO          121    .text               stm32h7xx_hal_gpio.o
    0x08007b42   0x00000006   PAD
    0x08007b48   0x000002ea   Code   RO          156    .text               stm32h7xx_hal_pwr.o
    0x08007e32   0x00000006   PAD
    0x08007e38   0x00000a9a   Code   RO          163    .text               stm32h7xx_hal_pwr_ex.o
    0x080088d2   0x00000006   PAD
    0x080088d8   0x00001a4a   Code   RO          170    .text               stm32h7xx_hal_rcc.o
    0x0800a322   0x00000006   PAD
    0x0800a328   0x00002f82   Code   RO          177    .text               stm32h7xx_hal_rcc_ex.o
    0x0800d2aa   0x00000006   PAD
    0x0800d2b0   0x00002e9e   Code   RO          184    .text               stm32h7xx_hal_spi.o
    0x0801014e   0x00000002   PAD
    0x08010150   0x00006cd4   Code   RO          198    .text               stm32h7xx_hal_tim.o
    0x08016e24   0x00000004   PAD
    0x08016e28   0x0000275a   Code   RO          205    .text               stm32h7xx_hal_tim_ex.o
    0x08019582   0x00000002   PAD
    0x08019584   0x00000024   Code   RO          215    .text               startup_stm32h750xx.o
    0x080195a8   0x00000024   Code   RO          224    .text               mc_w.l(memseta.o)
    0x080195cc   0x00000030   Code   RO          240    .text               mc_w.l(init.o)
    0x080195fc   0x0000000e   Code   RO          244    i.__scatterload_copy  mc_w.l(handlers.o)
    0x0801960a   0x00000002   Code   RO          245    i.__scatterload_null  mc_w.l(handlers.o)
    0x0801960c   0x0000000e   Code   RO          246    i.__scatterload_zeroinit  mc_w.l(handlers.o)
    0x0801961a   0x00000010   Data   RO           45    .rodata.D1CorePrescTable  system_stm32h7xx.o
    0x0801962a   0x00000008   Data   RO           86    .rodata.DMA_CalcBaseAndBitshift.flagBitshiftOffset  stm32h7xx_hal_dma.o
    0x08019632   0x00000027   Data   RO           11    .rodata.str1.1      main.o
    0x08019659   0x00000003   PAD
    0x0801965c   0x00000020   Data   RO          243    Region$$Table       anon$$obj.o


    Execution Region RW_IRAM1 (Base: 0x20000000, Size: 0x00000000, Max: 0x00020000, ABSOLUTE)

    **** No section assigned to this execution region ****


    Execution Region RW_IRAM2 (Base: 0x24000000, Size: 0x00000918, Max: 0x00080000, ABSOLUTE)

    Base Addr    Size         Type   Attr      Idx    E Section Name        Object

    0x24000000   0x00000004   Data   RW           43    .data.SystemCoreClock  system_stm32h7xx.o
    0x24000004   0x00000004   Data   RW           44    .data.SystemD2Clock  system_stm32h7xx.o
    0x24000008   0x00000004   Data   RW           70    .data.uwTickFreq    stm32h7xx_hal.o
    0x2400000c   0x00000004   Data   RW           69    .data.uwTickPrio    stm32h7xx_hal.o
    0x24000010   0x00000004   Zero   RW           61    .bss.fontaddr       oled.o
    0x24000014   0x0000008c   Zero   RW           21    .bss.hspi1          spi.o
    0x240000a0   0x00000070   Zero   RW           53    .bss.htim2          tim.o
    0x24000110   0x00000004   Zero   RW           71    .bss.uwTick         stm32h7xx_hal.o
    0x24000114   0x00000004   PAD
    0x24000118   0x00000800   Zero   RW          212    STACK               startup_stm32h750xx.o


==============================================================================

Image component sizes


      Code (inc. data)   RO Data    RW Data    ZI Data      Debug   Object Name

       278          0          0          0          0       2925   gpio.o
       678          0         39          0          0       5727   main.o
      2114          0          0          0          4       4287   oled.o
       370          0          0          0        140       8061   spi.o
        36          8        664          0       2048        848   startup_stm32h750xx.o
      2144          0          0          8          4      12716   stm32h7xx_hal.o
      1476          0          0          0          0      10889   stm32h7xx_hal_cortex.o
     20420         22          8          0          0      12453   stm32h7xx_hal_dma.o
      1826          0          0          0          0       6814   stm32h7xx_hal_gpio.o
        36          0          0          0          0       2215   stm32h7xx_hal_msp.o
       746          0          0          0          0       4577   stm32h7xx_hal_pwr.o
      2714          0          0          0          0       9484   stm32h7xx_hal_pwr_ex.o
      6730         66          0          0          0      11605   stm32h7xx_hal_rcc.o
     12162        130          0          0          0      18703   stm32h7xx_hal_rcc_ex.o
     11934          0          0          0          0      19790   stm32h7xx_hal_spi.o
     27860        248          0          0          0      35037   stm32h7xx_hal_tim.o
     10074         22          0          0          0      16511   stm32h7xx_hal_tim_ex.o
        72          0          0          0          0        804   stm32h7xx_it.o
      1108         62         16          8          0       5753   system_stm32h7xx.o
       308          0          0          0        112       7008   tim.o

    ----------------------------------------------------------------------
    103160        562        762         16       2312     196207   Object Totals
         0          0         32          0          0          0   (incl. Generated)
        74          4          3          0          4          0   (incl. Padding)

    ----------------------------------------------------------------------

      Code (inc. data)   RO Data    RW Data    ZI Data      Debug   Library Member Name

         0          0          0          0          0          0   entry.o
         0          0          0          0          0          0   entry10a.o
         0          0          0          0          0          0   entry11a.o
         8          4          0          0          0          0   entry2.o
         4          0          0          0          0          0   entry5.o
         0          0          0          0          0          0   entry7b.o
         0          0          0          0          0          0   entry8b.o
         8          4          0          0          0          0   entry9a.o
        30          0          0          0          0          0   handlers.o
        48         10          0          0          0         68   init.o
        36          0          0          0          0        108   memseta.o

    ----------------------------------------------------------------------
       138         22          0          0          0        176   Library Totals
         4          4          0          0          0          0   (incl. Padding)

    ----------------------------------------------------------------------

      Code (inc. data)   RO Data    RW Data    ZI Data      Debug   Library Name

       134         18          0          0          0        176   mc_w.l

    ----------------------------------------------------------------------
       138         22          0          0          0        176   Library Totals

    ----------------------------------------------------------------------

==============================================================================


      Code (inc. data)   RO Data    RW Data    ZI Data      Debug   

    103298        584        762         16       2312     196227   Grand Totals
    103298        584        762         16       2312     196227   ELF Image Totals
    103298        584        762         16          0          0   ROM Totals

==============================================================================

    Total RO  Size (Code + RO Data)               104060 ( 101.62kB)
    Total RW  Size (RW Data + ZI Data)              2328 (   2.27kB)
    Total ROM Size (Code + RO Data + RW Data)     104076 ( 101.64kB)

==============================================================================

