<!doctype html public "-//w3c//dtd html 4.0 transitional//en">
<html><head>
<title>Static Call Graph - [./build/MI_INT/MI_INT.axf]</title></head>
<body><HR>
<H1>Static Call Graph for image ./build/MI_INT/MI_INT.axf</H1><HR>
<BR><P>#&#060CALLGRAPH&#062# ARM Linker, 6210000: Last Updated: Mon Jan 20 22:15:06 2025
<BR><P>
<H3>Maximum Stack Usage =        592 bytes + Unknown(Cycles, Untraceable Function Pointers)</H3><H3>
Call chain for Maximum Stack Depth:</H3>
main &rArr; MX_SPI1_Init &rArr; HAL_SPI_Init &rArr; HAL_SPI_MspInit &rArr; HAL_RCCEx_PeriphCLKConfig &rArr; RCCEx_PLL3_Config
<P>
<H3>
Mutually Recursive functions
</H3> <LI><a href="#[82]">ADC3_IRQHandler</a>&nbsp;&nbsp;&nbsp;&rArr;&nbsp;&nbsp;&nbsp;<a href="#[82]">ADC3_IRQHandler</a><BR>
</UL>
<P>
<H3>
Function Pointers
</H3><UL>
 <LI><a href="#[82]">ADC3_IRQHandler</a> from startup_stm32h750xx.o(.text) referenced from startup_stm32h750xx.o(RESET)
 <LI><a href="#[1c]">ADC_IRQHandler</a> from startup_stm32h750xx.o(.text) referenced from startup_stm32h750xx.o(RESET)
 <LI><a href="#[84]">BDMA_Channel0_IRQHandler</a> from startup_stm32h750xx.o(.text) referenced from startup_stm32h750xx.o(RESET)
 <LI><a href="#[85]">BDMA_Channel1_IRQHandler</a> from startup_stm32h750xx.o(.text) referenced from startup_stm32h750xx.o(RESET)
 <LI><a href="#[86]">BDMA_Channel2_IRQHandler</a> from startup_stm32h750xx.o(.text) referenced from startup_stm32h750xx.o(RESET)
 <LI><a href="#[87]">BDMA_Channel3_IRQHandler</a> from startup_stm32h750xx.o(.text) referenced from startup_stm32h750xx.o(RESET)
 <LI><a href="#[88]">BDMA_Channel4_IRQHandler</a> from startup_stm32h750xx.o(.text) referenced from startup_stm32h750xx.o(RESET)
 <LI><a href="#[89]">BDMA_Channel5_IRQHandler</a> from startup_stm32h750xx.o(.text) referenced from startup_stm32h750xx.o(RESET)
 <LI><a href="#[8a]">BDMA_Channel6_IRQHandler</a> from startup_stm32h750xx.o(.text) referenced from startup_stm32h750xx.o(RESET)
 <LI><a href="#[8b]">BDMA_Channel7_IRQHandler</a> from startup_stm32h750xx.o(.text) referenced from startup_stm32h750xx.o(RESET)
 <LI><a href="#[4]">BusFault_Handler</a> from stm32h7xx_it.o(.text) referenced from startup_stm32h750xx.o(RESET)
 <LI><a href="#[63]">CEC_IRQHandler</a> from startup_stm32h750xx.o(.text) referenced from startup_stm32h750xx.o(RESET)
 <LI><a href="#[8c]">COMP1_IRQHandler</a> from startup_stm32h750xx.o(.text) referenced from startup_stm32h750xx.o(RESET)
 <LI><a href="#[92]">CRS_IRQHandler</a> from startup_stm32h750xx.o(.text) referenced from startup_stm32h750xx.o(RESET)
 <LI><a href="#[54]">CRYP_IRQHandler</a> from startup_stm32h750xx.o(.text) referenced from startup_stm32h750xx.o(RESET)
 <LI><a href="#[53]">DCMI_IRQHandler</a> from startup_stm32h750xx.o(.text) referenced from startup_stm32h750xx.o(RESET)
 <LI><a href="#[73]">DFSDM1_FLT0_IRQHandler</a> from startup_stm32h750xx.o(.text) referenced from startup_stm32h750xx.o(RESET)
 <LI><a href="#[74]">DFSDM1_FLT1_IRQHandler</a> from startup_stm32h750xx.o(.text) referenced from startup_stm32h750xx.o(RESET)
 <LI><a href="#[75]">DFSDM1_FLT2_IRQHandler</a> from startup_stm32h750xx.o(.text) referenced from startup_stm32h750xx.o(RESET)
 <LI><a href="#[76]">DFSDM1_FLT3_IRQHandler</a> from startup_stm32h750xx.o(.text) referenced from startup_stm32h750xx.o(RESET)
 <LI><a href="#[15]">DMA1_Stream0_IRQHandler</a> from startup_stm32h750xx.o(.text) referenced from startup_stm32h750xx.o(RESET)
 <LI><a href="#[16]">DMA1_Stream1_IRQHandler</a> from startup_stm32h750xx.o(.text) referenced from startup_stm32h750xx.o(RESET)
 <LI><a href="#[17]">DMA1_Stream2_IRQHandler</a> from startup_stm32h750xx.o(.text) referenced from startup_stm32h750xx.o(RESET)
 <LI><a href="#[18]">DMA1_Stream3_IRQHandler</a> from startup_stm32h750xx.o(.text) referenced from startup_stm32h750xx.o(RESET)
 <LI><a href="#[19]">DMA1_Stream4_IRQHandler</a> from startup_stm32h750xx.o(.text) referenced from startup_stm32h750xx.o(RESET)
 <LI><a href="#[1a]">DMA1_Stream5_IRQHandler</a> from startup_stm32h750xx.o(.text) referenced from startup_stm32h750xx.o(RESET)
 <LI><a href="#[1b]">DMA1_Stream6_IRQHandler</a> from startup_stm32h750xx.o(.text) referenced from startup_stm32h750xx.o(RESET)
 <LI><a href="#[38]">DMA1_Stream7_IRQHandler</a> from startup_stm32h750xx.o(.text) referenced from startup_stm32h750xx.o(RESET)
 <LI><a href="#[5f]">DMA2D_IRQHandler</a> from startup_stm32h750xx.o(.text) referenced from startup_stm32h750xx.o(RESET)
 <LI><a href="#[41]">DMA2_Stream0_IRQHandler</a> from startup_stm32h750xx.o(.text) referenced from startup_stm32h750xx.o(RESET)
 <LI><a href="#[42]">DMA2_Stream1_IRQHandler</a> from startup_stm32h750xx.o(.text) referenced from startup_stm32h750xx.o(RESET)
 <LI><a href="#[43]">DMA2_Stream2_IRQHandler</a> from startup_stm32h750xx.o(.text) referenced from startup_stm32h750xx.o(RESET)
 <LI><a href="#[44]">DMA2_Stream3_IRQHandler</a> from startup_stm32h750xx.o(.text) referenced from startup_stm32h750xx.o(RESET)
 <LI><a href="#[45]">DMA2_Stream4_IRQHandler</a> from startup_stm32h750xx.o(.text) referenced from startup_stm32h750xx.o(RESET)
 <LI><a href="#[49]">DMA2_Stream5_IRQHandler</a> from startup_stm32h750xx.o(.text) referenced from startup_stm32h750xx.o(RESET)
 <LI><a href="#[4a]">DMA2_Stream6_IRQHandler</a> from startup_stm32h750xx.o(.text) referenced from startup_stm32h750xx.o(RESET)
 <LI><a href="#[4b]">DMA2_Stream7_IRQHandler</a> from startup_stm32h750xx.o(.text) referenced from startup_stm32h750xx.o(RESET)
 <LI><a href="#[6b]">DMAMUX1_OVR_IRQHandler</a> from startup_stm32h750xx.o(.text) referenced from startup_stm32h750xx.o(RESET)
 <LI><a href="#[83]">DMAMUX2_OVR_IRQHandler</a> from startup_stm32h750xx.o(.text) referenced from startup_stm32h750xx.o(RESET)
 <LI><a href="#[7]">DebugMon_Handler</a> from stm32h7xx_it.o(.text) referenced from startup_stm32h750xx.o(RESET)
 <LI><a href="#[93]">ECC_IRQHandler</a> from startup_stm32h750xx.o(.text) referenced from startup_stm32h750xx.o(RESET)
 <LI><a href="#[46]">ETH_IRQHandler</a> from startup_stm32h750xx.o(.text) referenced from startup_stm32h750xx.o(RESET)
 <LI><a href="#[47]">ETH_WKUP_IRQHandler</a> from startup_stm32h750xx.o(.text) referenced from startup_stm32h750xx.o(RESET)
 <LI><a href="#[10]">EXTI0_IRQHandler</a> from startup_stm32h750xx.o(.text) referenced from startup_stm32h750xx.o(RESET)
 <LI><a href="#[32]">EXTI15_10_IRQHandler</a> from startup_stm32h750xx.o(.text) referenced from startup_stm32h750xx.o(RESET)
 <LI><a href="#[11]">EXTI1_IRQHandler</a> from startup_stm32h750xx.o(.text) referenced from startup_stm32h750xx.o(RESET)
 <LI><a href="#[12]">EXTI2_IRQHandler</a> from startup_stm32h750xx.o(.text) referenced from startup_stm32h750xx.o(RESET)
 <LI><a href="#[13]">EXTI3_IRQHandler</a> from startup_stm32h750xx.o(.text) referenced from startup_stm32h750xx.o(RESET)
 <LI><a href="#[14]">EXTI4_IRQHandler</a> from startup_stm32h750xx.o(.text) referenced from startup_stm32h750xx.o(RESET)
 <LI><a href="#[21]">EXTI9_5_IRQHandler</a> from startup_stm32h750xx.o(.text) referenced from startup_stm32h750xx.o(RESET)
 <LI><a href="#[1d]">FDCAN1_IT0_IRQHandler</a> from startup_stm32h750xx.o(.text) referenced from startup_stm32h750xx.o(RESET)
 <LI><a href="#[1f]">FDCAN1_IT1_IRQHandler</a> from startup_stm32h750xx.o(.text) referenced from startup_stm32h750xx.o(RESET)
 <LI><a href="#[1e]">FDCAN2_IT0_IRQHandler</a> from startup_stm32h750xx.o(.text) referenced from startup_stm32h750xx.o(RESET)
 <LI><a href="#[20]">FDCAN2_IT1_IRQHandler</a> from startup_stm32h750xx.o(.text) referenced from startup_stm32h750xx.o(RESET)
 <LI><a href="#[48]">FDCAN_CAL_IRQHandler</a> from startup_stm32h750xx.o(.text) referenced from startup_stm32h750xx.o(RESET)
 <LI><a href="#[e]">FLASH_IRQHandler</a> from startup_stm32h750xx.o(.text) referenced from startup_stm32h750xx.o(RESET)
 <LI><a href="#[39]">FMC_IRQHandler</a> from startup_stm32h750xx.o(.text) referenced from startup_stm32h750xx.o(RESET)
 <LI><a href="#[56]">FPU_IRQHandler</a> from startup_stm32h750xx.o(.text) referenced from startup_stm32h750xx.o(RESET)
 <LI><a href="#[55]">HASH_RNG_IRQHandler</a> from startup_stm32h750xx.o(.text) referenced from startup_stm32h750xx.o(RESET)
 <LI><a href="#[72]">HRTIM1_FLT_IRQHandler</a> from startup_stm32h750xx.o(.text) referenced from startup_stm32h750xx.o(RESET)
 <LI><a href="#[6c]">HRTIM1_Master_IRQHandler</a> from startup_stm32h750xx.o(.text) referenced from startup_stm32h750xx.o(RESET)
 <LI><a href="#[6d]">HRTIM1_TIMA_IRQHandler</a> from startup_stm32h750xx.o(.text) referenced from startup_stm32h750xx.o(RESET)
 <LI><a href="#[6e]">HRTIM1_TIMB_IRQHandler</a> from startup_stm32h750xx.o(.text) referenced from startup_stm32h750xx.o(RESET)
 <LI><a href="#[6f]">HRTIM1_TIMC_IRQHandler</a> from startup_stm32h750xx.o(.text) referenced from startup_stm32h750xx.o(RESET)
 <LI><a href="#[70]">HRTIM1_TIMD_IRQHandler</a> from startup_stm32h750xx.o(.text) referenced from startup_stm32h750xx.o(RESET)
 <LI><a href="#[71]">HRTIM1_TIME_IRQHandler</a> from startup_stm32h750xx.o(.text) referenced from startup_stm32h750xx.o(RESET)
 <LI><a href="#[81]">HSEM1_IRQHandler</a> from startup_stm32h750xx.o(.text) referenced from startup_stm32h750xx.o(RESET)
 <LI><a href="#[2]">HardFault_Handler</a> from stm32h7xx_it.o(.text) referenced from startup_stm32h750xx.o(RESET)
 <LI><a href="#[2a]">I2C1_ER_IRQHandler</a> from startup_stm32h750xx.o(.text) referenced from startup_stm32h750xx.o(RESET)
 <LI><a href="#[29]">I2C1_EV_IRQHandler</a> from startup_stm32h750xx.o(.text) referenced from startup_stm32h750xx.o(RESET)
 <LI><a href="#[2c]">I2C2_ER_IRQHandler</a> from startup_stm32h750xx.o(.text) referenced from startup_stm32h750xx.o(RESET)
 <LI><a href="#[2b]">I2C2_EV_IRQHandler</a> from startup_stm32h750xx.o(.text) referenced from startup_stm32h750xx.o(RESET)
 <LI><a href="#[4e]">I2C3_ER_IRQHandler</a> from startup_stm32h750xx.o(.text) referenced from startup_stm32h750xx.o(RESET)
 <LI><a href="#[4d]">I2C3_EV_IRQHandler</a> from startup_stm32h750xx.o(.text) referenced from startup_stm32h750xx.o(RESET)
 <LI><a href="#[65]">I2C4_ER_IRQHandler</a> from startup_stm32h750xx.o(.text) referenced from startup_stm32h750xx.o(RESET)
 <LI><a href="#[64]">I2C4_EV_IRQHandler</a> from startup_stm32h750xx.o(.text) referenced from startup_stm32h750xx.o(RESET)
 <LI><a href="#[7e]">JPEG_IRQHandler</a> from startup_stm32h750xx.o(.text) referenced from startup_stm32h750xx.o(RESET)
 <LI><a href="#[62]">LPTIM1_IRQHandler</a> from startup_stm32h750xx.o(.text) referenced from startup_stm32h750xx.o(RESET)
 <LI><a href="#[8d]">LPTIM2_IRQHandler</a> from startup_stm32h750xx.o(.text) referenced from startup_stm32h750xx.o(RESET)
 <LI><a href="#[8e]">LPTIM3_IRQHandler</a> from startup_stm32h750xx.o(.text) referenced from startup_stm32h750xx.o(RESET)
 <LI><a href="#[8f]">LPTIM4_IRQHandler</a> from startup_stm32h750xx.o(.text) referenced from startup_stm32h750xx.o(RESET)
 <LI><a href="#[90]">LPTIM5_IRQHandler</a> from startup_stm32h750xx.o(.text) referenced from startup_stm32h750xx.o(RESET)
 <LI><a href="#[91]">LPUART1_IRQHandler</a> from startup_stm32h750xx.o(.text) referenced from startup_stm32h750xx.o(RESET)
 <LI><a href="#[5e]">LTDC_ER_IRQHandler</a> from startup_stm32h750xx.o(.text) referenced from startup_stm32h750xx.o(RESET)
 <LI><a href="#[5d]">LTDC_IRQHandler</a> from startup_stm32h750xx.o(.text) referenced from startup_stm32h750xx.o(RESET)
 <LI><a href="#[7d]">MDIOS_IRQHandler</a> from startup_stm32h750xx.o(.text) referenced from startup_stm32h750xx.o(RESET)
 <LI><a href="#[7c]">MDIOS_WKUP_IRQHandler</a> from startup_stm32h750xx.o(.text) referenced from startup_stm32h750xx.o(RESET)
 <LI><a href="#[7f]">MDMA_IRQHandler</a> from startup_stm32h750xx.o(.text) referenced from startup_stm32h750xx.o(RESET)
 <LI><a href="#[3]">MemManage_Handler</a> from stm32h7xx_it.o(.text) referenced from startup_stm32h750xx.o(RESET)
 <LI><a href="#[1]">NMI_Handler</a> from stm32h7xx_it.o(.text) referenced from startup_stm32h750xx.o(RESET)
 <LI><a href="#[68]">OTG_FS_EP1_IN_IRQHandler</a> from startup_stm32h750xx.o(.text) referenced from startup_stm32h750xx.o(RESET)
 <LI><a href="#[67]">OTG_FS_EP1_OUT_IRQHandler</a> from startup_stm32h750xx.o(.text) referenced from startup_stm32h750xx.o(RESET)
 <LI><a href="#[6a]">OTG_FS_IRQHandler</a> from startup_stm32h750xx.o(.text) referenced from startup_stm32h750xx.o(RESET)
 <LI><a href="#[69]">OTG_FS_WKUP_IRQHandler</a> from startup_stm32h750xx.o(.text) referenced from startup_stm32h750xx.o(RESET)
 <LI><a href="#[50]">OTG_HS_EP1_IN_IRQHandler</a> from startup_stm32h750xx.o(.text) referenced from startup_stm32h750xx.o(RESET)
 <LI><a href="#[4f]">OTG_HS_EP1_OUT_IRQHandler</a> from startup_stm32h750xx.o(.text) referenced from startup_stm32h750xx.o(RESET)
 <LI><a href="#[52]">OTG_HS_IRQHandler</a> from startup_stm32h750xx.o(.text) referenced from startup_stm32h750xx.o(RESET)
 <LI><a href="#[51]">OTG_HS_WKUP_IRQHandler</a> from startup_stm32h750xx.o(.text) referenced from startup_stm32h750xx.o(RESET)
 <LI><a href="#[b]">PVD_AVD_IRQHandler</a> from startup_stm32h750xx.o(.text) referenced from startup_stm32h750xx.o(RESET)
 <LI><a href="#[8]">PendSV_Handler</a> from stm32h7xx_it.o(.text) referenced from startup_stm32h750xx.o(RESET)
 <LI><a href="#[61]">QUADSPI_IRQHandler</a> from startup_stm32h750xx.o(.text) referenced from startup_stm32h750xx.o(RESET)
 <LI><a href="#[f]">RCC_IRQHandler</a> from startup_stm32h750xx.o(.text) referenced from startup_stm32h750xx.o(RESET)
 <LI><a href="#[33]">RTC_Alarm_IRQHandler</a> from startup_stm32h750xx.o(.text) referenced from startup_stm32h750xx.o(RESET)
 <LI><a href="#[d]">RTC_WKUP_IRQHandler</a> from startup_stm32h750xx.o(.text) referenced from startup_stm32h750xx.o(RESET)
 <LI><a href="#[0]">Reset_Handler</a> from startup_stm32h750xx.o(.text) referenced from startup_stm32h750xx.o(RESET)
 <LI><a href="#[5c]">SAI1_IRQHandler</a> from startup_stm32h750xx.o(.text) referenced from startup_stm32h750xx.o(RESET)
 <LI><a href="#[60]">SAI2_IRQHandler</a> from startup_stm32h750xx.o(.text) referenced from startup_stm32h750xx.o(RESET)
 <LI><a href="#[77]">SAI3_IRQHandler</a> from startup_stm32h750xx.o(.text) referenced from startup_stm32h750xx.o(RESET)
 <LI><a href="#[94]">SAI4_IRQHandler</a> from startup_stm32h750xx.o(.text) referenced from startup_stm32h750xx.o(RESET)
 <LI><a href="#[3a]">SDMMC1_IRQHandler</a> from startup_stm32h750xx.o(.text) referenced from startup_stm32h750xx.o(RESET)
 <LI><a href="#[80]">SDMMC2_IRQHandler</a> from startup_stm32h750xx.o(.text) referenced from startup_stm32h750xx.o(RESET)
 <LI><a href="#[66]">SPDIF_RX_IRQHandler</a> from startup_stm32h750xx.o(.text) referenced from startup_stm32h750xx.o(RESET)
 <LI><a href="#[2d]">SPI1_IRQHandler</a> from startup_stm32h750xx.o(.text) referenced from startup_stm32h750xx.o(RESET)
 <LI><a href="#[2e]">SPI2_IRQHandler</a> from startup_stm32h750xx.o(.text) referenced from startup_stm32h750xx.o(RESET)
 <LI><a href="#[3c]">SPI3_IRQHandler</a> from startup_stm32h750xx.o(.text) referenced from startup_stm32h750xx.o(RESET)
 <LI><a href="#[59]">SPI4_IRQHandler</a> from startup_stm32h750xx.o(.text) referenced from startup_stm32h750xx.o(RESET)
 <LI><a href="#[5a]">SPI5_IRQHandler</a> from startup_stm32h750xx.o(.text) referenced from startup_stm32h750xx.o(RESET)
 <LI><a href="#[5b]">SPI6_IRQHandler</a> from startup_stm32h750xx.o(.text) referenced from startup_stm32h750xx.o(RESET)
 <LI><a href="#[a6]">SPI_DMAAbortOnError</a> from stm32h7xx_hal_spi.o(.text) referenced 4 times from stm32h7xx_hal_spi.o(.text)
 <LI><a href="#[9f]">SPI_DMAError</a> from stm32h7xx_hal_spi.o(.text) referenced 8 times from stm32h7xx_hal_spi.o(.text)
 <LI><a href="#[a0]">SPI_DMAHalfReceiveCplt</a> from stm32h7xx_hal_spi.o(.text) referenced 2 times from stm32h7xx_hal_spi.o(.text)
 <LI><a href="#[9d]">SPI_DMAHalfTransmitCplt</a> from stm32h7xx_hal_spi.o(.text) referenced 2 times from stm32h7xx_hal_spi.o(.text)
 <LI><a href="#[a2]">SPI_DMAHalfTransmitReceiveCplt</a> from stm32h7xx_hal_spi.o(.text) referenced 2 times from stm32h7xx_hal_spi.o(.text)
 <LI><a href="#[a1]">SPI_DMAReceiveCplt</a> from stm32h7xx_hal_spi.o(.text) referenced 2 times from stm32h7xx_hal_spi.o(.text)
 <LI><a href="#[a5]">SPI_DMARxAbortCallback</a> from stm32h7xx_hal_spi.o(.text) referenced 2 times from stm32h7xx_hal_spi.o(.text)
 <LI><a href="#[9e]">SPI_DMATransmitCplt</a> from stm32h7xx_hal_spi.o(.text) referenced 2 times from stm32h7xx_hal_spi.o(.text)
 <LI><a href="#[a3]">SPI_DMATransmitReceiveCplt</a> from stm32h7xx_hal_spi.o(.text) referenced 2 times from stm32h7xx_hal_spi.o(.text)
 <LI><a href="#[a4]">SPI_DMATxAbortCallback</a> from stm32h7xx_hal_spi.o(.text) referenced 2 times from stm32h7xx_hal_spi.o(.text)
 <LI><a href="#[9b]">SPI_RxISR_16BIT</a> from stm32h7xx_hal_spi.o(.text) referenced 4 times from stm32h7xx_hal_spi.o(.text)
 <LI><a href="#[9a]">SPI_RxISR_32BIT</a> from stm32h7xx_hal_spi.o(.text) referenced 4 times from stm32h7xx_hal_spi.o(.text)
 <LI><a href="#[9c]">SPI_RxISR_8BIT</a> from stm32h7xx_hal_spi.o(.text) referenced 4 times from stm32h7xx_hal_spi.o(.text)
 <LI><a href="#[98]">SPI_TxISR_16BIT</a> from stm32h7xx_hal_spi.o(.text) referenced 4 times from stm32h7xx_hal_spi.o(.text)
 <LI><a href="#[97]">SPI_TxISR_32BIT</a> from stm32h7xx_hal_spi.o(.text) referenced 4 times from stm32h7xx_hal_spi.o(.text)
 <LI><a href="#[99]">SPI_TxISR_8BIT</a> from stm32h7xx_hal_spi.o(.text) referenced 4 times from stm32h7xx_hal_spi.o(.text)
 <LI><a href="#[6]">SVC_Handler</a> from stm32h7xx_it.o(.text) referenced from startup_stm32h750xx.o(RESET)
 <LI><a href="#[78]">SWPMI1_IRQHandler</a> from startup_stm32h750xx.o(.text) referenced from startup_stm32h750xx.o(RESET)
 <LI><a href="#[9]">SysTick_Handler</a> from stm32h7xx_it.o(.text) referenced from startup_stm32h750xx.o(RESET)
 <LI><a href="#[b4]">SystemInit</a> from system_stm32h7xx.o(.text) referenced from startup_stm32h750xx.o(.text)
 <LI><a href="#[c]">TAMP_STAMP_IRQHandler</a> from startup_stm32h750xx.o(.text) referenced from startup_stm32h750xx.o(RESET)
 <LI><a href="#[79]">TIM15_IRQHandler</a> from startup_stm32h750xx.o(.text) referenced from startup_stm32h750xx.o(RESET)
 <LI><a href="#[7a]">TIM16_IRQHandler</a> from startup_stm32h750xx.o(.text) referenced from startup_stm32h750xx.o(RESET)
 <LI><a href="#[7b]">TIM17_IRQHandler</a> from startup_stm32h750xx.o(.text) referenced from startup_stm32h750xx.o(RESET)
 <LI><a href="#[22]">TIM1_BRK_IRQHandler</a> from startup_stm32h750xx.o(.text) referenced from startup_stm32h750xx.o(RESET)
 <LI><a href="#[25]">TIM1_CC_IRQHandler</a> from startup_stm32h750xx.o(.text) referenced from startup_stm32h750xx.o(RESET)
 <LI><a href="#[24]">TIM1_TRG_COM_IRQHandler</a> from startup_stm32h750xx.o(.text) referenced from startup_stm32h750xx.o(RESET)
 <LI><a href="#[23]">TIM1_UP_IRQHandler</a> from startup_stm32h750xx.o(.text) referenced from startup_stm32h750xx.o(RESET)
 <LI><a href="#[26]">TIM2_IRQHandler</a> from startup_stm32h750xx.o(.text) referenced from startup_stm32h750xx.o(RESET)
 <LI><a href="#[27]">TIM3_IRQHandler</a> from startup_stm32h750xx.o(.text) referenced from startup_stm32h750xx.o(RESET)
 <LI><a href="#[28]">TIM4_IRQHandler</a> from startup_stm32h750xx.o(.text) referenced from startup_stm32h750xx.o(RESET)
 <LI><a href="#[3b]">TIM5_IRQHandler</a> from startup_stm32h750xx.o(.text) referenced from startup_stm32h750xx.o(RESET)
 <LI><a href="#[3f]">TIM6_DAC_IRQHandler</a> from startup_stm32h750xx.o(.text) referenced from startup_stm32h750xx.o(RESET)
 <LI><a href="#[40]">TIM7_IRQHandler</a> from startup_stm32h750xx.o(.text) referenced from startup_stm32h750xx.o(RESET)
 <LI><a href="#[34]">TIM8_BRK_TIM12_IRQHandler</a> from startup_stm32h750xx.o(.text) referenced from startup_stm32h750xx.o(RESET)
 <LI><a href="#[37]">TIM8_CC_IRQHandler</a> from startup_stm32h750xx.o(.text) referenced from startup_stm32h750xx.o(RESET)
 <LI><a href="#[36]">TIM8_TRG_COM_TIM14_IRQHandler</a> from startup_stm32h750xx.o(.text) referenced from startup_stm32h750xx.o(RESET)
 <LI><a href="#[35]">TIM8_UP_TIM13_IRQHandler</a> from startup_stm32h750xx.o(.text) referenced from startup_stm32h750xx.o(RESET)
 <LI><a href="#[ae]">TIMEx_DMACommutationCplt</a> from stm32h7xx_hal_tim_ex.o(.text) referenced 6 times from stm32h7xx_hal_tim.o(.text)
 <LI><a href="#[af]">TIMEx_DMACommutationHalfCplt</a> from stm32h7xx_hal_tim_ex.o(.text) referenced 6 times from stm32h7xx_hal_tim.o(.text)
 <LI><a href="#[ac]">TIM_DMACaptureCplt</a> from stm32h7xx_hal_tim.o(.text) referenced 26 times from stm32h7xx_hal_tim.o(.text)
 <LI><a href="#[ad]">TIM_DMACaptureHalfCplt</a> from stm32h7xx_hal_tim.o(.text) referenced 26 times from stm32h7xx_hal_tim.o(.text)
 <LI><a href="#[aa]">TIM_DMADelayPulseCplt</a> from stm32h7xx_hal_tim.o(.text) referenced 24 times from stm32h7xx_hal_tim.o(.text)
 <LI><a href="#[ab]">TIM_DMADelayPulseHalfCplt</a> from stm32h7xx_hal_tim.o(.text) referenced 36 times from stm32h7xx_hal_tim.o(.text)
 <LI><a href="#[b2]">TIM_DMADelayPulseNCplt</a> from stm32h7xx_hal_tim_ex.o(.text) referenced 12 times from stm32h7xx_hal_tim_ex.o(.text)
 <LI><a href="#[a9]">TIM_DMAError</a> from stm32h7xx_hal_tim.o(.text) referenced 66 times from stm32h7xx_hal_tim.o(.text)
 <LI><a href="#[b3]">TIM_DMAErrorCCxN</a> from stm32h7xx_hal_tim_ex.o(.text) referenced 12 times from stm32h7xx_hal_tim_ex.o(.text)
 <LI><a href="#[a7]">TIM_DMAPeriodElapsedCplt</a> from stm32h7xx_hal_tim.o(.text) referenced 6 times from stm32h7xx_hal_tim.o(.text)
 <LI><a href="#[a8]">TIM_DMAPeriodElapsedHalfCplt</a> from stm32h7xx_hal_tim.o(.text) referenced 6 times from stm32h7xx_hal_tim.o(.text)
 <LI><a href="#[b0]">TIM_DMATriggerCplt</a> from stm32h7xx_hal_tim.o(.text) referenced 4 times from stm32h7xx_hal_tim.o(.text)
 <LI><a href="#[b1]">TIM_DMATriggerHalfCplt</a> from stm32h7xx_hal_tim.o(.text) referenced 4 times from stm32h7xx_hal_tim.o(.text)
 <LI><a href="#[3d]">UART4_IRQHandler</a> from startup_stm32h750xx.o(.text) referenced from startup_stm32h750xx.o(RESET)
 <LI><a href="#[3e]">UART5_IRQHandler</a> from startup_stm32h750xx.o(.text) referenced from startup_stm32h750xx.o(RESET)
 <LI><a href="#[57]">UART7_IRQHandler</a> from startup_stm32h750xx.o(.text) referenced from startup_stm32h750xx.o(RESET)
 <LI><a href="#[58]">UART8_IRQHandler</a> from startup_stm32h750xx.o(.text) referenced from startup_stm32h750xx.o(RESET)
 <LI><a href="#[2f]">USART1_IRQHandler</a> from startup_stm32h750xx.o(.text) referenced from startup_stm32h750xx.o(RESET)
 <LI><a href="#[30]">USART2_IRQHandler</a> from startup_stm32h750xx.o(.text) referenced from startup_stm32h750xx.o(RESET)
 <LI><a href="#[31]">USART3_IRQHandler</a> from startup_stm32h750xx.o(.text) referenced from startup_stm32h750xx.o(RESET)
 <LI><a href="#[4c]">USART6_IRQHandler</a> from startup_stm32h750xx.o(.text) referenced from startup_stm32h750xx.o(RESET)
 <LI><a href="#[5]">UsageFault_Handler</a> from stm32h7xx_it.o(.text) referenced from startup_stm32h750xx.o(RESET)
 <LI><a href="#[95]">WAKEUP_PIN_IRQHandler</a> from startup_stm32h750xx.o(.text) referenced from startup_stm32h750xx.o(RESET)
 <LI><a href="#[a]">WWDG_IRQHandler</a> from startup_stm32h750xx.o(.text) referenced from startup_stm32h750xx.o(RESET)
 <LI><a href="#[b5]">__main</a> from entry.o(.ARM.Collect$$$$00000000) referenced from startup_stm32h750xx.o(.text)
 <LI><a href="#[96]">main</a> from main.o(.text) referenced from entry9a.o(.ARM.Collect$$$$0000000B)
</UL>
<P>
<H3>
Global Symbols
</H3>
<P><STRONG><a name="[b5]"></a>__main</STRONG> (Thumb, 0 bytes, Stack size unknown bytes, entry.o(.ARM.Collect$$$$00000000))
<BR>[Address Reference Count : 1]<UL><LI> startup_stm32h750xx.o(.text)
</UL>
<P><STRONG><a name="[1d8]"></a>_main_stk</STRONG> (Thumb, 0 bytes, Stack size unknown bytes, entry2.o(.ARM.Collect$$$$00000001))

<P><STRONG><a name="[b6]"></a>_main_scatterload</STRONG> (Thumb, 0 bytes, Stack size unknown bytes, entry5.o(.ARM.Collect$$$$00000004))
<BR><BR>[Calls]<UL><LI><a href="#[b7]">&gt;&gt;</a>&nbsp;&nbsp;&nbsp;__scatterload
</UL>

<P><STRONG><a name="[1d7]"></a>__main_after_scatterload</STRONG> (Thumb, 0 bytes, Stack size unknown bytes, entry5.o(.ARM.Collect$$$$00000004))
<BR><BR>[Called By]<UL><LI><a href="#[b7]">&gt;&gt;</a>&nbsp;&nbsp;&nbsp;__scatterload
</UL>

<P><STRONG><a name="[1d9]"></a>_main_clock</STRONG> (Thumb, 0 bytes, Stack size unknown bytes, entry7b.o(.ARM.Collect$$$$00000008))

<P><STRONG><a name="[1da]"></a>_main_cpp_init</STRONG> (Thumb, 0 bytes, Stack size unknown bytes, entry8b.o(.ARM.Collect$$$$0000000A))

<P><STRONG><a name="[1db]"></a>_main_init</STRONG> (Thumb, 0 bytes, Stack size unknown bytes, entry9a.o(.ARM.Collect$$$$0000000B))

<P><STRONG><a name="[1dc]"></a>__rt_final_cpp</STRONG> (Thumb, 0 bytes, Stack size unknown bytes, entry10a.o(.ARM.Collect$$$$0000000D))

<P><STRONG><a name="[1dd]"></a>__rt_final_exit</STRONG> (Thumb, 0 bytes, Stack size unknown bytes, entry11a.o(.ARM.Collect$$$$0000000F))

<P><STRONG><a name="[b8]"></a>MX_GPIO_Init</STRONG> (Thumb, 278 bytes, Stack size 80 bytes, gpio.o(.text))
<BR><BR>[Stack]<UL><LI>Max Depth = 144<LI>Call Chain = MX_GPIO_Init &rArr; HAL_GPIO_Init
</UL>
<BR>[Calls]<UL><LI><a href="#[ba]">&gt;&gt;</a>&nbsp;&nbsp;&nbsp;HAL_GPIO_Init
<LI><a href="#[b9]">&gt;&gt;</a>&nbsp;&nbsp;&nbsp;HAL_GPIO_WritePin
</UL>
<BR>[Called By]<UL><LI><a href="#[96]">&gt;&gt;</a>&nbsp;&nbsp;&nbsp;main
</UL>

<P><STRONG><a name="[96]"></a>main</STRONG> (Thumb, 338 bytes, Stack size 160 bytes, main.o(.text))
<BR><BR>[Stack]<UL><LI>Max Depth = 592<LI>Call Chain = main &rArr; MX_SPI1_Init &rArr; HAL_SPI_Init &rArr; HAL_SPI_MspInit &rArr; HAL_RCCEx_PeriphCLKConfig &rArr; RCCEx_PLL3_Config
</UL>
<BR>[Calls]<UL><LI><a href="#[c7]">&gt;&gt;</a>&nbsp;&nbsp;&nbsp;HAL_TIM_Encoder_Start
<LI><a href="#[c6]">&gt;&gt;</a>&nbsp;&nbsp;&nbsp;HAL_Delay
<LI><a href="#[c5]">&gt;&gt;</a>&nbsp;&nbsp;&nbsp;OLED_Display_GB2312_string
<LI><a href="#[c4]">&gt;&gt;</a>&nbsp;&nbsp;&nbsp;OLED_Clear
<LI><a href="#[c3]">&gt;&gt;</a>&nbsp;&nbsp;&nbsp;OLED_DisplayTurn
<LI><a href="#[c2]">&gt;&gt;</a>&nbsp;&nbsp;&nbsp;OLED_ColorTurn
<LI><a href="#[c1]">&gt;&gt;</a>&nbsp;&nbsp;&nbsp;OLED_Init
<LI><a href="#[bf]">&gt;&gt;</a>&nbsp;&nbsp;&nbsp;MX_TIM2_Init
<LI><a href="#[be]">&gt;&gt;</a>&nbsp;&nbsp;&nbsp;MX_SPI1_Init
<LI><a href="#[bd]">&gt;&gt;</a>&nbsp;&nbsp;&nbsp;SystemClock_Config
<LI><a href="#[bc]">&gt;&gt;</a>&nbsp;&nbsp;&nbsp;HAL_Init
<LI><a href="#[bb]">&gt;&gt;</a>&nbsp;&nbsp;&nbsp;MPU_Config
<LI><a href="#[b8]">&gt;&gt;</a>&nbsp;&nbsp;&nbsp;MX_GPIO_Init
<LI><a href="#[c0]">&gt;&gt;</a>&nbsp;&nbsp;&nbsp;__aeabi_memclr
</UL>
<BR>[Address Reference Count : 1]<UL><LI> entry9a.o(.ARM.Collect$$$$0000000B)
</UL>
<P><STRONG><a name="[bd]"></a>SystemClock_Config</STRONG> (Thumb, 230 bytes, Stack size 128 bytes, main.o(.text))
<BR><BR>[Stack]<UL><LI>Max Depth = 240<LI>Call Chain = SystemClock_Config &rArr; HAL_RCC_ClockConfig &rArr; HAL_InitTick &rArr; HAL_NVIC_SetPriority &rArr; NVIC_EncodePriority
</UL>
<BR>[Calls]<UL><LI><a href="#[cf]">&gt;&gt;</a>&nbsp;&nbsp;&nbsp;HAL_RCC_ClockConfig
<LI><a href="#[ce]">&gt;&gt;</a>&nbsp;&nbsp;&nbsp;Error_Handler
<LI><a href="#[cd]">&gt;&gt;</a>&nbsp;&nbsp;&nbsp;HAL_RCC_OscConfig
<LI><a href="#[cc]">&gt;&gt;</a>&nbsp;&nbsp;&nbsp;HAL_PWREx_ConfigSupply
<LI><a href="#[cb]">&gt;&gt;</a>&nbsp;&nbsp;&nbsp;__aeabi_memclr4
</UL>
<BR>[Called By]<UL><LI><a href="#[96]">&gt;&gt;</a>&nbsp;&nbsp;&nbsp;main
</UL>

<P><STRONG><a name="[ce]"></a>Error_Handler</STRONG> (Thumb, 14 bytes, Stack size 4 bytes, main.o(.text))
<BR><BR>[Stack]<UL><LI>Max Depth = 4<LI>Call Chain = Error_Handler
</UL>
<BR>[Called By]<UL><LI><a href="#[d1]">&gt;&gt;</a>&nbsp;&nbsp;&nbsp;HAL_SPI_MspInit
<LI><a href="#[bf]">&gt;&gt;</a>&nbsp;&nbsp;&nbsp;MX_TIM2_Init
<LI><a href="#[be]">&gt;&gt;</a>&nbsp;&nbsp;&nbsp;MX_SPI1_Init
<LI><a href="#[bd]">&gt;&gt;</a>&nbsp;&nbsp;&nbsp;SystemClock_Config
</UL>

<P><STRONG><a name="[be]"></a>MX_SPI1_Init</STRONG> (Thumb, 106 bytes, Stack size 16 bytes, spi.o(.text))
<BR><BR>[Stack]<UL><LI>Max Depth = 432<LI>Call Chain = MX_SPI1_Init &rArr; HAL_SPI_Init &rArr; HAL_SPI_MspInit &rArr; HAL_RCCEx_PeriphCLKConfig &rArr; RCCEx_PLL3_Config
</UL>
<BR>[Calls]<UL><LI><a href="#[d0]">&gt;&gt;</a>&nbsp;&nbsp;&nbsp;HAL_SPI_Init
<LI><a href="#[ce]">&gt;&gt;</a>&nbsp;&nbsp;&nbsp;Error_Handler
</UL>
<BR>[Called By]<UL><LI><a href="#[96]">&gt;&gt;</a>&nbsp;&nbsp;&nbsp;main
</UL>

<P><STRONG><a name="[d1]"></a>HAL_SPI_MspInit</STRONG> (Thumb, 194 bytes, Stack size 232 bytes, spi.o(.text))
<BR><BR>[Stack]<UL><LI>Max Depth = 384<LI>Call Chain = HAL_SPI_MspInit &rArr; HAL_RCCEx_PeriphCLKConfig &rArr; RCCEx_PLL3_Config
</UL>
<BR>[Calls]<UL><LI><a href="#[d3]">&gt;&gt;</a>&nbsp;&nbsp;&nbsp;HAL_RCCEx_PeriphCLKConfig
<LI><a href="#[ce]">&gt;&gt;</a>&nbsp;&nbsp;&nbsp;Error_Handler
<LI><a href="#[ba]">&gt;&gt;</a>&nbsp;&nbsp;&nbsp;HAL_GPIO_Init
<LI><a href="#[d2]">&gt;&gt;</a>&nbsp;&nbsp;&nbsp;__aeabi_memclr8
</UL>
<BR>[Called By]<UL><LI><a href="#[d0]">&gt;&gt;</a>&nbsp;&nbsp;&nbsp;HAL_SPI_Init
</UL>

<P><STRONG><a name="[d4]"></a>HAL_SPI_MspDeInit</STRONG> (Thumb, 58 bytes, Stack size 16 bytes, spi.o(.text), UNUSED)
<BR><BR>[Calls]<UL><LI><a href="#[d5]">&gt;&gt;</a>&nbsp;&nbsp;&nbsp;HAL_GPIO_DeInit
</UL>
<BR>[Called By]<UL><LI><a href="#[144]">&gt;&gt;</a>&nbsp;&nbsp;&nbsp;HAL_SPI_DeInit
</UL>

<P><STRONG><a name="[ea]"></a>HAL_MspInit</STRONG> (Thumb, 36 bytes, Stack size 4 bytes, stm32h7xx_hal_msp.o(.text))
<BR><BR>[Stack]<UL><LI>Max Depth = 4<LI>Call Chain = HAL_MspInit
</UL>
<BR>[Called By]<UL><LI><a href="#[bc]">&gt;&gt;</a>&nbsp;&nbsp;&nbsp;HAL_Init
</UL>

<P><STRONG><a name="[1]"></a>NMI_Handler</STRONG> (Thumb, 4 bytes, Stack size 0 bytes, stm32h7xx_it.o(.text))
<BR>[Address Reference Count : 1]<UL><LI> startup_stm32h750xx.o(RESET)
</UL>
<P><STRONG><a name="[2]"></a>HardFault_Handler</STRONG> (Thumb, 4 bytes, Stack size 0 bytes, stm32h7xx_it.o(.text))
<BR>[Address Reference Count : 1]<UL><LI> startup_stm32h750xx.o(RESET)
</UL>
<P><STRONG><a name="[3]"></a>MemManage_Handler</STRONG> (Thumb, 4 bytes, Stack size 0 bytes, stm32h7xx_it.o(.text))
<BR>[Address Reference Count : 1]<UL><LI> startup_stm32h750xx.o(RESET)
</UL>
<P><STRONG><a name="[4]"></a>BusFault_Handler</STRONG> (Thumb, 4 bytes, Stack size 0 bytes, stm32h7xx_it.o(.text))
<BR>[Address Reference Count : 1]<UL><LI> startup_stm32h750xx.o(RESET)
</UL>
<P><STRONG><a name="[5]"></a>UsageFault_Handler</STRONG> (Thumb, 4 bytes, Stack size 0 bytes, stm32h7xx_it.o(.text))
<BR>[Address Reference Count : 1]<UL><LI> startup_stm32h750xx.o(RESET)
</UL>
<P><STRONG><a name="[6]"></a>SVC_Handler</STRONG> (Thumb, 2 bytes, Stack size 0 bytes, stm32h7xx_it.o(.text))
<BR>[Address Reference Count : 1]<UL><LI> startup_stm32h750xx.o(RESET)
</UL>
<P><STRONG><a name="[7]"></a>DebugMon_Handler</STRONG> (Thumb, 2 bytes, Stack size 0 bytes, stm32h7xx_it.o(.text))
<BR>[Address Reference Count : 1]<UL><LI> startup_stm32h750xx.o(RESET)
</UL>
<P><STRONG><a name="[8]"></a>PendSV_Handler</STRONG> (Thumb, 2 bytes, Stack size 0 bytes, stm32h7xx_it.o(.text))
<BR>[Address Reference Count : 1]<UL><LI> startup_stm32h750xx.o(RESET)
</UL>
<P><STRONG><a name="[9]"></a>SysTick_Handler</STRONG> (Thumb, 8 bytes, Stack size 8 bytes, stm32h7xx_it.o(.text))
<BR><BR>[Stack]<UL><LI>Max Depth = 8<LI>Call Chain = SysTick_Handler
</UL>
<BR>[Calls]<UL><LI><a href="#[d6]">&gt;&gt;</a>&nbsp;&nbsp;&nbsp;HAL_IncTick
</UL>
<BR>[Address Reference Count : 1]<UL><LI> startup_stm32h750xx.o(RESET)
</UL>
<P><STRONG><a name="[b4]"></a>SystemInit</STRONG> (Thumb, 352 bytes, Stack size 4 bytes, system_stm32h7xx.o(.text))
<BR><BR>[Stack]<UL><LI>Max Depth = 4<LI>Call Chain = SystemInit
</UL>
<BR>[Address Reference Count : 1]<UL><LI> startup_stm32h750xx.o(.text)
</UL>
<P><STRONG><a name="[1de]"></a>SystemCoreClockUpdate</STRONG> (Thumb, 744 bytes, Stack size 44 bytes, system_stm32h7xx.o(.text), UNUSED)

<P><STRONG><a name="[bf]"></a>MX_TIM2_Init</STRONG> (Thumb, 124 bytes, Stack size 64 bytes, tim.o(.text))
<BR><BR>[Stack]<UL><LI>Max Depth = 200<LI>Call Chain = MX_TIM2_Init &rArr; HAL_TIM_Encoder_Init &rArr; HAL_TIM_Encoder_MspInit &rArr; HAL_GPIO_Init
</UL>
<BR>[Calls]<UL><LI><a href="#[d8]">&gt;&gt;</a>&nbsp;&nbsp;&nbsp;HAL_TIMEx_MasterConfigSynchronization
<LI><a href="#[d7]">&gt;&gt;</a>&nbsp;&nbsp;&nbsp;HAL_TIM_Encoder_Init
<LI><a href="#[ce]">&gt;&gt;</a>&nbsp;&nbsp;&nbsp;Error_Handler
<LI><a href="#[cb]">&gt;&gt;</a>&nbsp;&nbsp;&nbsp;__aeabi_memclr4
</UL>
<BR>[Called By]<UL><LI><a href="#[96]">&gt;&gt;</a>&nbsp;&nbsp;&nbsp;main
</UL>

<P><STRONG><a name="[d9]"></a>HAL_TIM_Encoder_MspInit</STRONG> (Thumb, 126 bytes, Stack size 40 bytes, tim.o(.text))
<BR><BR>[Stack]<UL><LI>Max Depth = 104<LI>Call Chain = HAL_TIM_Encoder_MspInit &rArr; HAL_GPIO_Init
</UL>
<BR>[Calls]<UL><LI><a href="#[ba]">&gt;&gt;</a>&nbsp;&nbsp;&nbsp;HAL_GPIO_Init
</UL>
<BR>[Called By]<UL><LI><a href="#[d7]">&gt;&gt;</a>&nbsp;&nbsp;&nbsp;HAL_TIM_Encoder_Init
</UL>

<P><STRONG><a name="[da]"></a>HAL_TIM_Encoder_MspDeInit</STRONG> (Thumb, 52 bytes, Stack size 16 bytes, tim.o(.text), UNUSED)
<BR><BR>[Calls]<UL><LI><a href="#[d5]">&gt;&gt;</a>&nbsp;&nbsp;&nbsp;HAL_GPIO_DeInit
</UL>
<BR>[Called By]<UL><LI><a href="#[18f]">&gt;&gt;</a>&nbsp;&nbsp;&nbsp;HAL_TIM_Encoder_DeInit
</UL>

<P><STRONG><a name="[c2]"></a>OLED_ColorTurn</STRONG> (Thumb, 50 bytes, Stack size 16 bytes, oled.o(.text))
<BR><BR>[Stack]<UL><LI>Max Depth = 112<LI>Call Chain = OLED_ColorTurn &rArr; OLED_WR_Byte &rArr; HAL_SPI_Transmit &rArr; SPI_WaitOnFlagUntilTimeout
</UL>
<BR>[Calls]<UL><LI><a href="#[db]">&gt;&gt;</a>&nbsp;&nbsp;&nbsp;OLED_WR_Byte
</UL>
<BR>[Called By]<UL><LI><a href="#[96]">&gt;&gt;</a>&nbsp;&nbsp;&nbsp;main
</UL>

<P><STRONG><a name="[db]"></a>OLED_WR_Byte</STRONG> (Thumb, 124 bytes, Stack size 24 bytes, oled.o(.text))
<BR><BR>[Stack]<UL><LI>Max Depth = 96<LI>Call Chain = OLED_WR_Byte &rArr; HAL_SPI_Transmit &rArr; SPI_WaitOnFlagUntilTimeout
</UL>
<BR>[Calls]<UL><LI><a href="#[dc]">&gt;&gt;</a>&nbsp;&nbsp;&nbsp;HAL_SPI_Transmit
<LI><a href="#[b9]">&gt;&gt;</a>&nbsp;&nbsp;&nbsp;HAL_GPIO_WritePin
</UL>
<BR>[Called By]<UL><LI><a href="#[e3]">&gt;&gt;</a>&nbsp;&nbsp;&nbsp;OLED_Display_5x7
<LI><a href="#[e2]">&gt;&gt;</a>&nbsp;&nbsp;&nbsp;OLED_Display_8x16
<LI><a href="#[e1]">&gt;&gt;</a>&nbsp;&nbsp;&nbsp;OLED_Display_16x16
<LI><a href="#[e0]">&gt;&gt;</a>&nbsp;&nbsp;&nbsp;OLED_Display_128x64
<LI><a href="#[df]">&gt;&gt;</a>&nbsp;&nbsp;&nbsp;OLED_address
<LI><a href="#[de]">&gt;&gt;</a>&nbsp;&nbsp;&nbsp;OLED_DisPlay_Off
<LI><a href="#[dd]">&gt;&gt;</a>&nbsp;&nbsp;&nbsp;OLED_DisPlay_On
<LI><a href="#[c4]">&gt;&gt;</a>&nbsp;&nbsp;&nbsp;OLED_Clear
<LI><a href="#[c3]">&gt;&gt;</a>&nbsp;&nbsp;&nbsp;OLED_DisplayTurn
<LI><a href="#[c2]">&gt;&gt;</a>&nbsp;&nbsp;&nbsp;OLED_ColorTurn
<LI><a href="#[c1]">&gt;&gt;</a>&nbsp;&nbsp;&nbsp;OLED_Init
</UL>

<P><STRONG><a name="[c3]"></a>OLED_DisplayTurn</STRONG> (Thumb, 70 bytes, Stack size 24 bytes, oled.o(.text))
<BR><BR>[Stack]<UL><LI>Max Depth = 120<LI>Call Chain = OLED_DisplayTurn &rArr; OLED_WR_Byte &rArr; HAL_SPI_Transmit &rArr; SPI_WaitOnFlagUntilTimeout
</UL>
<BR>[Calls]<UL><LI><a href="#[db]">&gt;&gt;</a>&nbsp;&nbsp;&nbsp;OLED_WR_Byte
</UL>
<BR>[Called By]<UL><LI><a href="#[96]">&gt;&gt;</a>&nbsp;&nbsp;&nbsp;main
</UL>

<P><STRONG><a name="[dd]"></a>OLED_DisPlay_On</STRONG> (Thumb, 34 bytes, Stack size 16 bytes, oled.o(.text), UNUSED)
<BR><BR>[Calls]<UL><LI><a href="#[db]">&gt;&gt;</a>&nbsp;&nbsp;&nbsp;OLED_WR_Byte
</UL>

<P><STRONG><a name="[de]"></a>OLED_DisPlay_Off</STRONG> (Thumb, 34 bytes, Stack size 16 bytes, oled.o(.text), UNUSED)
<BR><BR>[Calls]<UL><LI><a href="#[db]">&gt;&gt;</a>&nbsp;&nbsp;&nbsp;OLED_WR_Byte
</UL>

<P><STRONG><a name="[c4]"></a>OLED_Clear</STRONG> (Thumb, 112 bytes, Stack size 16 bytes, oled.o(.text))
<BR><BR>[Stack]<UL><LI>Max Depth = 112<LI>Call Chain = OLED_Clear &rArr; OLED_WR_Byte &rArr; HAL_SPI_Transmit &rArr; SPI_WaitOnFlagUntilTimeout
</UL>
<BR>[Calls]<UL><LI><a href="#[db]">&gt;&gt;</a>&nbsp;&nbsp;&nbsp;OLED_WR_Byte
</UL>
<BR>[Called By]<UL><LI><a href="#[c1]">&gt;&gt;</a>&nbsp;&nbsp;&nbsp;OLED_Init
<LI><a href="#[96]">&gt;&gt;</a>&nbsp;&nbsp;&nbsp;main
</UL>

<P><STRONG><a name="[df]"></a>OLED_address</STRONG> (Thumb, 60 bytes, Stack size 16 bytes, oled.o(.text))
<BR><BR>[Stack]<UL><LI>Max Depth = 112<LI>Call Chain = OLED_address &rArr; OLED_WR_Byte &rArr; HAL_SPI_Transmit &rArr; SPI_WaitOnFlagUntilTimeout
</UL>
<BR>[Calls]<UL><LI><a href="#[db]">&gt;&gt;</a>&nbsp;&nbsp;&nbsp;OLED_WR_Byte
</UL>
<BR>[Called By]<UL><LI><a href="#[e3]">&gt;&gt;</a>&nbsp;&nbsp;&nbsp;OLED_Display_5x7
<LI><a href="#[e2]">&gt;&gt;</a>&nbsp;&nbsp;&nbsp;OLED_Display_8x16
<LI><a href="#[e1]">&gt;&gt;</a>&nbsp;&nbsp;&nbsp;OLED_Display_16x16
<LI><a href="#[e0]">&gt;&gt;</a>&nbsp;&nbsp;&nbsp;OLED_Display_128x64
</UL>

<P><STRONG><a name="[e0]"></a>OLED_Display_128x64</STRONG> (Thumb, 102 bytes, Stack size 24 bytes, oled.o(.text), UNUSED)
<BR><BR>[Calls]<UL><LI><a href="#[df]">&gt;&gt;</a>&nbsp;&nbsp;&nbsp;OLED_address
<LI><a href="#[db]">&gt;&gt;</a>&nbsp;&nbsp;&nbsp;OLED_WR_Byte
</UL>

<P><STRONG><a name="[e1]"></a>OLED_Display_16x16</STRONG> (Thumb, 120 bytes, Stack size 24 bytes, oled.o(.text))
<BR><BR>[Stack]<UL><LI>Max Depth = 136<LI>Call Chain = OLED_Display_16x16 &rArr; OLED_address &rArr; OLED_WR_Byte &rArr; HAL_SPI_Transmit &rArr; SPI_WaitOnFlagUntilTimeout
</UL>
<BR>[Calls]<UL><LI><a href="#[df]">&gt;&gt;</a>&nbsp;&nbsp;&nbsp;OLED_address
<LI><a href="#[db]">&gt;&gt;</a>&nbsp;&nbsp;&nbsp;OLED_WR_Byte
</UL>
<BR>[Called By]<UL><LI><a href="#[c5]">&gt;&gt;</a>&nbsp;&nbsp;&nbsp;OLED_Display_GB2312_string
</UL>

<P><STRONG><a name="[e2]"></a>OLED_Display_8x16</STRONG> (Thumb, 120 bytes, Stack size 24 bytes, oled.o(.text))
<BR><BR>[Stack]<UL><LI>Max Depth = 136<LI>Call Chain = OLED_Display_8x16 &rArr; OLED_address &rArr; OLED_WR_Byte &rArr; HAL_SPI_Transmit &rArr; SPI_WaitOnFlagUntilTimeout
</UL>
<BR>[Calls]<UL><LI><a href="#[df]">&gt;&gt;</a>&nbsp;&nbsp;&nbsp;OLED_address
<LI><a href="#[db]">&gt;&gt;</a>&nbsp;&nbsp;&nbsp;OLED_WR_Byte
</UL>
<BR>[Called By]<UL><LI><a href="#[c5]">&gt;&gt;</a>&nbsp;&nbsp;&nbsp;OLED_Display_GB2312_string
</UL>

<P><STRONG><a name="[e3]"></a>OLED_Display_5x7</STRONG> (Thumb, 78 bytes, Stack size 24 bytes, oled.o(.text), UNUSED)
<BR><BR>[Calls]<UL><LI><a href="#[df]">&gt;&gt;</a>&nbsp;&nbsp;&nbsp;OLED_address
<LI><a href="#[db]">&gt;&gt;</a>&nbsp;&nbsp;&nbsp;OLED_WR_Byte
</UL>
<BR>[Called By]<UL><LI><a href="#[e6]">&gt;&gt;</a>&nbsp;&nbsp;&nbsp;OLED_Display_string_5x7
</UL>

<P><STRONG><a name="[e4]"></a>OLED_get_data_from_ROM</STRONG> (Thumb, 130 bytes, Stack size 40 bytes, oled.o(.text))
<BR><BR>[Stack]<UL><LI>Max Depth = 112<LI>Call Chain = OLED_get_data_from_ROM &rArr; HAL_SPI_Transmit &rArr; SPI_WaitOnFlagUntilTimeout
</UL>
<BR>[Calls]<UL><LI><a href="#[e5]">&gt;&gt;</a>&nbsp;&nbsp;&nbsp;HAL_SPI_Receive
<LI><a href="#[dc]">&gt;&gt;</a>&nbsp;&nbsp;&nbsp;HAL_SPI_Transmit
<LI><a href="#[b9]">&gt;&gt;</a>&nbsp;&nbsp;&nbsp;HAL_GPIO_WritePin
</UL>
<BR>[Called By]<UL><LI><a href="#[e6]">&gt;&gt;</a>&nbsp;&nbsp;&nbsp;OLED_Display_string_5x7
<LI><a href="#[c5]">&gt;&gt;</a>&nbsp;&nbsp;&nbsp;OLED_Display_GB2312_string
<LI><a href="#[c1]">&gt;&gt;</a>&nbsp;&nbsp;&nbsp;OLED_Init
</UL>

<P><STRONG><a name="[c5]"></a>OLED_Display_GB2312_string</STRONG> (Thumb, 560 bytes, Stack size 96 bytes, oled.o(.text))
<BR><BR>[Stack]<UL><LI>Max Depth = 232<LI>Call Chain = OLED_Display_GB2312_string &rArr; OLED_Display_8x16 &rArr; OLED_address &rArr; OLED_WR_Byte &rArr; HAL_SPI_Transmit &rArr; SPI_WaitOnFlagUntilTimeout
</UL>
<BR>[Calls]<UL><LI><a href="#[e4]">&gt;&gt;</a>&nbsp;&nbsp;&nbsp;OLED_get_data_from_ROM
<LI><a href="#[e2]">&gt;&gt;</a>&nbsp;&nbsp;&nbsp;OLED_Display_8x16
<LI><a href="#[e1]">&gt;&gt;</a>&nbsp;&nbsp;&nbsp;OLED_Display_16x16
</UL>
<BR>[Called By]<UL><LI><a href="#[96]">&gt;&gt;</a>&nbsp;&nbsp;&nbsp;main
</UL>

<P><STRONG><a name="[e6]"></a>OLED_Display_string_5x7</STRONG> (Thumb, 210 bytes, Stack size 40 bytes, oled.o(.text), UNUSED)
<BR><BR>[Calls]<UL><LI><a href="#[e4]">&gt;&gt;</a>&nbsp;&nbsp;&nbsp;OLED_get_data_from_ROM
<LI><a href="#[e3]">&gt;&gt;</a>&nbsp;&nbsp;&nbsp;OLED_Display_5x7
</UL>

<P><STRONG><a name="[c1]"></a>OLED_Init</STRONG> (Thumb, 266 bytes, Stack size 32 bytes, oled.o(.text))
<BR><BR>[Stack]<UL><LI>Max Depth = 144<LI>Call Chain = OLED_Init &rArr; OLED_get_data_from_ROM &rArr; HAL_SPI_Transmit &rArr; SPI_WaitOnFlagUntilTimeout
</UL>
<BR>[Calls]<UL><LI><a href="#[e4]">&gt;&gt;</a>&nbsp;&nbsp;&nbsp;OLED_get_data_from_ROM
<LI><a href="#[db]">&gt;&gt;</a>&nbsp;&nbsp;&nbsp;OLED_WR_Byte
<LI><a href="#[c4]">&gt;&gt;</a>&nbsp;&nbsp;&nbsp;OLED_Clear
</UL>
<BR>[Called By]<UL><LI><a href="#[96]">&gt;&gt;</a>&nbsp;&nbsp;&nbsp;main
</UL>

<P><STRONG><a name="[bc]"></a>HAL_Init</STRONG> (Thumb, 116 bytes, Stack size 16 bytes, stm32h7xx_hal.o(.text))
<BR><BR>[Stack]<UL><LI>Max Depth = 96<LI>Call Chain = HAL_Init &rArr; HAL_InitTick &rArr; HAL_NVIC_SetPriority &rArr; NVIC_EncodePriority
</UL>
<BR>[Calls]<UL><LI><a href="#[e9]">&gt;&gt;</a>&nbsp;&nbsp;&nbsp;HAL_InitTick
<LI><a href="#[e8]">&gt;&gt;</a>&nbsp;&nbsp;&nbsp;HAL_RCC_GetSysClockFreq
<LI><a href="#[e7]">&gt;&gt;</a>&nbsp;&nbsp;&nbsp;HAL_NVIC_SetPriorityGrouping
<LI><a href="#[ea]">&gt;&gt;</a>&nbsp;&nbsp;&nbsp;HAL_MspInit
</UL>
<BR>[Called By]<UL><LI><a href="#[96]">&gt;&gt;</a>&nbsp;&nbsp;&nbsp;main
</UL>

<P><STRONG><a name="[e9]"></a>HAL_InitTick</STRONG> (Thumb, 124 bytes, Stack size 16 bytes, stm32h7xx_hal.o(.text))
<BR><BR>[Stack]<UL><LI>Max Depth = 80<LI>Call Chain = HAL_InitTick &rArr; HAL_NVIC_SetPriority &rArr; NVIC_EncodePriority
</UL>
<BR>[Calls]<UL><LI><a href="#[ec]">&gt;&gt;</a>&nbsp;&nbsp;&nbsp;HAL_NVIC_SetPriority
<LI><a href="#[eb]">&gt;&gt;</a>&nbsp;&nbsp;&nbsp;HAL_SYSTICK_Config
</UL>
<BR>[Called By]<UL><LI><a href="#[128]">&gt;&gt;</a>&nbsp;&nbsp;&nbsp;HAL_RCC_DeInit
<LI><a href="#[ef]">&gt;&gt;</a>&nbsp;&nbsp;&nbsp;HAL_SetTickFreq
<LI><a href="#[cf]">&gt;&gt;</a>&nbsp;&nbsp;&nbsp;HAL_RCC_ClockConfig
<LI><a href="#[bc]">&gt;&gt;</a>&nbsp;&nbsp;&nbsp;HAL_Init
</UL>

<P><STRONG><a name="[ed]"></a>HAL_DeInit</STRONG> (Thumb, 184 bytes, Stack size 16 bytes, stm32h7xx_hal.o(.text), UNUSED)
<BR><BR>[Calls]<UL><LI><a href="#[ee]">&gt;&gt;</a>&nbsp;&nbsp;&nbsp;HAL_MspDeInit
</UL>

<P><STRONG><a name="[ee]"></a>HAL_MspDeInit</STRONG> (Thumb, 2 bytes, Stack size 0 bytes, stm32h7xx_hal.o(.text), UNUSED)
<BR><BR>[Called By]<UL><LI><a href="#[ed]">&gt;&gt;</a>&nbsp;&nbsp;&nbsp;HAL_DeInit
</UL>

<P><STRONG><a name="[d6]"></a>HAL_IncTick</STRONG> (Thumb, 26 bytes, Stack size 0 bytes, stm32h7xx_hal.o(.text))
<BR><BR>[Called By]<UL><LI><a href="#[9]">&gt;&gt;</a>&nbsp;&nbsp;&nbsp;SysTick_Handler
</UL>

<P><STRONG><a name="[f0]"></a>HAL_GetTick</STRONG> (Thumb, 12 bytes, Stack size 0 bytes, stm32h7xx_hal.o(.text))
<BR><BR>[Called By]<UL><LI><a href="#[147]">&gt;&gt;</a>&nbsp;&nbsp;&nbsp;HAL_SPI_TransmitReceive
<LI><a href="#[146]">&gt;&gt;</a>&nbsp;&nbsp;&nbsp;SPI_WaitOnFlagUntilTimeout
<LI><a href="#[13b]">&gt;&gt;</a>&nbsp;&nbsp;&nbsp;HAL_RCCEx_CRSWaitSynchronization
<LI><a href="#[132]">&gt;&gt;</a>&nbsp;&nbsp;&nbsp;RCCEx_PLL3_Config
<LI><a href="#[131]">&gt;&gt;</a>&nbsp;&nbsp;&nbsp;RCCEx_PLL2_Config
<LI><a href="#[128]">&gt;&gt;</a>&nbsp;&nbsp;&nbsp;HAL_RCC_DeInit
<LI><a href="#[125]">&gt;&gt;</a>&nbsp;&nbsp;&nbsp;HAL_PWREx_DisableUSBReg
<LI><a href="#[124]">&gt;&gt;</a>&nbsp;&nbsp;&nbsp;HAL_PWREx_EnableUSBReg
<LI><a href="#[123]">&gt;&gt;</a>&nbsp;&nbsp;&nbsp;HAL_PWREx_DisableBkUpReg
<LI><a href="#[122]">&gt;&gt;</a>&nbsp;&nbsp;&nbsp;HAL_PWREx_EnableBkUpReg
<LI><a href="#[11a]">&gt;&gt;</a>&nbsp;&nbsp;&nbsp;HAL_PWREx_ControlVoltageScaling
<LI><a href="#[115]">&gt;&gt;</a>&nbsp;&nbsp;&nbsp;HAL_DMA_PollForTransfer
<LI><a href="#[114]">&gt;&gt;</a>&nbsp;&nbsp;&nbsp;HAL_DMA_Abort
<LI><a href="#[10b]">&gt;&gt;</a>&nbsp;&nbsp;&nbsp;HAL_DMA_Init
<LI><a href="#[f1]">&gt;&gt;</a>&nbsp;&nbsp;&nbsp;HAL_SYSCFG_EnableVREFBUF
<LI><a href="#[e5]">&gt;&gt;</a>&nbsp;&nbsp;&nbsp;HAL_SPI_Receive
<LI><a href="#[dc]">&gt;&gt;</a>&nbsp;&nbsp;&nbsp;HAL_SPI_Transmit
<LI><a href="#[d3]">&gt;&gt;</a>&nbsp;&nbsp;&nbsp;HAL_RCCEx_PeriphCLKConfig
<LI><a href="#[cf]">&gt;&gt;</a>&nbsp;&nbsp;&nbsp;HAL_RCC_ClockConfig
<LI><a href="#[cd]">&gt;&gt;</a>&nbsp;&nbsp;&nbsp;HAL_RCC_OscConfig
<LI><a href="#[cc]">&gt;&gt;</a>&nbsp;&nbsp;&nbsp;HAL_PWREx_ConfigSupply
<LI><a href="#[c6]">&gt;&gt;</a>&nbsp;&nbsp;&nbsp;HAL_Delay
</UL>

<P><STRONG><a name="[1df]"></a>HAL_GetTickPrio</STRONG> (Thumb, 12 bytes, Stack size 0 bytes, stm32h7xx_hal.o(.text), UNUSED)

<P><STRONG><a name="[ef]"></a>HAL_SetTickFreq</STRONG> (Thumb, 88 bytes, Stack size 24 bytes, stm32h7xx_hal.o(.text), UNUSED)
<BR><BR>[Calls]<UL><LI><a href="#[e9]">&gt;&gt;</a>&nbsp;&nbsp;&nbsp;HAL_InitTick
</UL>

<P><STRONG><a name="[1e0]"></a>HAL_GetTickFreq</STRONG> (Thumb, 12 bytes, Stack size 0 bytes, stm32h7xx_hal.o(.text), UNUSED)

<P><STRONG><a name="[c6]"></a>HAL_Delay</STRONG> (Thumb, 66 bytes, Stack size 24 bytes, stm32h7xx_hal.o(.text))
<BR><BR>[Stack]<UL><LI>Max Depth = 24<LI>Call Chain = HAL_Delay
</UL>
<BR>[Calls]<UL><LI><a href="#[f0]">&gt;&gt;</a>&nbsp;&nbsp;&nbsp;HAL_GetTick
</UL>
<BR>[Called By]<UL><LI><a href="#[96]">&gt;&gt;</a>&nbsp;&nbsp;&nbsp;main
</UL>

<P><STRONG><a name="[1e1]"></a>HAL_SuspendTick</STRONG> (Thumb, 18 bytes, Stack size 0 bytes, stm32h7xx_hal.o(.text), UNUSED)

<P><STRONG><a name="[1e2]"></a>HAL_ResumeTick</STRONG> (Thumb, 18 bytes, Stack size 0 bytes, stm32h7xx_hal.o(.text), UNUSED)

<P><STRONG><a name="[1e3]"></a>HAL_GetHalVersion</STRONG> (Thumb, 10 bytes, Stack size 0 bytes, stm32h7xx_hal.o(.text), UNUSED)

<P><STRONG><a name="[129]"></a>HAL_GetREVID</STRONG> (Thumb, 14 bytes, Stack size 0 bytes, stm32h7xx_hal.o(.text))
<BR><BR>[Called By]<UL><LI><a href="#[13a]">&gt;&gt;</a>&nbsp;&nbsp;&nbsp;HAL_RCCEx_CRSConfig
<LI><a href="#[12e]">&gt;&gt;</a>&nbsp;&nbsp;&nbsp;HAL_RCC_GetOscConfig
<LI><a href="#[cd]">&gt;&gt;</a>&nbsp;&nbsp;&nbsp;HAL_RCC_OscConfig
</UL>

<P><STRONG><a name="[1e4]"></a>HAL_GetDEVID</STRONG> (Thumb, 16 bytes, Stack size 0 bytes, stm32h7xx_hal.o(.text), UNUSED)

<P><STRONG><a name="[1e5]"></a>HAL_GetUIDw0</STRONG> (Thumb, 12 bytes, Stack size 0 bytes, stm32h7xx_hal.o(.text), UNUSED)

<P><STRONG><a name="[1e6]"></a>HAL_GetUIDw1</STRONG> (Thumb, 12 bytes, Stack size 0 bytes, stm32h7xx_hal.o(.text), UNUSED)

<P><STRONG><a name="[1e7]"></a>HAL_GetUIDw2</STRONG> (Thumb, 12 bytes, Stack size 0 bytes, stm32h7xx_hal.o(.text), UNUSED)

<P><STRONG><a name="[1e8]"></a>HAL_SYSCFG_VREFBUF_VoltageScalingConfig</STRONG> (Thumb, 28 bytes, Stack size 4 bytes, stm32h7xx_hal.o(.text), UNUSED)

<P><STRONG><a name="[1e9]"></a>HAL_SYSCFG_VREFBUF_HighImpedanceConfig</STRONG> (Thumb, 28 bytes, Stack size 4 bytes, stm32h7xx_hal.o(.text), UNUSED)

<P><STRONG><a name="[1ea]"></a>HAL_SYSCFG_VREFBUF_TrimmingConfig</STRONG> (Thumb, 28 bytes, Stack size 4 bytes, stm32h7xx_hal.o(.text), UNUSED)

<P><STRONG><a name="[f1]"></a>HAL_SYSCFG_EnableVREFBUF</STRONG> (Thumb, 80 bytes, Stack size 16 bytes, stm32h7xx_hal.o(.text), UNUSED)
<BR><BR>[Calls]<UL><LI><a href="#[f0]">&gt;&gt;</a>&nbsp;&nbsp;&nbsp;HAL_GetTick
</UL>

<P><STRONG><a name="[1eb]"></a>HAL_SYSCFG_DisableVREFBUF</STRONG> (Thumb, 18 bytes, Stack size 0 bytes, stm32h7xx_hal.o(.text), UNUSED)

<P><STRONG><a name="[1ec]"></a>HAL_SYSCFG_ETHInterfaceSelect</STRONG> (Thumb, 28 bytes, Stack size 4 bytes, stm32h7xx_hal.o(.text), UNUSED)

<P><STRONG><a name="[1ed]"></a>HAL_SYSCFG_AnalogSwitchConfig</STRONG> (Thumb, 30 bytes, Stack size 8 bytes, stm32h7xx_hal.o(.text), UNUSED)

<P><STRONG><a name="[1ee]"></a>HAL_SYSCFG_EnableBOOST</STRONG> (Thumb, 18 bytes, Stack size 0 bytes, stm32h7xx_hal.o(.text), UNUSED)

<P><STRONG><a name="[1ef]"></a>HAL_SYSCFG_DisableBOOST</STRONG> (Thumb, 18 bytes, Stack size 0 bytes, stm32h7xx_hal.o(.text), UNUSED)

<P><STRONG><a name="[1f0]"></a>HAL_SYSCFG_CM7BootAddConfig</STRONG> (Thumb, 64 bytes, Stack size 8 bytes, stm32h7xx_hal.o(.text), UNUSED)

<P><STRONG><a name="[1f1]"></a>HAL_EnableCompensationCell</STRONG> (Thumb, 18 bytes, Stack size 0 bytes, stm32h7xx_hal.o(.text), UNUSED)

<P><STRONG><a name="[1f2]"></a>HAL_DisableCompensationCell</STRONG> (Thumb, 18 bytes, Stack size 0 bytes, stm32h7xx_hal.o(.text), UNUSED)

<P><STRONG><a name="[1f3]"></a>HAL_SYSCFG_EnableIOSpeedOptimize</STRONG> (Thumb, 18 bytes, Stack size 0 bytes, stm32h7xx_hal.o(.text), UNUSED)

<P><STRONG><a name="[1f4]"></a>HAL_SYSCFG_DisableIOSpeedOptimize</STRONG> (Thumb, 18 bytes, Stack size 0 bytes, stm32h7xx_hal.o(.text), UNUSED)

<P><STRONG><a name="[1f5]"></a>HAL_SYSCFG_CompensationCodeSelect</STRONG> (Thumb, 28 bytes, Stack size 4 bytes, stm32h7xx_hal.o(.text), UNUSED)

<P><STRONG><a name="[1f6]"></a>HAL_SYSCFG_CompensationCodeConfig</STRONG> (Thumb, 36 bytes, Stack size 8 bytes, stm32h7xx_hal.o(.text), UNUSED)

<P><STRONG><a name="[1f7]"></a>HAL_DBGMCU_EnableDBGSleepMode</STRONG> (Thumb, 18 bytes, Stack size 0 bytes, stm32h7xx_hal.o(.text), UNUSED)

<P><STRONG><a name="[1f8]"></a>HAL_DBGMCU_DisableDBGSleepMode</STRONG> (Thumb, 18 bytes, Stack size 0 bytes, stm32h7xx_hal.o(.text), UNUSED)

<P><STRONG><a name="[1f9]"></a>HAL_DBGMCU_EnableDBGStopMode</STRONG> (Thumb, 18 bytes, Stack size 0 bytes, stm32h7xx_hal.o(.text), UNUSED)

<P><STRONG><a name="[1fa]"></a>HAL_DBGMCU_DisableDBGStopMode</STRONG> (Thumb, 18 bytes, Stack size 0 bytes, stm32h7xx_hal.o(.text), UNUSED)

<P><STRONG><a name="[1fb]"></a>HAL_DBGMCU_EnableDBGStandbyMode</STRONG> (Thumb, 18 bytes, Stack size 0 bytes, stm32h7xx_hal.o(.text), UNUSED)

<P><STRONG><a name="[1fc]"></a>HAL_DBGMCU_DisableDBGStandbyMode</STRONG> (Thumb, 18 bytes, Stack size 0 bytes, stm32h7xx_hal.o(.text), UNUSED)

<P><STRONG><a name="[1fd]"></a>HAL_SetFMCMemorySwappingConfig</STRONG> (Thumb, 28 bytes, Stack size 4 bytes, stm32h7xx_hal.o(.text), UNUSED)

<P><STRONG><a name="[1fe]"></a>HAL_GetFMCMemorySwappingConfig</STRONG> (Thumb, 16 bytes, Stack size 0 bytes, stm32h7xx_hal.o(.text), UNUSED)

<P><STRONG><a name="[1ff]"></a>HAL_EXTI_EdgeConfig</STRONG> (Thumb, 146 bytes, Stack size 8 bytes, stm32h7xx_hal.o(.text), UNUSED)

<P><STRONG><a name="[200]"></a>HAL_EXTI_GenerateSWInterrupt</STRONG> (Thumb, 36 bytes, Stack size 4 bytes, stm32h7xx_hal.o(.text), UNUSED)

<P><STRONG><a name="[201]"></a>HAL_EXTI_D1_ClearFlag</STRONG> (Thumb, 34 bytes, Stack size 4 bytes, stm32h7xx_hal.o(.text), UNUSED)

<P><STRONG><a name="[202]"></a>HAL_EXTI_D1_EventInputConfig</STRONG> (Thumb, 186 bytes, Stack size 12 bytes, stm32h7xx_hal.o(.text), UNUSED)

<P><STRONG><a name="[203]"></a>HAL_EXTI_D3_EventInputConfig</STRONG> (Thumb, 152 bytes, Stack size 16 bytes, stm32h7xx_hal.o(.text), UNUSED)

<P><STRONG><a name="[e7]"></a>HAL_NVIC_SetPriorityGrouping</STRONG> (Thumb, 16 bytes, Stack size 16 bytes, stm32h7xx_hal_cortex.o(.text))
<BR><BR>[Stack]<UL><LI>Max Depth = 28<LI>Call Chain = HAL_NVIC_SetPriorityGrouping &rArr; __NVIC_SetPriorityGrouping
</UL>
<BR>[Calls]<UL><LI><a href="#[f2]">&gt;&gt;</a>&nbsp;&nbsp;&nbsp;__NVIC_SetPriorityGrouping
</UL>
<BR>[Called By]<UL><LI><a href="#[bc]">&gt;&gt;</a>&nbsp;&nbsp;&nbsp;HAL_Init
</UL>

<P><STRONG><a name="[ec]"></a>HAL_NVIC_SetPriority</STRONG> (Thumb, 42 bytes, Stack size 32 bytes, stm32h7xx_hal_cortex.o(.text))
<BR><BR>[Stack]<UL><LI>Max Depth = 64<LI>Call Chain = HAL_NVIC_SetPriority &rArr; NVIC_EncodePriority
</UL>
<BR>[Calls]<UL><LI><a href="#[f5]">&gt;&gt;</a>&nbsp;&nbsp;&nbsp;__NVIC_SetPriority
<LI><a href="#[f4]">&gt;&gt;</a>&nbsp;&nbsp;&nbsp;NVIC_EncodePriority
<LI><a href="#[f3]">&gt;&gt;</a>&nbsp;&nbsp;&nbsp;__NVIC_GetPriorityGrouping
</UL>
<BR>[Called By]<UL><LI><a href="#[e9]">&gt;&gt;</a>&nbsp;&nbsp;&nbsp;HAL_InitTick
</UL>

<P><STRONG><a name="[f6]"></a>HAL_NVIC_EnableIRQ</STRONG> (Thumb, 16 bytes, Stack size 16 bytes, stm32h7xx_hal_cortex.o(.text), UNUSED)
<BR><BR>[Calls]<UL><LI><a href="#[f7]">&gt;&gt;</a>&nbsp;&nbsp;&nbsp;__NVIC_EnableIRQ
</UL>

<P><STRONG><a name="[f8]"></a>HAL_NVIC_DisableIRQ</STRONG> (Thumb, 16 bytes, Stack size 16 bytes, stm32h7xx_hal_cortex.o(.text), UNUSED)
<BR><BR>[Calls]<UL><LI><a href="#[f9]">&gt;&gt;</a>&nbsp;&nbsp;&nbsp;__NVIC_DisableIRQ
</UL>

<P><STRONG><a name="[fa]"></a>HAL_NVIC_SystemReset</STRONG> (Thumb, 4 bytes, Stack size 0 bytes, stm32h7xx_hal_cortex.o(.text), UNUSED)
<BR><BR>[Calls]<UL><LI><a href="#[fb]">&gt;&gt;</a>&nbsp;&nbsp;&nbsp;__NVIC_SystemReset
</UL>

<P><STRONG><a name="[eb]"></a>HAL_SYSTICK_Config</STRONG> (Thumb, 16 bytes, Stack size 16 bytes, stm32h7xx_hal_cortex.o(.text))
<BR><BR>[Stack]<UL><LI>Max Depth = 40<LI>Call Chain = HAL_SYSTICK_Config &rArr; SysTick_Config &rArr; __NVIC_SetPriority
</UL>
<BR>[Calls]<UL><LI><a href="#[fc]">&gt;&gt;</a>&nbsp;&nbsp;&nbsp;SysTick_Config
</UL>
<BR>[Called By]<UL><LI><a href="#[e9]">&gt;&gt;</a>&nbsp;&nbsp;&nbsp;HAL_InitTick
</UL>

<P><STRONG><a name="[c8]"></a>HAL_MPU_Disable</STRONG> (Thumb, 34 bytes, Stack size 0 bytes, stm32h7xx_hal_cortex.o(.text))
<BR><BR>[Called By]<UL><LI><a href="#[bb]">&gt;&gt;</a>&nbsp;&nbsp;&nbsp;MPU_Config
</UL>

<P><STRONG><a name="[ca]"></a>HAL_MPU_Enable</STRONG> (Thumb, 48 bytes, Stack size 4 bytes, stm32h7xx_hal_cortex.o(.text))
<BR><BR>[Stack]<UL><LI>Max Depth = 4<LI>Call Chain = HAL_MPU_Enable
</UL>
<BR>[Called By]<UL><LI><a href="#[bb]">&gt;&gt;</a>&nbsp;&nbsp;&nbsp;MPU_Config
</UL>

<P><STRONG><a name="[204]"></a>HAL_MPU_EnableRegion</STRONG> (Thumb, 36 bytes, Stack size 4 bytes, stm32h7xx_hal_cortex.o(.text), UNUSED)

<P><STRONG><a name="[205]"></a>HAL_MPU_DisableRegion</STRONG> (Thumb, 36 bytes, Stack size 4 bytes, stm32h7xx_hal_cortex.o(.text), UNUSED)

<P><STRONG><a name="[c9]"></a>HAL_MPU_ConfigRegion</STRONG> (Thumb, 128 bytes, Stack size 12 bytes, stm32h7xx_hal_cortex.o(.text))
<BR><BR>[Stack]<UL><LI>Max Depth = 12<LI>Call Chain = HAL_MPU_ConfigRegion
</UL>
<BR>[Called By]<UL><LI><a href="#[bb]">&gt;&gt;</a>&nbsp;&nbsp;&nbsp;MPU_Config
</UL>

<P><STRONG><a name="[fd]"></a>HAL_NVIC_GetPriorityGrouping</STRONG> (Thumb, 8 bytes, Stack size 8 bytes, stm32h7xx_hal_cortex.o(.text), UNUSED)
<BR><BR>[Calls]<UL><LI><a href="#[f3]">&gt;&gt;</a>&nbsp;&nbsp;&nbsp;__NVIC_GetPriorityGrouping
</UL>

<P><STRONG><a name="[fe]"></a>HAL_NVIC_GetPriority</STRONG> (Thumb, 32 bytes, Stack size 24 bytes, stm32h7xx_hal_cortex.o(.text), UNUSED)
<BR><BR>[Calls]<UL><LI><a href="#[100]">&gt;&gt;</a>&nbsp;&nbsp;&nbsp;NVIC_DecodePriority
<LI><a href="#[ff]">&gt;&gt;</a>&nbsp;&nbsp;&nbsp;__NVIC_GetPriority
</UL>

<P><STRONG><a name="[101]"></a>HAL_NVIC_SetPendingIRQ</STRONG> (Thumb, 16 bytes, Stack size 16 bytes, stm32h7xx_hal_cortex.o(.text), UNUSED)
<BR><BR>[Calls]<UL><LI><a href="#[102]">&gt;&gt;</a>&nbsp;&nbsp;&nbsp;__NVIC_SetPendingIRQ
</UL>

<P><STRONG><a name="[103]"></a>HAL_NVIC_GetPendingIRQ</STRONG> (Thumb, 16 bytes, Stack size 16 bytes, stm32h7xx_hal_cortex.o(.text), UNUSED)
<BR><BR>[Calls]<UL><LI><a href="#[104]">&gt;&gt;</a>&nbsp;&nbsp;&nbsp;__NVIC_GetPendingIRQ
</UL>

<P><STRONG><a name="[105]"></a>HAL_NVIC_ClearPendingIRQ</STRONG> (Thumb, 16 bytes, Stack size 16 bytes, stm32h7xx_hal_cortex.o(.text), UNUSED)
<BR><BR>[Calls]<UL><LI><a href="#[106]">&gt;&gt;</a>&nbsp;&nbsp;&nbsp;__NVIC_ClearPendingIRQ
</UL>

<P><STRONG><a name="[107]"></a>HAL_NVIC_GetActive</STRONG> (Thumb, 16 bytes, Stack size 16 bytes, stm32h7xx_hal_cortex.o(.text), UNUSED)
<BR><BR>[Calls]<UL><LI><a href="#[108]">&gt;&gt;</a>&nbsp;&nbsp;&nbsp;__NVIC_GetActive
</UL>

<P><STRONG><a name="[206]"></a>HAL_SYSTICK_CLKSourceConfig</STRONG> (Thumb, 52 bytes, Stack size 4 bytes, stm32h7xx_hal_cortex.o(.text), UNUSED)

<P><STRONG><a name="[109]"></a>HAL_SYSTICK_IRQHandler</STRONG> (Thumb, 8 bytes, Stack size 8 bytes, stm32h7xx_hal_cortex.o(.text), UNUSED)
<BR><BR>[Calls]<UL><LI><a href="#[10a]">&gt;&gt;</a>&nbsp;&nbsp;&nbsp;HAL_SYSTICK_Callback
</UL>

<P><STRONG><a name="[10a]"></a>HAL_SYSTICK_Callback</STRONG> (Thumb, 2 bytes, Stack size 0 bytes, stm32h7xx_hal_cortex.o(.text), UNUSED)
<BR><BR>[Called By]<UL><LI><a href="#[109]">&gt;&gt;</a>&nbsp;&nbsp;&nbsp;HAL_SYSTICK_IRQHandler
</UL>

<P><STRONG><a name="[207]"></a>HAL_GetCurrentCPUID</STRONG> (Thumb, 4 bytes, Stack size 0 bytes, stm32h7xx_hal_cortex.o(.text), UNUSED)

<P><STRONG><a name="[10b]"></a>HAL_DMA_Init</STRONG> (Thumb, 2374 bytes, Stack size 64 bytes, stm32h7xx_hal_dma.o(.text), UNUSED)
<BR><BR>[Calls]<UL><LI><a href="#[10f]">&gt;&gt;</a>&nbsp;&nbsp;&nbsp;DMA_CalcDMAMUXRequestGenBaseAndMask
<LI><a href="#[10e]">&gt;&gt;</a>&nbsp;&nbsp;&nbsp;DMA_CalcDMAMUXChannelBaseAndMask
<LI><a href="#[10d]">&gt;&gt;</a>&nbsp;&nbsp;&nbsp;DMA_CalcBaseAndBitshift
<LI><a href="#[10c]">&gt;&gt;</a>&nbsp;&nbsp;&nbsp;DMA_CheckFifoParam
<LI><a href="#[f0]">&gt;&gt;</a>&nbsp;&nbsp;&nbsp;HAL_GetTick
</UL>

<P><STRONG><a name="[110]"></a>HAL_DMA_DeInit</STRONG> (Thumb, 1136 bytes, Stack size 40 bytes, stm32h7xx_hal_dma.o(.text), UNUSED)
<BR><BR>[Calls]<UL><LI><a href="#[10f]">&gt;&gt;</a>&nbsp;&nbsp;&nbsp;DMA_CalcDMAMUXRequestGenBaseAndMask
<LI><a href="#[10e]">&gt;&gt;</a>&nbsp;&nbsp;&nbsp;DMA_CalcDMAMUXChannelBaseAndMask
<LI><a href="#[10d]">&gt;&gt;</a>&nbsp;&nbsp;&nbsp;DMA_CalcBaseAndBitshift
</UL>

<P><STRONG><a name="[111]"></a>HAL_DMA_Start</STRONG> (Thumb, 734 bytes, Stack size 32 bytes, stm32h7xx_hal_dma.o(.text), UNUSED)
<BR><BR>[Calls]<UL><LI><a href="#[112]">&gt;&gt;</a>&nbsp;&nbsp;&nbsp;DMA_SetConfig
</UL>

<P><STRONG><a name="[113]"></a>HAL_DMA_Start_IT</STRONG> (Thumb, 1770 bytes, Stack size 40 bytes, stm32h7xx_hal_dma.o(.text), UNUSED)
<BR><BR>[Calls]<UL><LI><a href="#[112]">&gt;&gt;</a>&nbsp;&nbsp;&nbsp;DMA_SetConfig
</UL>
<BR>[Called By]<UL><LI><a href="#[1ce]">&gt;&gt;</a>&nbsp;&nbsp;&nbsp;HAL_TIMEx_PWMN_Start_DMA
<LI><a href="#[1c8]">&gt;&gt;</a>&nbsp;&nbsp;&nbsp;HAL_TIMEx_OCN_Start_DMA
<LI><a href="#[1c1]">&gt;&gt;</a>&nbsp;&nbsp;&nbsp;HAL_TIMEx_HallSensor_Start_DMA
<LI><a href="#[1ae]">&gt;&gt;</a>&nbsp;&nbsp;&nbsp;HAL_TIM_DMABurst_MultiReadStart
<LI><a href="#[1aa]">&gt;&gt;</a>&nbsp;&nbsp;&nbsp;HAL_TIM_DMABurst_MultiWriteStart
<LI><a href="#[193]">&gt;&gt;</a>&nbsp;&nbsp;&nbsp;HAL_TIM_Encoder_Start_DMA
<LI><a href="#[183]">&gt;&gt;</a>&nbsp;&nbsp;&nbsp;HAL_TIM_IC_Start_DMA
<LI><a href="#[179]">&gt;&gt;</a>&nbsp;&nbsp;&nbsp;HAL_TIM_PWM_Start_DMA
<LI><a href="#[16d]">&gt;&gt;</a>&nbsp;&nbsp;&nbsp;HAL_TIM_OC_Start_DMA
<LI><a href="#[15f]">&gt;&gt;</a>&nbsp;&nbsp;&nbsp;HAL_TIM_Base_Start_DMA
<LI><a href="#[150]">&gt;&gt;</a>&nbsp;&nbsp;&nbsp;HAL_SPI_TransmitReceive_DMA
<LI><a href="#[14d]">&gt;&gt;</a>&nbsp;&nbsp;&nbsp;HAL_SPI_Receive_DMA
<LI><a href="#[148]">&gt;&gt;</a>&nbsp;&nbsp;&nbsp;HAL_SPI_Transmit_DMA
</UL>

<P><STRONG><a name="[114]"></a>HAL_DMA_Abort</STRONG> (Thumb, 2402 bytes, Stack size 48 bytes, stm32h7xx_hal_dma.o(.text), UNUSED)
<BR><BR>[Calls]<UL><LI><a href="#[f0]">&gt;&gt;</a>&nbsp;&nbsp;&nbsp;HAL_GetTick
</UL>
<BR>[Called By]<UL><LI><a href="#[153]">&gt;&gt;</a>&nbsp;&nbsp;&nbsp;HAL_SPI_Abort
<LI><a href="#[150]">&gt;&gt;</a>&nbsp;&nbsp;&nbsp;HAL_SPI_TransmitReceive_DMA
<LI><a href="#[115]">&gt;&gt;</a>&nbsp;&nbsp;&nbsp;HAL_DMA_PollForTransfer
</UL>

<P><STRONG><a name="[156]"></a>HAL_DMA_Abort_IT</STRONG> (Thumb, 1690 bytes, Stack size 32 bytes, stm32h7xx_hal_dma.o(.text), UNUSED)
<BR><BR>[Called By]<UL><LI><a href="#[1cf]">&gt;&gt;</a>&nbsp;&nbsp;&nbsp;HAL_TIMEx_PWMN_Stop_DMA
<LI><a href="#[1c9]">&gt;&gt;</a>&nbsp;&nbsp;&nbsp;HAL_TIMEx_OCN_Stop_DMA
<LI><a href="#[1c2]">&gt;&gt;</a>&nbsp;&nbsp;&nbsp;HAL_TIMEx_HallSensor_Stop_DMA
<LI><a href="#[1af]">&gt;&gt;</a>&nbsp;&nbsp;&nbsp;HAL_TIM_DMABurst_ReadStop
<LI><a href="#[1ac]">&gt;&gt;</a>&nbsp;&nbsp;&nbsp;HAL_TIM_DMABurst_WriteStop
<LI><a href="#[194]">&gt;&gt;</a>&nbsp;&nbsp;&nbsp;HAL_TIM_Encoder_Stop_DMA
<LI><a href="#[186]">&gt;&gt;</a>&nbsp;&nbsp;&nbsp;HAL_TIM_IC_Stop_DMA
<LI><a href="#[17a]">&gt;&gt;</a>&nbsp;&nbsp;&nbsp;HAL_TIM_PWM_Stop_DMA
<LI><a href="#[170]">&gt;&gt;</a>&nbsp;&nbsp;&nbsp;HAL_TIM_OC_Stop_DMA
<LI><a href="#[163]">&gt;&gt;</a>&nbsp;&nbsp;&nbsp;HAL_TIM_Base_Stop_DMA
<LI><a href="#[158]">&gt;&gt;</a>&nbsp;&nbsp;&nbsp;HAL_SPI_IRQHandler
<LI><a href="#[155]">&gt;&gt;</a>&nbsp;&nbsp;&nbsp;HAL_SPI_Abort_IT
</UL>

<P><STRONG><a name="[115]"></a>HAL_DMA_PollForTransfer</STRONG> (Thumb, 2702 bytes, Stack size 64 bytes, stm32h7xx_hal_dma.o(.text), UNUSED)
<BR><BR>[Calls]<UL><LI><a href="#[114]">&gt;&gt;</a>&nbsp;&nbsp;&nbsp;HAL_DMA_Abort
<LI><a href="#[f0]">&gt;&gt;</a>&nbsp;&nbsp;&nbsp;HAL_GetTick
</UL>

<P><STRONG><a name="[208]"></a>HAL_DMA_IRQHandler</STRONG> (Thumb, 4518 bytes, Stack size 72 bytes, stm32h7xx_hal_dma.o(.text), UNUSED)

<P><STRONG><a name="[209]"></a>HAL_DMA_RegisterCallback</STRONG> (Thumb, 166 bytes, Stack size 24 bytes, stm32h7xx_hal_dma.o(.text), UNUSED)

<P><STRONG><a name="[20a]"></a>HAL_DMA_UnRegisterCallback</STRONG> (Thumb, 194 bytes, Stack size 20 bytes, stm32h7xx_hal_dma.o(.text), UNUSED)

<P><STRONG><a name="[20b]"></a>HAL_DMA_GetState</STRONG> (Thumb, 12 bytes, Stack size 4 bytes, stm32h7xx_hal_dma.o(.text), UNUSED)

<P><STRONG><a name="[14b]"></a>HAL_DMA_GetError</STRONG> (Thumb, 12 bytes, Stack size 4 bytes, stm32h7xx_hal_dma.o(.text))
<BR><BR>[Stack]<UL><LI>Max Depth = 4<LI>Call Chain = HAL_DMA_GetError
</UL>
<BR>[Called By]<UL><LI><a href="#[155]">&gt;&gt;</a>&nbsp;&nbsp;&nbsp;HAL_SPI_Abort_IT
<LI><a href="#[153]">&gt;&gt;</a>&nbsp;&nbsp;&nbsp;HAL_SPI_Abort
<LI><a href="#[9f]">&gt;&gt;</a>&nbsp;&nbsp;&nbsp;SPI_DMAError
</UL>

<P><STRONG><a name="[ba]"></a>HAL_GPIO_Init</STRONG> (Thumb, 964 bytes, Stack size 64 bytes, stm32h7xx_hal_gpio.o(.text))
<BR><BR>[Stack]<UL><LI>Max Depth = 64<LI>Call Chain = HAL_GPIO_Init
</UL>
<BR>[Called By]<UL><LI><a href="#[12a]">&gt;&gt;</a>&nbsp;&nbsp;&nbsp;HAL_RCC_MCOConfig
<LI><a href="#[d9]">&gt;&gt;</a>&nbsp;&nbsp;&nbsp;HAL_TIM_Encoder_MspInit
<LI><a href="#[d1]">&gt;&gt;</a>&nbsp;&nbsp;&nbsp;HAL_SPI_MspInit
<LI><a href="#[b8]">&gt;&gt;</a>&nbsp;&nbsp;&nbsp;MX_GPIO_Init
</UL>

<P><STRONG><a name="[d5]"></a>HAL_GPIO_DeInit</STRONG> (Thumb, 582 bytes, Stack size 64 bytes, stm32h7xx_hal_gpio.o(.text), UNUSED)
<BR><BR>[Called By]<UL><LI><a href="#[da]">&gt;&gt;</a>&nbsp;&nbsp;&nbsp;HAL_TIM_Encoder_MspDeInit
<LI><a href="#[d4]">&gt;&gt;</a>&nbsp;&nbsp;&nbsp;HAL_SPI_MspDeInit
</UL>

<P><STRONG><a name="[20c]"></a>HAL_GPIO_ReadPin</STRONG> (Thumb, 40 bytes, Stack size 12 bytes, stm32h7xx_hal_gpio.o(.text), UNUSED)

<P><STRONG><a name="[b9]"></a>HAL_GPIO_WritePin</STRONG> (Thumb, 42 bytes, Stack size 12 bytes, stm32h7xx_hal_gpio.o(.text))
<BR><BR>[Stack]<UL><LI>Max Depth = 12<LI>Call Chain = HAL_GPIO_WritePin
</UL>
<BR>[Called By]<UL><LI><a href="#[e4]">&gt;&gt;</a>&nbsp;&nbsp;&nbsp;OLED_get_data_from_ROM
<LI><a href="#[db]">&gt;&gt;</a>&nbsp;&nbsp;&nbsp;OLED_WR_Byte
<LI><a href="#[b8]">&gt;&gt;</a>&nbsp;&nbsp;&nbsp;MX_GPIO_Init
</UL>

<P><STRONG><a name="[20d]"></a>HAL_GPIO_TogglePin</STRONG> (Thumb, 38 bytes, Stack size 12 bytes, stm32h7xx_hal_gpio.o(.text), UNUSED)

<P><STRONG><a name="[20e]"></a>HAL_GPIO_LockPin</STRONG> (Thumb, 80 bytes, Stack size 16 bytes, stm32h7xx_hal_gpio.o(.text), UNUSED)

<P><STRONG><a name="[116]"></a>HAL_GPIO_EXTI_IRQHandler</STRONG> (Thumb, 52 bytes, Stack size 16 bytes, stm32h7xx_hal_gpio.o(.text), UNUSED)
<BR><BR>[Calls]<UL><LI><a href="#[117]">&gt;&gt;</a>&nbsp;&nbsp;&nbsp;HAL_GPIO_EXTI_Callback
</UL>

<P><STRONG><a name="[117]"></a>HAL_GPIO_EXTI_Callback</STRONG> (Thumb, 10 bytes, Stack size 4 bytes, stm32h7xx_hal_gpio.o(.text), UNUSED)
<BR><BR>[Called By]<UL><LI><a href="#[116]">&gt;&gt;</a>&nbsp;&nbsp;&nbsp;HAL_GPIO_EXTI_IRQHandler
</UL>

<P><STRONG><a name="[20f]"></a>HAL_PWR_DeInit</STRONG> (Thumb, 2 bytes, Stack size 0 bytes, stm32h7xx_hal_pwr.o(.text), UNUSED)

<P><STRONG><a name="[210]"></a>HAL_PWR_EnableBkUpAccess</STRONG> (Thumb, 18 bytes, Stack size 0 bytes, stm32h7xx_hal_pwr.o(.text), UNUSED)

<P><STRONG><a name="[211]"></a>HAL_PWR_DisableBkUpAccess</STRONG> (Thumb, 18 bytes, Stack size 0 bytes, stm32h7xx_hal_pwr.o(.text), UNUSED)

<P><STRONG><a name="[212]"></a>HAL_PWR_ConfigPVD</STRONG> (Thumb, 198 bytes, Stack size 4 bytes, stm32h7xx_hal_pwr.o(.text), UNUSED)

<P><STRONG><a name="[213]"></a>HAL_PWR_EnablePVD</STRONG> (Thumb, 18 bytes, Stack size 0 bytes, stm32h7xx_hal_pwr.o(.text), UNUSED)

<P><STRONG><a name="[214]"></a>HAL_PWR_DisablePVD</STRONG> (Thumb, 18 bytes, Stack size 0 bytes, stm32h7xx_hal_pwr.o(.text), UNUSED)

<P><STRONG><a name="[215]"></a>HAL_PWR_EnableWakeUpPin</STRONG> (Thumb, 34 bytes, Stack size 4 bytes, stm32h7xx_hal_pwr.o(.text), UNUSED)

<P><STRONG><a name="[216]"></a>HAL_PWR_DisableWakeUpPin</STRONG> (Thumb, 32 bytes, Stack size 4 bytes, stm32h7xx_hal_pwr.o(.text), UNUSED)

<P><STRONG><a name="[217]"></a>HAL_PWR_EnterSLEEPMode</STRONG> (Thumb, 46 bytes, Stack size 8 bytes, stm32h7xx_hal_pwr.o(.text), UNUSED)

<P><STRONG><a name="[218]"></a>HAL_PWR_EnterSTOPMode</STRONG> (Thumb, 114 bytes, Stack size 8 bytes, stm32h7xx_hal_pwr.o(.text), UNUSED)

<P><STRONG><a name="[219]"></a>HAL_PWR_EnterSTANDBYMode</STRONG> (Thumb, 52 bytes, Stack size 0 bytes, stm32h7xx_hal_pwr.o(.text), UNUSED)

<P><STRONG><a name="[21a]"></a>HAL_PWR_EnableSleepOnExit</STRONG> (Thumb, 18 bytes, Stack size 0 bytes, stm32h7xx_hal_pwr.o(.text), UNUSED)

<P><STRONG><a name="[21b]"></a>HAL_PWR_DisableSleepOnExit</STRONG> (Thumb, 18 bytes, Stack size 0 bytes, stm32h7xx_hal_pwr.o(.text), UNUSED)

<P><STRONG><a name="[21c]"></a>HAL_PWR_EnableSEVOnPend</STRONG> (Thumb, 18 bytes, Stack size 0 bytes, stm32h7xx_hal_pwr.o(.text), UNUSED)

<P><STRONG><a name="[21d]"></a>HAL_PWR_DisableSEVOnPend</STRONG> (Thumb, 18 bytes, Stack size 0 bytes, stm32h7xx_hal_pwr.o(.text), UNUSED)

<P><STRONG><a name="[118]"></a>HAL_PWR_PVD_IRQHandler</STRONG> (Thumb, 46 bytes, Stack size 8 bytes, stm32h7xx_hal_pwr.o(.text), UNUSED)
<BR><BR>[Calls]<UL><LI><a href="#[119]">&gt;&gt;</a>&nbsp;&nbsp;&nbsp;HAL_PWR_PVDCallback
</UL>

<P><STRONG><a name="[119]"></a>HAL_PWR_PVDCallback</STRONG> (Thumb, 2 bytes, Stack size 0 bytes, stm32h7xx_hal_pwr.o(.text), UNUSED)
<BR><BR>[Called By]<UL><LI><a href="#[126]">&gt;&gt;</a>&nbsp;&nbsp;&nbsp;HAL_PWREx_PVD_AVD_IRQHandler
<LI><a href="#[118]">&gt;&gt;</a>&nbsp;&nbsp;&nbsp;HAL_PWR_PVD_IRQHandler
</UL>

<P><STRONG><a name="[cc]"></a>HAL_PWREx_ConfigSupply</STRONG> (Thumb, 152 bytes, Stack size 24 bytes, stm32h7xx_hal_pwr_ex.o(.text))
<BR><BR>[Stack]<UL><LI>Max Depth = 24<LI>Call Chain = HAL_PWREx_ConfigSupply
</UL>
<BR>[Calls]<UL><LI><a href="#[f0]">&gt;&gt;</a>&nbsp;&nbsp;&nbsp;HAL_GetTick
</UL>
<BR>[Called By]<UL><LI><a href="#[bd]">&gt;&gt;</a>&nbsp;&nbsp;&nbsp;SystemClock_Config
</UL>

<P><STRONG><a name="[21e]"></a>HAL_PWREx_GetSupplyConfig</STRONG> (Thumb, 16 bytes, Stack size 0 bytes, stm32h7xx_hal_pwr_ex.o(.text), UNUSED)

<P><STRONG><a name="[11a]"></a>HAL_PWREx_ControlVoltageScaling</STRONG> (Thumb, 360 bytes, Stack size 24 bytes, stm32h7xx_hal_pwr_ex.o(.text), UNUSED)
<BR><BR>[Calls]<UL><LI><a href="#[f0]">&gt;&gt;</a>&nbsp;&nbsp;&nbsp;HAL_GetTick
</UL>

<P><STRONG><a name="[21f]"></a>HAL_PWREx_GetVoltageRange</STRONG> (Thumb, 16 bytes, Stack size 0 bytes, stm32h7xx_hal_pwr_ex.o(.text), UNUSED)

<P><STRONG><a name="[220]"></a>HAL_PWREx_ControlStopModeVoltageScaling</STRONG> (Thumb, 30 bytes, Stack size 4 bytes, stm32h7xx_hal_pwr_ex.o(.text), UNUSED)

<P><STRONG><a name="[221]"></a>HAL_PWREx_GetStopModeVoltageRange</STRONG> (Thumb, 16 bytes, Stack size 0 bytes, stm32h7xx_hal_pwr_ex.o(.text), UNUSED)

<P><STRONG><a name="[222]"></a>HAL_PWREx_EnterSTOPMode</STRONG> (Thumb, 162 bytes, Stack size 12 bytes, stm32h7xx_hal_pwr_ex.o(.text), UNUSED)

<P><STRONG><a name="[223]"></a>HAL_PWREx_ClearPendingEvent</STRONG> (Thumb, 4 bytes, Stack size 0 bytes, stm32h7xx_hal_pwr_ex.o(.text), UNUSED)

<P><STRONG><a name="[224]"></a>HAL_PWREx_EnterSTANDBYMode</STRONG> (Thumb, 96 bytes, Stack size 4 bytes, stm32h7xx_hal_pwr_ex.o(.text), UNUSED)

<P><STRONG><a name="[225]"></a>HAL_PWREx_ConfigD3Domain</STRONG> (Thumb, 28 bytes, Stack size 4 bytes, stm32h7xx_hal_pwr_ex.o(.text), UNUSED)

<P><STRONG><a name="[226]"></a>HAL_PWREx_EnableFlashPowerDown</STRONG> (Thumb, 18 bytes, Stack size 0 bytes, stm32h7xx_hal_pwr_ex.o(.text), UNUSED)

<P><STRONG><a name="[227]"></a>HAL_PWREx_DisableFlashPowerDown</STRONG> (Thumb, 18 bytes, Stack size 0 bytes, stm32h7xx_hal_pwr_ex.o(.text), UNUSED)

<P><STRONG><a name="[228]"></a>HAL_PWREx_EnableWakeUpPin</STRONG> (Thumb, 298 bytes, Stack size 72 bytes, stm32h7xx_hal_pwr_ex.o(.text), UNUSED)

<P><STRONG><a name="[229]"></a>HAL_PWREx_DisableWakeUpPin</STRONG> (Thumb, 24 bytes, Stack size 4 bytes, stm32h7xx_hal_pwr_ex.o(.text), UNUSED)

<P><STRONG><a name="[22a]"></a>HAL_PWREx_GetWakeupFlag</STRONG> (Thumb, 22 bytes, Stack size 4 bytes, stm32h7xx_hal_pwr_ex.o(.text), UNUSED)

<P><STRONG><a name="[22b]"></a>HAL_PWREx_ClearWakeupFlag</STRONG> (Thumb, 56 bytes, Stack size 8 bytes, stm32h7xx_hal_pwr_ex.o(.text), UNUSED)

<P><STRONG><a name="[11b]"></a>HAL_PWREx_WAKEUP_PIN_IRQHandler</STRONG> (Thumb, 232 bytes, Stack size 8 bytes, stm32h7xx_hal_pwr_ex.o(.text), UNUSED)
<BR><BR>[Calls]<UL><LI><a href="#[121]">&gt;&gt;</a>&nbsp;&nbsp;&nbsp;HAL_PWREx_WKUP6_Callback
<LI><a href="#[120]">&gt;&gt;</a>&nbsp;&nbsp;&nbsp;HAL_PWREx_WKUP5_Callback
<LI><a href="#[11f]">&gt;&gt;</a>&nbsp;&nbsp;&nbsp;HAL_PWREx_WKUP4_Callback
<LI><a href="#[11e]">&gt;&gt;</a>&nbsp;&nbsp;&nbsp;HAL_PWREx_WKUP3_Callback
<LI><a href="#[11d]">&gt;&gt;</a>&nbsp;&nbsp;&nbsp;HAL_PWREx_WKUP2_Callback
<LI><a href="#[11c]">&gt;&gt;</a>&nbsp;&nbsp;&nbsp;HAL_PWREx_WKUP1_Callback
</UL>

<P><STRONG><a name="[11c]"></a>HAL_PWREx_WKUP1_Callback</STRONG> (Thumb, 2 bytes, Stack size 0 bytes, stm32h7xx_hal_pwr_ex.o(.text), UNUSED)
<BR><BR>[Called By]<UL><LI><a href="#[11b]">&gt;&gt;</a>&nbsp;&nbsp;&nbsp;HAL_PWREx_WAKEUP_PIN_IRQHandler
</UL>

<P><STRONG><a name="[11d]"></a>HAL_PWREx_WKUP2_Callback</STRONG> (Thumb, 2 bytes, Stack size 0 bytes, stm32h7xx_hal_pwr_ex.o(.text), UNUSED)
<BR><BR>[Called By]<UL><LI><a href="#[11b]">&gt;&gt;</a>&nbsp;&nbsp;&nbsp;HAL_PWREx_WAKEUP_PIN_IRQHandler
</UL>

<P><STRONG><a name="[11e]"></a>HAL_PWREx_WKUP3_Callback</STRONG> (Thumb, 2 bytes, Stack size 0 bytes, stm32h7xx_hal_pwr_ex.o(.text), UNUSED)
<BR><BR>[Called By]<UL><LI><a href="#[11b]">&gt;&gt;</a>&nbsp;&nbsp;&nbsp;HAL_PWREx_WAKEUP_PIN_IRQHandler
</UL>

<P><STRONG><a name="[11f]"></a>HAL_PWREx_WKUP4_Callback</STRONG> (Thumb, 2 bytes, Stack size 0 bytes, stm32h7xx_hal_pwr_ex.o(.text), UNUSED)
<BR><BR>[Called By]<UL><LI><a href="#[11b]">&gt;&gt;</a>&nbsp;&nbsp;&nbsp;HAL_PWREx_WAKEUP_PIN_IRQHandler
</UL>

<P><STRONG><a name="[120]"></a>HAL_PWREx_WKUP5_Callback</STRONG> (Thumb, 2 bytes, Stack size 0 bytes, stm32h7xx_hal_pwr_ex.o(.text), UNUSED)
<BR><BR>[Called By]<UL><LI><a href="#[11b]">&gt;&gt;</a>&nbsp;&nbsp;&nbsp;HAL_PWREx_WAKEUP_PIN_IRQHandler
</UL>

<P><STRONG><a name="[121]"></a>HAL_PWREx_WKUP6_Callback</STRONG> (Thumb, 2 bytes, Stack size 0 bytes, stm32h7xx_hal_pwr_ex.o(.text), UNUSED)
<BR><BR>[Called By]<UL><LI><a href="#[11b]">&gt;&gt;</a>&nbsp;&nbsp;&nbsp;HAL_PWREx_WAKEUP_PIN_IRQHandler
</UL>

<P><STRONG><a name="[122]"></a>HAL_PWREx_EnableBkUpReg</STRONG> (Thumb, 88 bytes, Stack size 16 bytes, stm32h7xx_hal_pwr_ex.o(.text), UNUSED)
<BR><BR>[Calls]<UL><LI><a href="#[f0]">&gt;&gt;</a>&nbsp;&nbsp;&nbsp;HAL_GetTick
</UL>

<P><STRONG><a name="[123]"></a>HAL_PWREx_DisableBkUpReg</STRONG> (Thumb, 88 bytes, Stack size 16 bytes, stm32h7xx_hal_pwr_ex.o(.text), UNUSED)
<BR><BR>[Calls]<UL><LI><a href="#[f0]">&gt;&gt;</a>&nbsp;&nbsp;&nbsp;HAL_GetTick
</UL>

<P><STRONG><a name="[124]"></a>HAL_PWREx_EnableUSBReg</STRONG> (Thumb, 88 bytes, Stack size 16 bytes, stm32h7xx_hal_pwr_ex.o(.text), UNUSED)
<BR><BR>[Calls]<UL><LI><a href="#[f0]">&gt;&gt;</a>&nbsp;&nbsp;&nbsp;HAL_GetTick
</UL>

<P><STRONG><a name="[125]"></a>HAL_PWREx_DisableUSBReg</STRONG> (Thumb, 88 bytes, Stack size 16 bytes, stm32h7xx_hal_pwr_ex.o(.text), UNUSED)
<BR><BR>[Calls]<UL><LI><a href="#[f0]">&gt;&gt;</a>&nbsp;&nbsp;&nbsp;HAL_GetTick
</UL>

<P><STRONG><a name="[22c]"></a>HAL_PWREx_EnableUSBVoltageDetector</STRONG> (Thumb, 18 bytes, Stack size 0 bytes, stm32h7xx_hal_pwr_ex.o(.text), UNUSED)

<P><STRONG><a name="[22d]"></a>HAL_PWREx_DisableUSBVoltageDetector</STRONG> (Thumb, 18 bytes, Stack size 0 bytes, stm32h7xx_hal_pwr_ex.o(.text), UNUSED)

<P><STRONG><a name="[22e]"></a>HAL_PWREx_EnableBatteryCharging</STRONG> (Thumb, 36 bytes, Stack size 4 bytes, stm32h7xx_hal_pwr_ex.o(.text), UNUSED)

<P><STRONG><a name="[22f]"></a>HAL_PWREx_DisableBatteryCharging</STRONG> (Thumb, 18 bytes, Stack size 0 bytes, stm32h7xx_hal_pwr_ex.o(.text), UNUSED)

<P><STRONG><a name="[230]"></a>HAL_PWREx_EnableMonitoring</STRONG> (Thumb, 18 bytes, Stack size 0 bytes, stm32h7xx_hal_pwr_ex.o(.text), UNUSED)

<P><STRONG><a name="[231]"></a>HAL_PWREx_DisableMonitoring</STRONG> (Thumb, 18 bytes, Stack size 0 bytes, stm32h7xx_hal_pwr_ex.o(.text), UNUSED)

<P><STRONG><a name="[232]"></a>HAL_PWREx_GetTemperatureLevel</STRONG> (Thumb, 68 bytes, Stack size 8 bytes, stm32h7xx_hal_pwr_ex.o(.text), UNUSED)

<P><STRONG><a name="[233]"></a>HAL_PWREx_GetVBATLevel</STRONG> (Thumb, 68 bytes, Stack size 8 bytes, stm32h7xx_hal_pwr_ex.o(.text), UNUSED)

<P><STRONG><a name="[234]"></a>HAL_PWREx_ConfigAVD</STRONG> (Thumb, 190 bytes, Stack size 4 bytes, stm32h7xx_hal_pwr_ex.o(.text), UNUSED)

<P><STRONG><a name="[235]"></a>HAL_PWREx_EnableAVD</STRONG> (Thumb, 18 bytes, Stack size 0 bytes, stm32h7xx_hal_pwr_ex.o(.text), UNUSED)

<P><STRONG><a name="[236]"></a>HAL_PWREx_DisableAVD</STRONG> (Thumb, 18 bytes, Stack size 0 bytes, stm32h7xx_hal_pwr_ex.o(.text), UNUSED)

<P><STRONG><a name="[126]"></a>HAL_PWREx_PVD_AVD_IRQHandler</STRONG> (Thumb, 180 bytes, Stack size 8 bytes, stm32h7xx_hal_pwr_ex.o(.text), UNUSED)
<BR><BR>[Calls]<UL><LI><a href="#[127]">&gt;&gt;</a>&nbsp;&nbsp;&nbsp;HAL_PWREx_AVDCallback
<LI><a href="#[119]">&gt;&gt;</a>&nbsp;&nbsp;&nbsp;HAL_PWR_PVDCallback
</UL>

<P><STRONG><a name="[127]"></a>HAL_PWREx_AVDCallback</STRONG> (Thumb, 2 bytes, Stack size 0 bytes, stm32h7xx_hal_pwr_ex.o(.text), UNUSED)
<BR><BR>[Called By]<UL><LI><a href="#[126]">&gt;&gt;</a>&nbsp;&nbsp;&nbsp;HAL_PWREx_PVD_AVD_IRQHandler
</UL>

<P><STRONG><a name="[128]"></a>HAL_RCC_DeInit</STRONG> (Thumb, 780 bytes, Stack size 16 bytes, stm32h7xx_hal_rcc.o(.text), UNUSED)
<BR><BR>[Calls]<UL><LI><a href="#[f0]">&gt;&gt;</a>&nbsp;&nbsp;&nbsp;HAL_GetTick
<LI><a href="#[e9]">&gt;&gt;</a>&nbsp;&nbsp;&nbsp;HAL_InitTick
</UL>

<P><STRONG><a name="[cd]"></a>HAL_RCC_OscConfig</STRONG> (Thumb, 2856 bytes, Stack size 56 bytes, stm32h7xx_hal_rcc.o(.text))
<BR><BR>[Stack]<UL><LI>Max Depth = 56<LI>Call Chain = HAL_RCC_OscConfig
</UL>
<BR>[Calls]<UL><LI><a href="#[129]">&gt;&gt;</a>&nbsp;&nbsp;&nbsp;HAL_GetREVID
<LI><a href="#[f0]">&gt;&gt;</a>&nbsp;&nbsp;&nbsp;HAL_GetTick
</UL>
<BR>[Called By]<UL><LI><a href="#[bd]">&gt;&gt;</a>&nbsp;&nbsp;&nbsp;SystemClock_Config
</UL>

<P><STRONG><a name="[cf]"></a>HAL_RCC_ClockConfig</STRONG> (Thumb, 1152 bytes, Stack size 32 bytes, stm32h7xx_hal_rcc.o(.text))
<BR><BR>[Stack]<UL><LI>Max Depth = 112<LI>Call Chain = HAL_RCC_ClockConfig &rArr; HAL_InitTick &rArr; HAL_NVIC_SetPriority &rArr; NVIC_EncodePriority
</UL>
<BR>[Calls]<UL><LI><a href="#[f0]">&gt;&gt;</a>&nbsp;&nbsp;&nbsp;HAL_GetTick
<LI><a href="#[e9]">&gt;&gt;</a>&nbsp;&nbsp;&nbsp;HAL_InitTick
<LI><a href="#[e8]">&gt;&gt;</a>&nbsp;&nbsp;&nbsp;HAL_RCC_GetSysClockFreq
</UL>
<BR>[Called By]<UL><LI><a href="#[bd]">&gt;&gt;</a>&nbsp;&nbsp;&nbsp;SystemClock_Config
</UL>

<P><STRONG><a name="[e8]"></a>HAL_RCC_GetSysClockFreq</STRONG> (Thumb, 768 bytes, Stack size 40 bytes, stm32h7xx_hal_rcc.o(.text))
<BR><BR>[Stack]<UL><LI>Max Depth = 40<LI>Call Chain = HAL_RCC_GetSysClockFreq
</UL>
<BR>[Called By]<UL><LI><a href="#[139]">&gt;&gt;</a>&nbsp;&nbsp;&nbsp;HAL_RCCEx_GetD1SysClockFreq
<LI><a href="#[12b]">&gt;&gt;</a>&nbsp;&nbsp;&nbsp;HAL_RCC_GetHCLKFreq
<LI><a href="#[cf]">&gt;&gt;</a>&nbsp;&nbsp;&nbsp;HAL_RCC_ClockConfig
<LI><a href="#[bc]">&gt;&gt;</a>&nbsp;&nbsp;&nbsp;HAL_Init
</UL>

<P><STRONG><a name="[12a]"></a>HAL_RCC_MCOConfig</STRONG> (Thumb, 200 bytes, Stack size 48 bytes, stm32h7xx_hal_rcc.o(.text), UNUSED)
<BR><BR>[Calls]<UL><LI><a href="#[ba]">&gt;&gt;</a>&nbsp;&nbsp;&nbsp;HAL_GPIO_Init
</UL>

<P><STRONG><a name="[237]"></a>HAL_RCC_EnableCSS</STRONG> (Thumb, 18 bytes, Stack size 0 bytes, stm32h7xx_hal_rcc.o(.text), UNUSED)

<P><STRONG><a name="[238]"></a>HAL_RCC_DisableCSS</STRONG> (Thumb, 18 bytes, Stack size 0 bytes, stm32h7xx_hal_rcc.o(.text), UNUSED)

<P><STRONG><a name="[12b]"></a>HAL_RCC_GetHCLKFreq</STRONG> (Thumb, 86 bytes, Stack size 16 bytes, stm32h7xx_hal_rcc.o(.text), UNUSED)
<BR><BR>[Calls]<UL><LI><a href="#[e8]">&gt;&gt;</a>&nbsp;&nbsp;&nbsp;HAL_RCC_GetSysClockFreq
</UL>
<BR>[Called By]<UL><LI><a href="#[138]">&gt;&gt;</a>&nbsp;&nbsp;&nbsp;HAL_RCCEx_GetD1PCLK1Freq
<LI><a href="#[137]">&gt;&gt;</a>&nbsp;&nbsp;&nbsp;HAL_RCCEx_GetD3PCLK1Freq
<LI><a href="#[12d]">&gt;&gt;</a>&nbsp;&nbsp;&nbsp;HAL_RCC_GetPCLK2Freq
<LI><a href="#[12c]">&gt;&gt;</a>&nbsp;&nbsp;&nbsp;HAL_RCC_GetPCLK1Freq
</UL>

<P><STRONG><a name="[12c]"></a>HAL_RCC_GetPCLK1Freq</STRONG> (Thumb, 38 bytes, Stack size 8 bytes, stm32h7xx_hal_rcc.o(.text), UNUSED)
<BR><BR>[Calls]<UL><LI><a href="#[12b]">&gt;&gt;</a>&nbsp;&nbsp;&nbsp;HAL_RCC_GetHCLKFreq
</UL>
<BR>[Called By]<UL><LI><a href="#[133]">&gt;&gt;</a>&nbsp;&nbsp;&nbsp;HAL_RCCEx_GetPeriphCLKFreq
</UL>

<P><STRONG><a name="[12d]"></a>HAL_RCC_GetPCLK2Freq</STRONG> (Thumb, 38 bytes, Stack size 8 bytes, stm32h7xx_hal_rcc.o(.text), UNUSED)
<BR><BR>[Calls]<UL><LI><a href="#[12b]">&gt;&gt;</a>&nbsp;&nbsp;&nbsp;HAL_RCC_GetHCLKFreq
</UL>

<P><STRONG><a name="[12e]"></a>HAL_RCC_GetOscConfig</STRONG> (Thumb, 552 bytes, Stack size 16 bytes, stm32h7xx_hal_rcc.o(.text), UNUSED)
<BR><BR>[Calls]<UL><LI><a href="#[129]">&gt;&gt;</a>&nbsp;&nbsp;&nbsp;HAL_GetREVID
</UL>

<P><STRONG><a name="[239]"></a>HAL_RCC_GetClockConfig</STRONG> (Thumb, 136 bytes, Stack size 8 bytes, stm32h7xx_hal_rcc.o(.text), UNUSED)

<P><STRONG><a name="[12f]"></a>HAL_RCC_NMI_IRQHandler</STRONG> (Thumb, 42 bytes, Stack size 8 bytes, stm32h7xx_hal_rcc.o(.text), UNUSED)
<BR><BR>[Calls]<UL><LI><a href="#[130]">&gt;&gt;</a>&nbsp;&nbsp;&nbsp;HAL_RCC_CSSCallback
</UL>

<P><STRONG><a name="[130]"></a>HAL_RCC_CSSCallback</STRONG> (Thumb, 2 bytes, Stack size 0 bytes, stm32h7xx_hal_rcc.o(.text), UNUSED)
<BR><BR>[Called By]<UL><LI><a href="#[12f]">&gt;&gt;</a>&nbsp;&nbsp;&nbsp;HAL_RCC_NMI_IRQHandler
</UL>

<P><STRONG><a name="[d3]"></a>HAL_RCCEx_PeriphCLKConfig</STRONG> (Thumb, 3934 bytes, Stack size 120 bytes, stm32h7xx_hal_rcc_ex.o(.text))
<BR><BR>[Stack]<UL><LI>Max Depth = 152<LI>Call Chain = HAL_RCCEx_PeriphCLKConfig &rArr; RCCEx_PLL3_Config
</UL>
<BR>[Calls]<UL><LI><a href="#[132]">&gt;&gt;</a>&nbsp;&nbsp;&nbsp;RCCEx_PLL3_Config
<LI><a href="#[131]">&gt;&gt;</a>&nbsp;&nbsp;&nbsp;RCCEx_PLL2_Config
<LI><a href="#[f0]">&gt;&gt;</a>&nbsp;&nbsp;&nbsp;HAL_GetTick
</UL>
<BR>[Called By]<UL><LI><a href="#[d1]">&gt;&gt;</a>&nbsp;&nbsp;&nbsp;HAL_SPI_MspInit
</UL>

<P><STRONG><a name="[23a]"></a>HAL_RCCEx_GetPeriphCLKConfig</STRONG> (Thumb, 788 bytes, Stack size 16 bytes, stm32h7xx_hal_rcc_ex.o(.text), UNUSED)

<P><STRONG><a name="[133]"></a>HAL_RCCEx_GetPeriphCLKFreq</STRONG> (Thumb, 3146 bytes, Stack size 112 bytes, stm32h7xx_hal_rcc_ex.o(.text), UNUSED)
<BR><BR>[Calls]<UL><LI><a href="#[137]">&gt;&gt;</a>&nbsp;&nbsp;&nbsp;HAL_RCCEx_GetD3PCLK1Freq
<LI><a href="#[136]">&gt;&gt;</a>&nbsp;&nbsp;&nbsp;HAL_RCCEx_GetPLL3ClockFreq
<LI><a href="#[135]">&gt;&gt;</a>&nbsp;&nbsp;&nbsp;HAL_RCCEx_GetPLL2ClockFreq
<LI><a href="#[134]">&gt;&gt;</a>&nbsp;&nbsp;&nbsp;HAL_RCCEx_GetPLL1ClockFreq
<LI><a href="#[12c]">&gt;&gt;</a>&nbsp;&nbsp;&nbsp;HAL_RCC_GetPCLK1Freq
</UL>

<P><STRONG><a name="[134]"></a>HAL_RCCEx_GetPLL1ClockFreq</STRONG> (Thumb, 668 bytes, Stack size 32 bytes, stm32h7xx_hal_rcc_ex.o(.text), UNUSED)
<BR><BR>[Called By]<UL><LI><a href="#[133]">&gt;&gt;</a>&nbsp;&nbsp;&nbsp;HAL_RCCEx_GetPeriphCLKFreq
</UL>

<P><STRONG><a name="[135]"></a>HAL_RCCEx_GetPLL2ClockFreq</STRONG> (Thumb, 668 bytes, Stack size 32 bytes, stm32h7xx_hal_rcc_ex.o(.text), UNUSED)
<BR><BR>[Called By]<UL><LI><a href="#[133]">&gt;&gt;</a>&nbsp;&nbsp;&nbsp;HAL_RCCEx_GetPeriphCLKFreq
</UL>

[...]
</UL>
<BR>[Called By]<UL><LI><a href="#[eb]">&gt;&gt;</a>&nbsp;&nbsp;&nbsp;HAL_SYSTICK_Config
</UL>

<P><STRONG><a name="[ff]"></a>__NVIC_GetPriority</STRONG> (Thumb, 58 bytes, Stack size 8 bytes, stm32h7xx_hal_cortex.o(.text), UNUSED)
<BR><BR>[Called By]<UL><LI><a href="#[fe]">&gt;&gt;</a>&nbsp;&nbsp;&nbsp;HAL_NVIC_GetPriority
</UL>

<P><STRONG><a name="[100]"></a>NVIC_DecodePriority</STRONG> (Thumb, 118 bytes, Stack size 36 bytes, stm32h7xx_hal_cortex.o(.text), UNUSED)
<BR><BR>[Called By]<UL><LI><a href="#[fe]">&gt;&gt;</a>&nbsp;&nbsp;&nbsp;HAL_NVIC_GetPriority
</UL>

<P><STRONG><a name="[102]"></a>__NVIC_SetPendingIRQ</STRONG> (Thumb, 42 bytes, Stack size 4 bytes, stm32h7xx_hal_cortex.o(.text), UNUSED)
<BR><BR>[Called By]<UL><LI><a href="#[101]">&gt;&gt;</a>&nbsp;&nbsp;&nbsp;HAL_NVIC_SetPendingIRQ
</UL>

<P><STRONG><a name="[104]"></a>__NVIC_GetPendingIRQ</STRONG> (Thumb, 56 bytes, Stack size 8 bytes, stm32h7xx_hal_cortex.o(.text), UNUSED)
<BR><BR>[Called By]<UL><LI><a href="#[103]">&gt;&gt;</a>&nbsp;&nbsp;&nbsp;HAL_NVIC_GetPendingIRQ
</UL>

<P><STRONG><a name="[106]"></a>__NVIC_ClearPendingIRQ</STRONG> (Thumb, 42 bytes, Stack size 4 bytes, stm32h7xx_hal_cortex.o(.text), UNUSED)
<BR><BR>[Called By]<UL><LI><a href="#[105]">&gt;&gt;</a>&nbsp;&nbsp;&nbsp;HAL_NVIC_ClearPendingIRQ
</UL>

<P><STRONG><a name="[108]"></a>__NVIC_GetActive</STRONG> (Thumb, 56 bytes, Stack size 8 bytes, stm32h7xx_hal_cortex.o(.text), UNUSED)
<BR><BR>[Called By]<UL><LI><a href="#[107]">&gt;&gt;</a>&nbsp;&nbsp;&nbsp;HAL_NVIC_GetActive
</UL>

<P><STRONG><a name="[10c]"></a>DMA_CheckFifoParam</STRONG> (Thumb, 222 bytes, Stack size 20 bytes, stm32h7xx_hal_dma.o(.text), UNUSED)
<BR><BR>[Called By]<UL><LI><a href="#[10b]">&gt;&gt;</a>&nbsp;&nbsp;&nbsp;HAL_DMA_Init
</UL>

<P><STRONG><a name="[10d]"></a>DMA_CalcBaseAndBitshift</STRONG> (Thumb, 458 bytes, Stack size 12 bytes, stm32h7xx_hal_dma.o(.text), UNUSED)
<BR><BR>[Called By]<UL><LI><a href="#[110]">&gt;&gt;</a>&nbsp;&nbsp;&nbsp;HAL_DMA_DeInit
<LI><a href="#[10b]">&gt;&gt;</a>&nbsp;&nbsp;&nbsp;HAL_DMA_Init
</UL>

<P><STRONG><a name="[10e]"></a>DMA_CalcDMAMUXChannelBaseAndMask</STRONG> (Thumb, 376 bytes, Stack size 16 bytes, stm32h7xx_hal_dma.o(.text), UNUSED)
<BR><BR>[Called By]<UL><LI><a href="#[110]">&gt;&gt;</a>&nbsp;&nbsp;&nbsp;HAL_DMA_DeInit
<LI><a href="#[10b]">&gt;&gt;</a>&nbsp;&nbsp;&nbsp;HAL_DMA_Init
</UL>

<P><STRONG><a name="[10f]"></a>DMA_CalcDMAMUXRequestGenBaseAndMask</STRONG> (Thumb, 298 bytes, Stack size 12 bytes, stm32h7xx_hal_dma.o(.text), UNUSED)
<BR><BR>[Called By]<UL><LI><a href="#[110]">&gt;&gt;</a>&nbsp;&nbsp;&nbsp;HAL_DMA_DeInit
<LI><a href="#[10b]">&gt;&gt;</a>&nbsp;&nbsp;&nbsp;HAL_DMA_Init
</UL>

<P><STRONG><a name="[112]"></a>DMA_SetConfig</STRONG> (Thumb, 1300 bytes, Stack size 36 bytes, stm32h7xx_hal_dma.o(.text), UNUSED)
<BR><BR>[Called By]<UL><LI><a href="#[113]">&gt;&gt;</a>&nbsp;&nbsp;&nbsp;HAL_DMA_Start_IT
<LI><a href="#[111]">&gt;&gt;</a>&nbsp;&nbsp;&nbsp;HAL_DMA_Start
</UL>

<P><STRONG><a name="[131]"></a>RCCEx_PLL2_Config</STRONG> (Thumb, 444 bytes, Stack size 32 bytes, stm32h7xx_hal_rcc_ex.o(.text))
<BR><BR>[Stack]<UL><LI>Max Depth = 32<LI>Call Chain = RCCEx_PLL2_Config
</UL>
<BR>[Calls]<UL><LI><a href="#[f0]">&gt;&gt;</a>&nbsp;&nbsp;&nbsp;HAL_GetTick
</UL>
<BR>[Called By]<UL><LI><a href="#[d3]">&gt;&gt;</a>&nbsp;&nbsp;&nbsp;HAL_RCCEx_PeriphCLKConfig
</UL>

<P><STRONG><a name="[132]"></a>RCCEx_PLL3_Config</STRONG> (Thumb, 444 bytes, Stack size 32 bytes, stm32h7xx_hal_rcc_ex.o(.text))
<BR><BR>[Stack]<UL><LI>Max Depth = 32<LI>Call Chain = RCCEx_PLL3_Config
</UL>
<BR>[Calls]<UL><LI><a href="#[f0]">&gt;&gt;</a>&nbsp;&nbsp;&nbsp;HAL_GetTick
</UL>
<BR>[Called By]<UL><LI><a href="#[d3]">&gt;&gt;</a>&nbsp;&nbsp;&nbsp;HAL_RCCEx_PeriphCLKConfig
</UL>

<P><STRONG><a name="[143]"></a>SPI_GetPacketSize</STRONG> (Thumb, 42 bytes, Stack size 12 bytes, stm32h7xx_hal_spi.o(.text))
<BR><BR>[Stack]<UL><LI>Max Depth = 12<LI>Call Chain = SPI_GetPacketSize
</UL>
<BR>[Called By]<UL><LI><a href="#[d0]">&gt;&gt;</a>&nbsp;&nbsp;&nbsp;HAL_SPI_Init
</UL>

<P><STRONG><a name="[145]"></a>SPI_CloseTransfer</STRONG> (Thumb, 278 bytes, Stack size 8 bytes, stm32h7xx_hal_spi.o(.text))
<BR><BR>[Stack]<UL><LI>Max Depth = 8<LI>Call Chain = SPI_CloseTransfer
</UL>
<BR>[Called By]<UL><LI><a href="#[158]">&gt;&gt;</a>&nbsp;&nbsp;&nbsp;HAL_SPI_IRQHandler
<LI><a href="#[147]">&gt;&gt;</a>&nbsp;&nbsp;&nbsp;HAL_SPI_TransmitReceive
<LI><a href="#[9f]">&gt;&gt;</a>&nbsp;&nbsp;&nbsp;SPI_DMAError
<LI><a href="#[e5]">&gt;&gt;</a>&nbsp;&nbsp;&nbsp;HAL_SPI_Receive
<LI><a href="#[dc]">&gt;&gt;</a>&nbsp;&nbsp;&nbsp;HAL_SPI_Transmit
</UL>

<P><STRONG><a name="[146]"></a>SPI_WaitOnFlagUntilTimeout</STRONG> (Thumb, 94 bytes, Stack size 32 bytes, stm32h7xx_hal_spi.o(.text))
<BR><BR>[Stack]<UL><LI>Max Depth = 32<LI>Call Chain = SPI_WaitOnFlagUntilTimeout
</UL>
<BR>[Calls]<UL><LI><a href="#[f0]">&gt;&gt;</a>&nbsp;&nbsp;&nbsp;HAL_GetTick
</UL>
<BR>[Called By]<UL><LI><a href="#[147]">&gt;&gt;</a>&nbsp;&nbsp;&nbsp;HAL_SPI_TransmitReceive
<LI><a href="#[dc]">&gt;&gt;</a>&nbsp;&nbsp;&nbsp;HAL_SPI_Transmit
</UL>

<P><STRONG><a name="[97]"></a>SPI_TxISR_32BIT</STRONG> (Thumb, 62 bytes, Stack size 4 bytes, stm32h7xx_hal_spi.o(.text))
<BR><BR>[Stack]<UL><LI>Max Depth = 4<LI>Call Chain = SPI_TxISR_32BIT
</UL>
<BR>[Address Reference Count : 1]<UL><LI> stm32h7xx_hal_spi.o(.text)
</UL>
<P><STRONG><a name="[98]"></a>SPI_TxISR_16BIT</STRONG> (Thumb, 70 bytes, Stack size 8 bytes, stm32h7xx_hal_spi.o(.text))
<BR><BR>[Stack]<UL><LI>Max Depth = 8<LI>Call Chain = SPI_TxISR_16BIT
</UL>
<BR>[Address Reference Count : 1]<UL><LI> stm32h7xx_hal_spi.o(.text)
</UL>
<P><STRONG><a name="[99]"></a>SPI_TxISR_8BIT</STRONG> (Thumb, 64 bytes, Stack size 4 bytes, stm32h7xx_hal_spi.o(.text))
<BR><BR>[Stack]<UL><LI>Max Depth = 4<LI>Call Chain = SPI_TxISR_8BIT
</UL>
<BR>[Address Reference Count : 1]<UL><LI> stm32h7xx_hal_spi.o(.text)
</UL>
<P><STRONG><a name="[9a]"></a>SPI_RxISR_32BIT</STRONG> (Thumb, 64 bytes, Stack size 4 bytes, stm32h7xx_hal_spi.o(.text))
<BR><BR>[Stack]<UL><LI>Max Depth = 4<LI>Call Chain = SPI_RxISR_32BIT
</UL>
<BR>[Address Reference Count : 1]<UL><LI> stm32h7xx_hal_spi.o(.text)
</UL>
<P><STRONG><a name="[9b]"></a>SPI_RxISR_16BIT</STRONG> (Thumb, 70 bytes, Stack size 8 bytes, stm32h7xx_hal_spi.o(.text))
<BR><BR>[Stack]<UL><LI>Max Depth = 8<LI>Call Chain = SPI_RxISR_16BIT
</UL>
<BR>[Address Reference Count : 1]<UL><LI> stm32h7xx_hal_spi.o(.text)
</UL>
<P><STRONG><a name="[9c]"></a>SPI_RxISR_8BIT</STRONG> (Thumb, 66 bytes, Stack size 4 bytes, stm32h7xx_hal_spi.o(.text))
<BR><BR>[Stack]<UL><LI>Max Depth = 4<LI>Call Chain = SPI_RxISR_8BIT
</UL>
<BR>[Address Reference Count : 1]<UL><LI> stm32h7xx_hal_spi.o(.text)
</UL>
<P><STRONG><a name="[9d]"></a>SPI_DMAHalfTransmitCplt</STRONG> (Thumb, 22 bytes, Stack size 16 bytes, stm32h7xx_hal_spi.o(.text))
<BR><BR>[Stack]<UL><LI>Max Depth = 20<LI>Call Chain = SPI_DMAHalfTransmitCplt &rArr; HAL_SPI_TxHalfCpltCallback
</UL>
<BR>[Calls]<UL><LI><a href="#[149]">&gt;&gt;</a>&nbsp;&nbsp;&nbsp;HAL_SPI_TxHalfCpltCallback
</UL>
<BR>[Address Reference Count : 1]<UL><LI> stm32h7xx_hal_spi.o(.text)
</UL>
<P><STRONG><a name="[9e]"></a>SPI_DMATransmitCplt</STRONG> (Thumb, 66 bytes, Stack size 16 bytes, stm32h7xx_hal_spi.o(.text))
<BR><BR>[Stack]<UL><LI>Max Depth = 20<LI>Call Chain = SPI_DMATransmitCplt &rArr; HAL_SPI_TxCpltCallback
</UL>
<BR>[Calls]<UL><LI><a href="#[14a]">&gt;&gt;</a>&nbsp;&nbsp;&nbsp;HAL_SPI_TxCpltCallback
</UL>
<BR>[Address Reference Count : 1]<UL><LI> stm32h7xx_hal_spi.o(.text)
</UL>
<P><STRONG><a name="[9f]"></a>SPI_DMAError</STRONG> (Thumb, 64 bytes, Stack size 16 bytes, stm32h7xx_hal_spi.o(.text))
<BR><BR>[Stack]<UL><LI>Max Depth = 24<LI>Call Chain = SPI_DMAError &rArr; SPI_CloseTransfer
</UL>
<BR>[Calls]<UL><LI><a href="#[14c]">&gt;&gt;</a>&nbsp;&nbsp;&nbsp;HAL_SPI_ErrorCallback
<LI><a href="#[145]">&gt;&gt;</a>&nbsp;&nbsp;&nbsp;SPI_CloseTransfer
<LI><a href="#[14b]">&gt;&gt;</a>&nbsp;&nbsp;&nbsp;HAL_DMA_GetError
</UL>
<BR>[Address Reference Count : 1]<UL><LI> stm32h7xx_hal_spi.o(.text)
</UL>
<P><STRONG><a name="[a0]"></a>SPI_DMAHalfReceiveCplt</STRONG> (Thumb, 22 bytes, Stack size 16 bytes, stm32h7xx_hal_spi.o(.text))
<BR><BR>[Stack]<UL><LI>Max Depth = 20<LI>Call Chain = SPI_DMAHalfReceiveCplt &rArr; HAL_SPI_RxHalfCpltCallback
</UL>
<BR>[Calls]<UL><LI><a href="#[14e]">&gt;&gt;</a>&nbsp;&nbsp;&nbsp;HAL_SPI_RxHalfCpltCallback
</UL>
<BR>[Address Reference Count : 1]<UL><LI> stm32h7xx_hal_spi.o(.text)
</UL>
<P><STRONG><a name="[a1]"></a>SPI_DMAReceiveCplt</STRONG> (Thumb, 66 bytes, Stack size 16 bytes, stm32h7xx_hal_spi.o(.text))
<BR><BR>[Stack]<UL><LI>Max Depth = 20<LI>Call Chain = SPI_DMAReceiveCplt &rArr; HAL_SPI_RxCpltCallback
</UL>
<BR>[Calls]<UL><LI><a href="#[14f]">&gt;&gt;</a>&nbsp;&nbsp;&nbsp;HAL_SPI_RxCpltCallback
</UL>
<BR>[Address Reference Count : 1]<UL><LI> stm32h7xx_hal_spi.o(.text)
</UL>
<P><STRONG><a name="[a2]"></a>SPI_DMAHalfTransmitReceiveCplt</STRONG> (Thumb, 22 bytes, Stack size 16 bytes, stm32h7xx_hal_spi.o(.text))
<BR><BR>[Stack]<UL><LI>Max Depth = 20<LI>Call Chain = SPI_DMAHalfTransmitReceiveCplt &rArr; HAL_SPI_TxRxHalfCpltCallback
</UL>
<BR>[Calls]<UL><LI><a href="#[151]">&gt;&gt;</a>&nbsp;&nbsp;&nbsp;HAL_SPI_TxRxHalfCpltCallback
</UL>
<BR>[Address Reference Count : 1]<UL><LI> stm32h7xx_hal_spi.o(.text)
</UL>
<P><STRONG><a name="[a3]"></a>SPI_DMATransmitReceiveCplt</STRONG> (Thumb, 66 bytes, Stack size 16 bytes, stm32h7xx_hal_spi.o(.text))
<BR><BR>[Stack]<UL><LI>Max Depth = 20<LI>Call Chain = SPI_DMATransmitReceiveCplt &rArr; HAL_SPI_TxRxCpltCallback
</UL>
<BR>[Calls]<UL><LI><a href="#[152]">&gt;&gt;</a>&nbsp;&nbsp;&nbsp;HAL_SPI_TxRxCpltCallback
</UL>
<BR>[Address Reference Count : 1]<UL><LI> stm32h7xx_hal_spi.o(.text)
</UL>
<P><STRONG><a name="[154]"></a>SPI_AbortTransfer</STRONG> (Thumb, 144 bytes, Stack size 4 bytes, stm32h7xx_hal_spi.o(.text))
<BR><BR>[Stack]<UL><LI>Max Depth = 4<LI>Call Chain = SPI_AbortTransfer
</UL>
<BR>[Called By]<UL><LI><a href="#[155]">&gt;&gt;</a>&nbsp;&nbsp;&nbsp;HAL_SPI_Abort_IT
<LI><a href="#[153]">&gt;&gt;</a>&nbsp;&nbsp;&nbsp;HAL_SPI_Abort
<LI><a href="#[a5]">&gt;&gt;</a>&nbsp;&nbsp;&nbsp;SPI_DMARxAbortCallback
<LI><a href="#[a4]">&gt;&gt;</a>&nbsp;&nbsp;&nbsp;SPI_DMATxAbortCallback
</UL>

<P><STRONG><a name="[a4]"></a>SPI_DMATxAbortCallback</STRONG> (Thumb, 68 bytes, Stack size 16 bytes, stm32h7xx_hal_spi.o(.text))
<BR><BR>[Stack]<UL><LI>Max Depth = 20<LI>Call Chain = SPI_DMATxAbortCallback &rArr; HAL_SPI_AbortCpltCallback
</UL>
<BR>[Calls]<UL><LI><a href="#[157]">&gt;&gt;</a>&nbsp;&nbsp;&nbsp;HAL_SPI_AbortCpltCallback
<LI><a href="#[154]">&gt;&gt;</a>&nbsp;&nbsp;&nbsp;SPI_AbortTransfer
</UL>
<BR>[Address Reference Count : 1]<UL><LI> stm32h7xx_hal_spi.o(.text)
</UL>
<P><STRONG><a name="[a5]"></a>SPI_DMARxAbortCallback</STRONG> (Thumb, 68 bytes, Stack size 16 bytes, stm32h7xx_hal_spi.o(.text))
<BR><BR>[Stack]<UL><LI>Max Depth = 20<LI>Call Chain = SPI_DMARxAbortCallback &rArr; HAL_SPI_AbortCpltCallback
</UL>
<BR>[Calls]<UL><LI><a href="#[157]">&gt;&gt;</a>&nbsp;&nbsp;&nbsp;HAL_SPI_AbortCpltCallback
<LI><a href="#[154]">&gt;&gt;</a>&nbsp;&nbsp;&nbsp;SPI_AbortTransfer
</UL>
<BR>[Address Reference Count : 1]<UL><LI> stm32h7xx_hal_spi.o(.text)
</UL>
<P><STRONG><a name="[a6]"></a>SPI_DMAAbortOnError</STRONG> (Thumb, 44 bytes, Stack size 16 bytes, stm32h7xx_hal_spi.o(.text))
<BR><BR>[Stack]<UL><LI>Max Depth = 20<LI>Call Chain = SPI_DMAAbortOnError &rArr; HAL_SPI_ErrorCallback
</UL>
<BR>[Calls]<UL><LI><a href="#[14c]">&gt;&gt;</a>&nbsp;&nbsp;&nbsp;HAL_SPI_ErrorCallback
</UL>
<BR>[Address Reference Count : 1]<UL><LI> stm32h7xx_hal_spi.o(.text)
</UL>
<P><STRONG><a name="[a7]"></a>TIM_DMAPeriodElapsedCplt</STRONG> (Thumb, 40 bytes, Stack size 16 bytes, stm32h7xx_hal_tim.o(.text))
<BR><BR>[Stack]<UL><LI>Max Depth = 20<LI>Call Chain = TIM_DMAPeriodElapsedCplt &rArr; HAL_TIM_PeriodElapsedCallback
</UL>
<BR>[Calls]<UL><LI><a href="#[160]">&gt;&gt;</a>&nbsp;&nbsp;&nbsp;HAL_TIM_PeriodElapsedCallback
</UL>
<BR>[Address Reference Count : 1]<UL><LI> stm32h7xx_hal_tim.o(.text)
</UL>
<P><STRONG><a name="[a8]"></a>TIM_DMAPeriodElapsedHalfCplt</STRONG> (Thumb, 22 bytes, Stack size 16 bytes, stm32h7xx_hal_tim.o(.text))
<BR><BR>[Stack]<UL><LI>Max Depth = 20<LI>Call Chain = TIM_DMAPeriodElapsedHalfCplt &rArr; HAL_TIM_PeriodElapsedHalfCpltCallback
</UL>
<BR>[Calls]<UL><LI><a href="#[161]">&gt;&gt;</a>&nbsp;&nbsp;&nbsp;HAL_TIM_PeriodElapsedHalfCpltCallback
</UL>
<BR>[Address Reference Count : 1]<UL><LI> stm32h7xx_hal_tim.o(.text)
</UL>
<P><STRONG><a name="[aa]"></a>TIM_DMADelayPulseCplt</STRONG> (Thumb, 180 bytes, Stack size 16 bytes, stm32h7xx_hal_tim.o(.text))
<BR><BR>[Stack]<UL><LI>Max Depth = 20<LI>Call Chain = TIM_DMADelayPulseCplt &rArr; HAL_TIM_PWM_PulseFinishedCallback
</UL>
<BR>[Calls]<UL><LI><a href="#[16e]">&gt;&gt;</a>&nbsp;&nbsp;&nbsp;HAL_TIM_PWM_PulseFinishedCallback
</UL>
<BR>[Address Reference Count : 1]<UL><LI> stm32h7xx_hal_tim.o(.text)
</UL>
<P><STRONG><a name="[19c]"></a>TIM_OC1_SetConfig</STRONG> (Thumb, 336 bytes, Stack size 20 bytes, stm32h7xx_hal_tim.o(.text), UNUSED)
<BR><BR>[Called By]<UL><LI><a href="#[1a8]">&gt;&gt;</a>&nbsp;&nbsp;&nbsp;HAL_TIM_OnePulse_ConfigChannel
<LI><a href="#[1a7]">&gt;&gt;</a>&nbsp;&nbsp;&nbsp;HAL_TIM_PWM_ConfigChannel
<LI><a href="#[19b]">&gt;&gt;</a>&nbsp;&nbsp;&nbsp;HAL_TIM_OC_ConfigChannel
</UL>

<P><STRONG><a name="[19e]"></a>TIM_OC3_SetConfig</STRONG> (Thumb, 362 bytes, Stack size 20 bytes, stm32h7xx_hal_tim.o(.text), UNUSED)
<BR><BR>[Called By]<UL><LI><a href="#[1a7]">&gt;&gt;</a>&nbsp;&nbsp;&nbsp;HAL_TIM_PWM_ConfigChannel
<LI><a href="#[19b]">&gt;&gt;</a>&nbsp;&nbsp;&nbsp;HAL_TIM_OC_ConfigChannel
</UL>

<P><STRONG><a name="[19f]"></a>TIM_OC4_SetConfig</STRONG> (Thumb, 218 bytes, Stack size 20 bytes, stm32h7xx_hal_tim.o(.text), UNUSED)
<BR><BR>[Called By]<UL><LI><a href="#[1a7]">&gt;&gt;</a>&nbsp;&nbsp;&nbsp;HAL_TIM_PWM_ConfigChannel
<LI><a href="#[19b]">&gt;&gt;</a>&nbsp;&nbsp;&nbsp;HAL_TIM_OC_ConfigChannel
</UL>

<P><STRONG><a name="[1a0]"></a>TIM_OC5_SetConfig</STRONG> (Thumb, 208 bytes, Stack size 20 bytes, stm32h7xx_hal_tim.o(.text), UNUSED)
<BR><BR>[Called By]<UL><LI><a href="#[1a7]">&gt;&gt;</a>&nbsp;&nbsp;&nbsp;HAL_TIM_PWM_ConfigChannel
<LI><a href="#[19b]">&gt;&gt;</a>&nbsp;&nbsp;&nbsp;HAL_TIM_OC_ConfigChannel
</UL>

<P><STRONG><a name="[1a1]"></a>TIM_OC6_SetConfig</STRONG> (Thumb, 210 bytes, Stack size 20 bytes, stm32h7xx_hal_tim.o(.text), UNUSED)
<BR><BR>[Called By]<UL><LI><a href="#[1a7]">&gt;&gt;</a>&nbsp;&nbsp;&nbsp;HAL_TIM_PWM_ConfigChannel
<LI><a href="#[19b]">&gt;&gt;</a>&nbsp;&nbsp;&nbsp;HAL_TIM_OC_ConfigChannel
</UL>

<P><STRONG><a name="[1a4]"></a>TIM_TI2_SetConfig</STRONG> (Thumb, 108 bytes, Stack size 24 bytes, stm32h7xx_hal_tim.o(.text), UNUSED)
<BR><BR>[Called By]<UL><LI><a href="#[1a8]">&gt;&gt;</a>&nbsp;&nbsp;&nbsp;HAL_TIM_OnePulse_ConfigChannel
<LI><a href="#[1a2]">&gt;&gt;</a>&nbsp;&nbsp;&nbsp;HAL_TIM_IC_ConfigChannel
</UL>

<P><STRONG><a name="[1a5]"></a>TIM_TI3_SetConfig</STRONG> (Thumb, 106 bytes, Stack size 24 bytes, stm32h7xx_hal_tim.o(.text), UNUSED)
<BR><BR>[Called By]<UL><LI><a href="#[1a2]">&gt;&gt;</a>&nbsp;&nbsp;&nbsp;HAL_TIM_IC_ConfigChannel
</UL>

<P><STRONG><a name="[1a6]"></a>TIM_TI4_SetConfig</STRONG> (Thumb, 108 bytes, Stack size 24 bytes, stm32h7xx_hal_tim.o(.text), UNUSED)
<BR><BR>[Called By]<UL><LI><a href="#[1a2]">&gt;&gt;</a>&nbsp;&nbsp;&nbsp;HAL_TIM_IC_ConfigChannel
</UL>

<P><STRONG><a name="[b0]"></a>TIM_DMATriggerCplt</STRONG> (Thumb, 40 bytes, Stack size 16 bytes, stm32h7xx_hal_tim.o(.text))
<BR><BR>[Stack]<UL><LI>Max Depth = 20<LI>Call Chain = TIM_DMATriggerCplt &rArr; HAL_TIM_TriggerCallback
</UL>
<BR>[Calls]<UL><LI><a href="#[199]">&gt;&gt;</a>&nbsp;&nbsp;&nbsp;HAL_TIM_TriggerCallback
</UL>
<BR>[Address Reference Count : 1]<UL><LI> stm32h7xx_hal_tim.o(.text)
</UL>
<P><STRONG><a name="[b1]"></a>TIM_DMATriggerHalfCplt</STRONG> (Thumb, 22 bytes, Stack size 16 bytes, stm32h7xx_hal_tim.o(.text))
<BR><BR>[Stack]<UL><LI>Max Depth = 20<LI>Call Chain = TIM_DMATriggerHalfCplt &rArr; HAL_TIM_TriggerHalfCpltCallback
</UL>
<BR>[Calls]<UL><LI><a href="#[1ab]">&gt;&gt;</a>&nbsp;&nbsp;&nbsp;HAL_TIM_TriggerHalfCpltCallback
</UL>
<BR>[Address Reference Count : 1]<UL><LI> stm32h7xx_hal_tim.o(.text)
</UL>
<P><STRONG><a name="[1b3]"></a>TIM_TI1_ConfigInputStage</STRONG> (Thumb, 80 bytes, Stack size 20 bytes, stm32h7xx_hal_tim.o(.text), UNUSED)
<BR><BR>[Called By]<UL><LI><a href="#[1b2]">&gt;&gt;</a>&nbsp;&nbsp;&nbsp;HAL_TIM_ConfigClockSource
<LI><a href="#[1b7]">&gt;&gt;</a>&nbsp;&nbsp;&nbsp;TIM_SlaveTimer_SetConfig
</UL>

<P><STRONG><a name="[1b4]"></a>TIM_ITRx_SetConfig</STRONG> (Thumb, 48 bytes, Stack size 12 bytes, stm32h7xx_hal_tim.o(.text), UNUSED)
<BR><BR>[Called By]<UL><LI><a href="#[1b2]">&gt;&gt;</a>&nbsp;&nbsp;&nbsp;HAL_TIM_ConfigClockSource
</UL>

<P><STRONG><a name="[1b5]"></a>TIM_TI2_ConfigInputStage</STRONG> (Thumb, 82 bytes, Stack size 20 bytes, stm32h7xx_hal_tim.o(.text), UNUSED)
<BR><BR>[Called By]<UL><LI><a href="#[1b2]">&gt;&gt;</a>&nbsp;&nbsp;&nbsp;HAL_TIM_ConfigClockSource
<LI><a href="#[1b7]">&gt;&gt;</a>&nbsp;&nbsp;&nbsp;TIM_SlaveTimer_SetConfig
</UL>

<P><STRONG><a name="[1b7]"></a>TIM_SlaveTimer_SetConfig</STRONG> (Thumb, 432 bytes, Stack size 40 bytes, stm32h7xx_hal_tim.o(.text), UNUSED)
<BR><BR>[Calls]<UL><LI><a href="#[1b1]">&gt;&gt;</a>&nbsp;&nbsp;&nbsp;TIM_ETR_SetConfig
<LI><a href="#[1b5]">&gt;&gt;</a>&nbsp;&nbsp;&nbsp;TIM_TI2_ConfigInputStage
<LI><a href="#[1b3]">&gt;&gt;</a>&nbsp;&nbsp;&nbsp;TIM_TI1_ConfigInputStage
</UL>
<BR>[Called By]<UL><LI><a href="#[1b8]">&gt;&gt;</a>&nbsp;&nbsp;&nbsp;HAL_TIM_SlaveConfigSynchro_IT
<LI><a href="#[1b6]">&gt;&gt;</a>&nbsp;&nbsp;&nbsp;HAL_TIM_SlaveConfigSynchro
</UL>

<P><STRONG><a name="[1c4]"></a>TIM_CCxNChannelCmd</STRONG> (Thumb, 54 bytes, Stack size 16 bytes, stm32h7xx_hal_tim_ex.o(.text), UNUSED)
<BR><BR>[Called By]<UL><LI><a href="#[1d3]">&gt;&gt;</a>&nbsp;&nbsp;&nbsp;HAL_TIMEx_OnePulseN_Stop_IT
<LI><a href="#[1d2]">&gt;&gt;</a>&nbsp;&nbsp;&nbsp;HAL_TIMEx_OnePulseN_Start_IT
<LI><a href="#[1d1]">&gt;&gt;</a>&nbsp;&nbsp;&nbsp;HAL_TIMEx_OnePulseN_Stop
<LI><a href="#[1d0]">&gt;&gt;</a>&nbsp;&nbsp;&nbsp;HAL_TIMEx_OnePulseN_Start
<LI><a href="#[1cf]">&gt;&gt;</a>&nbsp;&nbsp;&nbsp;HAL_TIMEx_PWMN_Stop_DMA
<LI><a href="#[1ce]">&gt;&gt;</a>&nbsp;&nbsp;&nbsp;HAL_TIMEx_PWMN_Start_DMA
<LI><a href="#[1cd]">&gt;&gt;</a>&nbsp;&nbsp;&nbsp;HAL_TIMEx_PWMN_Stop_IT
<LI><a href="#[1cc]">&gt;&gt;</a>&nbsp;&nbsp;&nbsp;HAL_TIMEx_PWMN_Start_IT
<LI><a href="#[1cb]">&gt;&gt;</a>&nbsp;&nbsp;&nbsp;HAL_TIMEx_PWMN_Stop
<LI><a href="#[1ca]">&gt;&gt;</a>&nbsp;&nbsp;&nbsp;HAL_TIMEx_PWMN_Start
<LI><a href="#[1c9]">&gt;&gt;</a>&nbsp;&nbsp;&nbsp;HAL_TIMEx_OCN_Stop_DMA
<LI><a href="#[1c8]">&gt;&gt;</a>&nbsp;&nbsp;&nbsp;HAL_TIMEx_OCN_Start_DMA
<LI><a href="#[1c7]">&gt;&gt;</a>&nbsp;&nbsp;&nbsp;HAL_TIMEx_OCN_Stop_IT
<LI><a href="#[1c6]">&gt;&gt;</a>&nbsp;&nbsp;&nbsp;HAL_TIMEx_OCN_Start_IT
<LI><a href="#[1c5]">&gt;&gt;</a>&nbsp;&nbsp;&nbsp;HAL_TIMEx_OCN_Stop
<LI><a href="#[1c3]">&gt;&gt;</a>&nbsp;&nbsp;&nbsp;HAL_TIMEx_OCN_Start
</UL>

<P><STRONG><a name="[b2]"></a>TIM_DMADelayPulseNCplt</STRONG> (Thumb, 142 bytes, Stack size 16 bytes, stm32h7xx_hal_tim_ex.o(.text))
<BR><BR>[Stack]<UL><LI>Max Depth = 20<LI>Call Chain = TIM_DMADelayPulseNCplt &rArr; HAL_TIM_PWM_PulseFinishedCallback
</UL>
<BR>[Calls]<UL><LI><a href="#[16e]">&gt;&gt;</a>&nbsp;&nbsp;&nbsp;HAL_TIM_PWM_PulseFinishedCallback
</UL>
<BR>[Address Reference Count : 1]<UL><LI> stm32h7xx_hal_tim_ex.o(.text)
</UL>
<P><STRONG><a name="[b3]"></a>TIM_DMAErrorCCxN</STRONG> (Thumb, 110 bytes, Stack size 16 bytes, stm32h7xx_hal_tim_ex.o(.text))
<BR><BR>[Stack]<UL><LI>Max Depth = 20<LI>Call Chain = TIM_DMAErrorCCxN &rArr; HAL_TIM_ErrorCallback
</UL>
<BR>[Calls]<UL><LI><a href="#[162]">&gt;&gt;</a>&nbsp;&nbsp;&nbsp;HAL_TIM_ErrorCallback
</UL>
<BR>[Address Reference Count : 1]<UL><LI> stm32h7xx_hal_tim_ex.o(.text)
</UL><P>
<H3>
Undefined Global Symbols
</H3><HR></body></html>
